2026-08-09 20:58:32.536+09:00 [INFO ] [kaspa-pq-validator] staking 2000000000 sompi as validator_id=d444449c0afb4276e36af7c32deba158d784a49910663eb6e87601bbde34ada664eaa082323d9d992e3405216b3496508e75d856bc56793b04d636421bdb43dd (funding misakadev:qfaxuqpshzs20n935k779mut9m85tlxk9xh0neetkjhlesy0w50lr5fwcsjgfpr7t5v2he2qjvau0y0pnvcq3tvyakvst6rh8epfs6aq8g42fwwy)
[kaspa-pq-validator] error: not enough MATURE funding at misakadev:qfaxuqpshzs20n935k779mut9m85tlxk9xh0neetkjhlesy0w50lr5fwcsjgfpr7t5v2he2qjvau0y0pnvcq3tvyakvst6rh8epfs6aq8g42fwwy: have 0 sompi across 0 selected UTXO(s) (0 mature scanned, cap 20), need 2000272650 sompi (amount 2000000000 + fee 272650). Mine more to this address and wait for coinbase maturity (1000 blocks), or lower --amount.
2026-08-09 20:59:58.481+09:00 [INFO ] [kaspa-pq-validator] staking 2000000000 sompi as validator_id=d444449c0afb4276e36af7c32deba158d784a49910663eb6e87601bbde34ada664eaa082323d9d992e3405216b3496508e75d856bc56793b04d636421bdb43dd (funding misakadev:qfaxuqpshzs20n935k779mut9m85tlxk9xh0neetkjhlesy0w50lr5fwcsjgfpr7t5v2he2qjvau0y0pnvcq3tvyakvst6rh8epfs6aq8g42fwwy)
[kaspa-pq-validator] error: not enough MATURE funding at misakadev:qfaxuqpshzs20n935k779mut9m85tlxk9xh0neetkjhlesy0w50lr5fwcsjgfpr7t5v2he2qjvau0y0pnvcq3tvyakvst6rh8epfs6aq8g42fwwy: have 0 sompi across 0 selected UTXO(s) (0 mature scanned, cap 20), need 2000272650 sompi (amount 2000000000 + fee 272650). Mine more to this address and wait for coinbase maturity (1000 blocks), or lower --amount.
2026-08-09 21:01:37.969+09:00 [INFO ] [kaspa-pq-validator] staking 2000000000 sompi as validator_id=d444449c0afb4276e36af7c32deba158d784a49910663eb6e87601bbde34ada664eaa082323d9d992e3405216b3496508e75d856bc56793b04d636421bdb43dd (funding misakadev:qfaxuqpshzs20n935k779mut9m85tlxk9xh0neetkjhlesy0w50lr5fwcsjgfpr7t5v2he2qjvau0y0pnvcq3tvyakvst6rh8epfs6aq8g42fwwy)
[kaspa-pq-validator] error: not enough MATURE funding at misakadev:qfaxuqpshzs20n935k779mut9m85tlxk9xh0neetkjhlesy0w50lr5fwcsjgfpr7t5v2he2qjvau0y0pnvcq3tvyakvst6rh8epfs6aq8g42fwwy: have 0 sompi across 0 selected UTXO(s) (0 mature scanned, cap 20), need 2000272650 sompi (amount 2000000000 + fee 272650). Mine more to this address and wait for coinbase maturity (1000 blocks), or lower --amount.
2026-08-09 21:03:06.616+09:00 [INFO ] [kaspa-pq-validator] staking 2000000000 sompi as validator_id=d444449c0afb4276e36af7c32deba158d784a49910663eb6e87601bbde34ada664eaa082323d9d992e3405216b3496508e75d856bc56793b04d636421bdb43dd (funding misakadev:qfaxuqpshzs20n935k779mut9m85tlxk9xh0neetkjhlesy0w50lr5fwcsjgfpr7t5v2he2qjvau0y0pnvcq3tvyakvst6rh8epfs6aq8g42fwwy)
[kaspa-pq-validator] error: not enough MATURE funding at misakadev:qfaxuqpshzs20n935k779mut9m85tlxk9xh0neetkjhlesy0w50lr5fwcsjgfpr7t5v2he2qjvau0y0pnvcq3tvyakvst6rh8epfs6aq8g42fwwy: have 0 sompi across 0 selected UTXO(s) (0 mature scanned, cap 20), need 2000272650 sompi (amount 2000000000 + fee 272650). Mine more to this address and wait for coinbase maturity (1000 blocks), or lower --amount.
2026-08-09 21:04:32.769+09:00 [INFO ] [kaspa-pq-validator] staking 2000000000 sompi as validator_id=d444449c0afb4276e36af7c32deba158d784a49910663eb6e87601bbde34ada664eaa082323d9d992e3405216b3496508e75d856bc56793b04d636421bdb43dd (funding misakadev:qfaxuqpshzs20n935k779mut9m85tlxk9xh0neetkjhlesy0w50lr5fwcsjgfpr7t5v2he2qjvau0y0pnvcq3tvyakvst6rh8epfs6aq8g42fwwy)
2026-08-09 21:04:32.778+09:00 [INFO ] [kaspa-pq-validator] funding bond from 9 mature UTXO(s) totalling 2067213375 sompi (fee 2003650 sompi, mass-based)
2026-08-09 21:04:32.780+09:00 [INFO ] [kaspa-pq-validator] submitted stake-bond tx (txid=a96ac6fe49e745708fd010a65d3b424747dc401fe625f92ca8b9d86384915c8c3c4030de593be62fb6d798d3ffc53ae3889ecbb9ccba4bc160141c3d4911f52d)
bond_outpoint: a96ac6fe49e745708fd010a65d3b424747dc401fe625f92ca8b9d86384915c8c3c4030de593be62fb6d798d3ffc53ae3889ecbb9ccba4bc160141c3d4911f52d:0
(once accepted + activation_daa_score reached, run: kaspa-pq-validator run --validator-key <key> --stake-bond a96ac6fe49e745708fd010a65d3b424747dc401fe625f92ca8b9d86384915c8c3c4030de593be62fb6d798d3ffc53ae3889ecbb9ccba4bc160141c3d4911f52d:0 --signed-epoch-db <db>)
2026-08-09 21:04:32.790+09:00 [INFO ] [kaspa-pq-validator] staking 2000000000 sompi as validator_id=efc895024da64a059563fe77bddd079e504902bdc878d344f4b114f29d123a467051b6b52ab53453a53b5448a290138c9d1049cdf7189d91fd6e6b0cd7121ad2 (funding misakadev:qgg5frdhrgzrrj7rqmpu84ju5mdmkkj62uq89degd80nwekq8z7ut3x9xgy3zaasyxmy0w95sczcns7z89wmprtkyzqdmgrqkaj5v4m7hjmsx3kl)
2026-08-09 21:04:32.801+09:00 [INFO ] [kaspa-pq-validator] funding bond from 9 mature UTXO(s) totalling 2067213375 sompi (fee 2003650 sompi, mass-based)
2026-08-09 21:04:32.803+09:00 [INFO ] [kaspa-pq-validator] submitted stake-bond tx (txid=d8c1e9aa11047d3045845cfd7b01db60ffa7ee6600a4cee2be063df78ac1cfa5fe36e128f6a4bcc9e014bb2430ab1bb626194691ed99af043a3e76299fe06e87)
bond_outpoint: d8c1e9aa11047d3045845cfd7b01db60ffa7ee6600a4cee2be063df78ac1cfa5fe36e128f6a4bcc9e014bb2430ab1bb626194691ed99af043a3e76299fe06e87:0
(once accepted + activation_daa_score reached, run: kaspa-pq-validator run --validator-key <key> --stake-bond d8c1e9aa11047d3045845cfd7b01db60ffa7ee6600a4cee2be063df78ac1cfa5fe36e128f6a4bcc9e014bb2430ab1bb626194691ed99af043a3e76299fe06e87:0 --signed-epoch-db <db>)
2026-08-09 21:04:32.812+09:00 [INFO ] [kaspa-pq-validator] staking 2000000000 sompi as validator_id=03e1f2a12936d5f299fe9c78258c3f2a0c31dba5c6522b7415b251ce8da4b4d731df7a2788ee0db5307dd2d39e5697456500cc2d7cbfeb9b239091c6a0bdc1f1 (funding misakadev:qg8cn2yh25n20utc8h83asjfnq44wrasplzh28t5necn4m5ymdezh205gqxspw5yqmdw3esfjvhwy00nyxygsvw2jluty227ry7a5ysscn5kntes)
[kaspa-pq-validator] error: not enough MATURE funding at misakadev:qg8cn2yh25n20utc8h83asjfnq44wrasplzh28t5necn4m5ymdezh205gqxspw5yqmdw3esfjvhwy00nyxygsvw2jluty227ry7a5ysscn5kntes: have 0 sompi across 0 selected UTXO(s) (0 mature scanned, cap 20), need 2000272650 sompi (amount 2000000000 + fee 272650). Mine more to this address and wait for coinbase maturity (1000 blocks), or lower --amount.
2026-08-09 21:06:10.632+09:00 [INFO ] [kaspa-pq-validator] staking 2000000000 sompi as validator_id=03e1f2a12936d5f299fe9c78258c3f2a0c31dba5c6522b7415b251ce8da4b4d731df7a2788ee0db5307dd2d39e5697456500cc2d7cbfeb9b239091c6a0bdc1f1 (funding misakadev:qg8cn2yh25n20utc8h83asjfnq44wrasplzh28t5necn4m5ymdezh205gqxspw5yqmdw3esfjvhwy00nyxygsvw2jluty227ry7a5ysscn5kntes)
2026-08-09 21:06:10.641+09:00 [INFO ] [kaspa-pq-validator] funding bond from 9 mature UTXO(s) totalling 2067213375 sompi (fee 2003650 sompi, mass-based)
2026-08-09 21:06:10.643+09:00 [INFO ] [kaspa-pq-validator] submitted stake-bond tx (txid=1c0f07f258b086518467c1ee8e6702625af4cd94599b108557468cc6bff4be080bdeb0b0a8acbef76edc4cc716568d63f021b58e167bf6058708490511676d36)
bond_outpoint: 1c0f07f258b086518467c1ee8e6702625af4cd94599b108557468cc6bff4be080bdeb0b0a8acbef76edc4cc716568d63f021b58e167bf6058708490511676d36:0
(once accepted + activation_daa_score reached, run: kaspa-pq-validator run --validator-key <key> --stake-bond 1c0f07f258b086518467c1ee8e6702625af4cd94599b108557468cc6bff4be080bdeb0b0a8acbef76edc4cc716568d63f021b58e167bf6058708490511676d36:0 --signed-epoch-db <db>)
2026-08-09 21:06:10.651+09:00 [INFO ] [kaspa-pq-validator] staking 2000000000 sompi as validator_id=5efd716ac794897ab148eef63ad5c50a5b662b4328760d6dec9e8077553c70048a80da47f6840970d89ac6060d5f604782fa8fa529429c9dce260bd6b7e86b4c (funding misakadev:qgfujsaqay3t82fclwg93vyh3hp5kznmsk6lhmk5vjzruly2mj8usnv7nj7ysz8p8a20ke2hcqqx26lf33mn5ygttgt9jmfk63h462xwjtswnxfm)
2026-08-09 21:06:10.661+09:00 [INFO ] [kaspa-pq-validator] funding bond from 9 mature UTXO(s) totalling 2067213375 sompi (fee 2003650 sompi, mass-based)
2026-08-09 21:06:10.663+09:00 [INFO ] [kaspa-pq-validator] submitted stake-bond tx (txid=87d00c500e1e2a6733e7e1d271b7452c90f66e1ba567fee8548828621c8cb94e142613ad95e61e3fe9069f20ba790604dfca4ddbacd3f693098e711a9a8292da)
bond_outpoint: 87d00c500e1e2a6733e7e1d271b7452c90f66e1ba567fee8548828621c8cb94e142613ad95e61e3fe9069f20ba790604dfca4ddbacd3f693098e711a9a8292da:0
(once accepted + activation_daa_score reached, run: kaspa-pq-validator run --validator-key <key> --stake-bond 87d00c500e1e2a6733e7e1d271b7452c90f66e1ba567fee8548828621c8cb94e142613ad95e61e3fe9069f20ba790604dfca4ddbacd3f693098e711a9a8292da:0 --signed-epoch-db <db>)
2026-08-09 21:06:10.671+09:00 [INFO ] [kaspa-pq-validator] staking 2000000000 sompi as validator_id=697311d4c6baec6bc376e1b07f3bb38c421b60038f6cd26c42d2dbc47bd18d4ab271af0065d920c49d0ae40b2c7ddf988fd37ac6d780e82b0e486f509b0323b8 (funding misakadev:qfr0e7gsl2mrxsvr5r8nrq60fn3eufxs46u3r6qaufcp45xfmv42hygmljcc33yt2mespxrrcscvkx3e600erk4tvudsq674tvzzykqf9ss06hgm)
2026-08-09 21:06:10.680+09:00 [INFO ] [kaspa-pq-validator] funding bond from 9 mature UTXO(s) totalling 2067213375 sompi (fee 2003650 sompi, mass-based)
2026-08-09 21:06:10.683+09:00 [INFO ] [kaspa-pq-validator] submitted stake-bond tx (txid=750624e18da3ed08800710aa642daa3b25aafdbf70f103724388aa911d01c121c7eab086bbb42efc25f2278297f696a3455fe60e8633d858540acb6d5cb2beed)
bond_outpoint: 750624e18da3ed08800710aa642daa3b25aafdbf70f103724388aa911d01c121c7eab086bbb42efc25f2278297f696a3455fe60e8633d858540acb6d5cb2beed:0
(once accepted + activation_daa_score reached, run: kaspa-pq-validator run --validator-key <key> --stake-bond 750624e18da3ed08800710aa642daa3b25aafdbf70f103724388aa911d01c121c7eab086bbb42efc25f2278297f696a3455fe60e8633d858540acb6d5cb2beed:0 --signed-epoch-db <db>)
