
  misaminer v1.0.0  —  MISAKA (kaspa-pq) Layer-0 CPU miner
  ---------------------------------------------------------
  pool/node : 127.0.0.1:17110
  network   : devnet
  worker    : rig0
  threads   : 2

2026-08-09 20:56:54.990+09:00 [WARN ] --allow-burn: mining to an UNSPENDABLE placeholder (rewards are lost) — PoW smoke test only.
2026-08-09 20:56:54.995+09:00 [INFO ] [rig0] connected to 127.0.0.1:17110; mining network_id=devnet to misakadev:qgqqqqqqqqqqqqqqqqqqqqqqqqqqqqqqqqqqqqqqqqqqqqqqqqqqqqqqqqqqqqqqqqqqqqqqqqqqqqqqqqqqqqqqqqqqqqqqqqqqqqqqets69efd
2026-08-09 20:56:54.995+09:00 [INFO ] throttling block production to >= 1000 ms between blocks
2026-08-09 20:56:55.219+09:00 [INFO ] [rig0] mined block #1 (nonce=9223372036854901901, daa_score=0)
2026-08-09 20:56:56.752+09:00 [INFO ] [rig0] mined block #2 (nonce=293153, daa_score=1)
2026-08-09 20:56:57.770+09:00 [INFO ] [rig0] mined block #3 (nonce=8313, daa_score=2)
2026-08-09 20:56:59.710+09:00 [INFO ] [rig0] mined block #4 (nonce=9223372036855302930, daa_score=3)
2026-08-09 20:57:00.941+09:00 [INFO ] [rig0] mined block #5 (nonce=9223372036854907469, daa_score=4)
2026-08-09 20:57:02.059+09:00 [INFO ] [rig0] mined block #6 (nonce=9223372036854842618, daa_score=5)
2026-08-09 20:57:03.688+09:00 [INFO ] [rig0] mined block #7 (nonce=359108, daa_score=6)
2026-08-09 20:57:05.202+09:00 [INFO ] [rig0] mined block #8 (nonce=284759, daa_score=7)
2026-08-09 20:57:06.296+09:00 [INFO ] [rig0] mined block #9 (nonce=36779, daa_score=8)
2026-08-09 20:57:07.697+09:00 [INFO ] [rig0] mined block #10 (nonce=216272, daa_score=9)
2026-08-09 20:57:09.894+09:00 [INFO ] [rig0] mined block #11 (nonce=9223372036855459091, daa_score=10)
2026-08-09 20:57:10.914+09:00 [INFO ] [rig0] mined block #12 (nonce=9223372036854785262, daa_score=17)
2026-08-09 20:57:12.598+09:00 [INFO ] [rig0] mined block #13 (nonce=9223372036855162901, daa_score=24)
2026-08-09 20:57:13.865+09:00 [INFO ] [rig0] mined block #14 (nonce=149256, daa_score=29)
2026-08-09 20:57:14.885+09:00 [INFO ] [rig0] mined block #15 (nonce=9223372036854784829, daa_score=30)
2026-08-09 20:57:16.732+09:00 [INFO ] [rig0] mined block #16 (nonce=9223372036855259029, daa_score=32)
2026-08-09 20:57:18.199+09:00 [INFO ] [rig0] mined block #17 (nonce=263914, daa_score=38)
2026-08-09 20:57:19.234+09:00 [INFO ] [rig0] mined block #18 (nonce=9223372036854793185, daa_score=43)
2026-08-09 20:57:21.953+09:00 [INFO ] [rig0] mined block #19 (nonce=980377, daa_score=47)
2026-08-09 20:57:22.998+09:00 [INFO ] [rig0] mined block #20 (nonce=23915, daa_score=51)
2026-08-09 20:57:24.132+09:00 [INFO ] [rig0] mined block #21 (nonce=74201, daa_score=54)
2026-08-09 20:57:25.414+09:00 [INFO ] [rig0] mined block #22 (nonce=160853, daa_score=57)
2026-08-09 20:57:26.625+09:00 [INFO ] [rig0] mined block #23 (nonce=118922, daa_score=63)
2026-08-09 20:57:27.637+09:00 [INFO ] [rig0] mined block #24 (nonce=9223372036854780841, daa_score=70)
2026-08-09 20:57:28.832+09:00 [INFO ] [rig0] mined block #25 (nonce=9223372036854885588, daa_score=73)
2026-08-09 20:57:29.979+09:00 [INFO ] [rig0] mined block #26 (nonce=9223372036854858024, daa_score=80)
2026-08-09 20:57:31.388+09:00 [INFO ] [rig0] mined block #27 (nonce=9223372036855009224, daa_score=84)
2026-08-09 20:57:32.489+09:00 [INFO ] [rig0] mined block #28 (nonce=55260, daa_score=87)
2026-08-09 20:57:34.458+09:00 [INFO ] [rig0] mined block #29 (nonce=559959, daa_score=90)
2026-08-09 20:57:36.220+09:00 [INFO ] [rig0] mined block #30 (nonce=9223372036855213537, daa_score=93)
2026-08-09 20:57:37.564+09:00 [INFO ] [rig0] mined block #31 (nonce=196376, daa_score=102)
2026-08-09 20:57:40.226+09:00 [INFO ] [rig0] mined block #32 (nonce=9223372036855737923, daa_score=105)
2026-08-09 20:57:42.557+09:00 [INFO ] [rig0] mined block #33 (nonce=9223372036855544279, daa_score=107)
2026-08-09 20:57:43.915+09:00 [INFO ] [rig0] mined block #34 (nonce=204392, daa_score=109)
2026-08-09 20:57:45.209+09:00 [INFO ] [rig0] mined block #35 (nonce=168123, daa_score=113)
2026-08-09 20:57:46.531+09:00 [INFO ] [rig0] mined block #36 (nonce=183796, daa_score=114)
2026-08-09 20:57:48.004+09:00 [INFO ] [rig0] mined block #37 (nonce=9223372036855047548, daa_score=120)
2026-08-09 20:57:49.044+09:00 [INFO ] [rig0] mined block #38 (nonce=9223372036854796958, daa_score=126)
2026-08-09 20:57:50.464+09:00 [INFO ] [rig0] mined block #39 (nonce=9223372036855013272, daa_score=128)
2026-08-09 20:57:52.281+09:00 [INFO ] [rig0] mined block #40 (nonce=437928, daa_score=129)
2026-08-09 20:57:53.467+09:00 [INFO ] [rig0] mined block #41 (nonce=106218, daa_score=134)
2026-08-09 20:57:54.687+09:00 [INFO ] [rig0] mined block #42 (nonce=124168, daa_score=139)
2026-08-09 20:57:55.780+09:00 [INFO ] [rig0] mined block #43 (nonce=51447, daa_score=145)
2026-08-09 20:57:56.803+09:00 [INFO ] [rig0] mined block #44 (nonce=9223372036854786524, daa_score=150)
2026-08-09 20:57:58.372+09:00 [INFO ] [rig0] mined block #45 (nonce=324055, daa_score=152)
2026-08-09 20:57:59.423+09:00 [INFO ] [rig0] mined block #46 (nonce=27151, daa_score=155)
2026-08-09 20:58:01.217+09:00 [INFO ] [rig0] mined block #47 (nonce=448704, daa_score=160)
2026-08-09 20:58:02.555+09:00 [INFO ] [rig0] mined block #48 (nonce=192490, daa_score=166)
2026-08-09 20:58:03.786+09:00 [INFO ] [rig0] mined block #49 (nonce=131594, daa_score=168)
2026-08-09 20:58:05.013+09:00 [INFO ] [rig0] mined block #50 (nonce=9223372036854904998, daa_score=175)
2026-08-09 20:58:06.083+09:00 [INFO ] [rig0] mined block #51 (nonce=9223372036854813657, daa_score=181)
2026-08-09 20:58:07.514+09:00 [INFO ] [rig0] mined block #52 (nonce=243954, daa_score=187)
2026-08-09 20:58:08.792+09:00 [INFO ] [rig0] mined block #53 (nonce=9223372036854933987, daa_score=190)
2026-08-09 20:58:11.338+09:00 [INFO ] [rig0] mined block #54 (nonce=9223372036855660331, daa_score=192)
2026-08-09 20:58:12.850+09:00 [INFO ] [rig0] mined block #55 (nonce=291084, daa_score=200)
2026-08-09 20:58:14.263+09:00 [INFO ] [rig0] mined block #56 (nonce=235036, daa_score=204)
2026-08-09 20:58:15.903+09:00 [INFO ] [rig0] mined block #57 (nonce=365441, daa_score=207)
2026-08-09 20:58:17.077+09:00 [INFO ] [rig0] mined block #58 (nonce=97914, daa_score=213)
2026-08-09 20:58:18.234+09:00 [INFO ] [rig0] mined block #59 (nonce=86164, daa_score=216)
2026-08-09 20:58:19.573+09:00 [INFO ] [rig0] mined block #60 (nonce=192651, daa_score=220)
2026-08-09 20:58:21.176+09:00 [INFO ] [rig0] mined block #61 (nonce=9223372036855115190, daa_score=223)
2026-08-09 20:58:22.535+09:00 [INFO ] [rig0] mined block #62 (nonce=202867, daa_score=230)
2026-08-09 20:58:24.161+09:00 [INFO ] [rig0] mined block #63 (nonce=355137, daa_score=236)
2026-08-09 20:58:25.232+09:00 [INFO ] [rig0] mined block #64 (nonce=37965, daa_score=241)
2026-08-09 20:58:26.624+09:00 [INFO ] [rig0] mined block #65 (nonce=9223372036854968733, daa_score=246)
2026-08-09 20:58:28.940+09:00 [INFO ] [rig0] mined block #66 (nonce=9223372036855527412, daa_score=254)
2026-08-09 20:58:30.084+09:00 [INFO ] [rig0] mined block #67 (nonce=9223372036854856874, daa_score=261)
2026-08-09 20:58:31.511+09:00 [INFO ] [rig0] mined block #68 (nonce=9223372036855020860, daa_score=265)
2026-08-09 20:58:33.310+09:00 [INFO ] [rig0] mined block #69 (nonce=460518, daa_score=268)
2026-08-09 20:58:35.545+09:00 [INFO ] [rig0] mined block #70 (nonce=9223372036855488051, daa_score=271)
2026-08-09 20:58:36.930+09:00 [INFO ] [rig0] mined block #71 (nonce=217657, daa_score=274)
2026-08-09 20:58:38.375+09:00 [INFO ] [rig0] mined block #72 (nonce=254223, daa_score=276)
2026-08-09 20:58:39.543+09:00 [INFO ] [rig0] mined block #73 (nonce=94362, daa_score=279)
2026-08-09 20:58:41.367+09:00 [INFO ] [rig0] mined block #74 (nonce=472798, daa_score=283)
2026-08-09 20:58:43.466+09:00 [INFO ] [rig0] mined block #75 (nonce=627692, daa_score=286)
2026-08-09 20:58:45.570+09:00 [INFO ] [rig0] mined block #76 (nonce=636526, daa_score=293)
2026-08-09 20:58:46.832+09:00 [INFO ] [rig0] mined block #77 (nonce=9223372036854925466, daa_score=298)
2026-08-09 20:58:48.892+09:00 [INFO ] [rig0] mined block #78 (nonce=9223372036855387482, daa_score=300)
2026-08-09 20:58:49.955+09:00 [INFO ] [rig0] mined block #79 (nonce=31442, daa_score=304)
2026-08-09 20:58:51.067+09:00 [INFO ] [rig0] mined block #80 (nonce=60880, daa_score=307)
2026-08-09 20:58:53.078+09:00 [INFO ] [rig0] mined block #81 (nonce=9223372036855351282, daa_score=308)
2026-08-09 20:58:55.095+09:00 [INFO ] [rig0] mined block #82 (nonce=579432, daa_score=313)
2026-08-09 20:58:56.265+09:00 [INFO ] [rig0] mined block #83 (nonce=94900, daa_score=317)
2026-08-09 20:58:57.767+09:00 [INFO ] [rig0] mined block #84 (nonce=287699, daa_score=321)
2026-08-09 20:58:59.425+09:00 [INFO ] [rig0] mined block #85 (nonce=9223372036855152818, daa_score=324)
2026-08-09 20:59:00.853+09:00 [INFO ] [rig0] mined block #86 (nonce=244696, daa_score=327)
2026-08-09 20:59:02.097+09:00 [INFO ] [rig0] mined block #87 (nonce=9223372036854914374, daa_score=333)
2026-08-09 20:59:03.497+09:00 [INFO ] [rig0] mined block #88 (nonce=9223372036855006288, daa_score=336)
2026-08-09 20:59:04.974+09:00 [INFO ] [rig0] mined block #89 (nonce=9223372036855042676, daa_score=340)
2026-08-09 20:59:07.985+09:00 [INFO ] [rig0] mined block #90 (nonce=1142193, daa_score=343)
2026-08-09 20:59:09.139+09:00 [INFO ] [rig0] mined block #91 (nonce=85217, daa_score=344)
2026-08-09 20:59:11.082+09:00 [INFO ] [rig0] mined block #92 (nonce=9223372036855187722, daa_score=349)
2026-08-09 20:59:12.917+09:00 [INFO ] [rig0] mined block #93 (nonce=426143, daa_score=354)
2026-08-09 20:59:14.161+09:00 [INFO ] [rig0] mined block #94 (nonce=135691, daa_score=359)
2026-08-09 20:59:15.806+09:00 [INFO ] [rig0] mined block #95 (nonce=357004, daa_score=361)
2026-08-09 20:59:17.924+09:00 [INFO ] [rig0] mined block #96 (nonce=9223372036855364593, daa_score=364)
2026-08-09 20:59:19.104+09:00 [INFO ] [rig0] mined block #97 (nonce=9223372036854877130, daa_score=367)
2026-08-09 20:59:20.347+09:00 [INFO ] [rig0] mined block #98 (nonce=138551, daa_score=374)
2026-08-09 20:59:21.852+09:00 [INFO ] [rig0] mined block #99 (nonce=9223372036855064370, daa_score=380)
2026-08-09 20:59:23.523+09:00 [INFO ] [rig0] mined block #100 (nonce=9223372036855159994, daa_score=387)
2026-08-09 20:59:24.660+09:00 [INFO ] [rig0] mined block #101 (nonce=76948, daa_score=392)
2026-08-09 20:59:26.745+09:00 [INFO ] [rig0] mined block #102 (nonce=9223372036855398764, daa_score=394)
2026-08-09 20:59:28.063+09:00 [INFO ] [rig0] mined block #103 (nonce=9223372036854955439, daa_score=401)
2026-08-09 20:59:29.631+09:00 [INFO ] [rig0] mined block #104 (nonce=324034, daa_score=407)
2026-08-09 20:59:31.547+09:00 [INFO ] [rig0] mined block #105 (nonce=522785, daa_score=415)
2026-08-09 20:59:32.944+09:00 [INFO ] [rig0] mined block #106 (nonce=9223372036855002145, daa_score=419)
2026-08-09 20:59:35.275+09:00 [INFO ] [rig0] mined block #107 (nonce=767722, daa_score=426)
2026-08-09 20:59:37.141+09:00 [INFO ] [rig0] mined block #108 (nonce=485660, daa_score=428)
2026-08-09 20:59:40.035+09:00 [INFO ] [rig0] mined block #109 (nonce=1097146, daa_score=432)
2026-08-09 20:59:41.837+09:00 [INFO ] [rig0] mined block #110 (nonce=464569, daa_score=437)
2026-08-09 20:59:43.677+09:00 [INFO ] [rig0] mined block #111 (nonce=481963, daa_score=441)
2026-08-09 20:59:45.105+09:00 [INFO ] [rig0] mined block #112 (nonce=241194, daa_score=447)
2026-08-09 20:59:46.704+09:00 [INFO ] [rig0] mined block #113 (nonce=9223372036855119591, daa_score=449)
2026-08-09 20:59:47.771+09:00 [INFO ] [rig0] mined block #114 (nonce=9223372036854810764, daa_score=450)
2026-08-09 20:59:49.599+09:00 [INFO ] [rig0] mined block #115 (nonce=463425, daa_score=453)
2026-08-09 20:59:50.869+09:00 [INFO ] [rig0] mined block #116 (nonce=155122, daa_score=460)
2026-08-09 20:59:52.575+09:00 [INFO ] [rig0] mined block #117 (nonce=9223372036855160579, daa_score=463)
2026-08-09 20:59:53.918+09:00 [INFO ] [rig0] mined block #118 (nonce=190414, daa_score=468)
2026-08-09 20:59:56.619+09:00 [INFO ] [rig0] mined block #119 (nonce=9223372036855750570, daa_score=472)
2026-08-09 20:59:57.994+09:00 [INFO ] [rig0] mined block #120 (nonce=212354, daa_score=475)
2026-08-09 20:59:59.831+09:00 [INFO ] [rig0] mined block #121 (nonce=477840, daa_score=478)
2026-08-09 21:00:01.256+09:00 [INFO ] [rig0] mined block #122 (nonce=239477, daa_score=479)
2026-08-09 21:00:03.985+09:00 [INFO ] [rig0] mined block #123 (nonce=943174, daa_score=482)
2026-08-09 21:00:05.616+09:00 [INFO ] [rig0] mined block #124 (nonce=9223372036855128324, daa_score=485)
2026-08-09 21:00:07.075+09:00 [INFO ] [rig0] mined block #125 (nonce=9223372036855017195, daa_score=492)
2026-08-09 21:00:08.469+09:00 [INFO ] [rig0] mined block #126 (nonce=9223372036854991019, daa_score=495)
2026-08-09 21:00:09.765+09:00 [INFO ] [rig0] mined block #127 (nonce=9223372036854941751, daa_score=499)
2026-08-09 21:00:13.506+09:00 [INFO ] [rig0] mined block #128 (nonce=9223372036856348961, daa_score=502)
2026-08-09 21:00:14.976+09:00 [INFO ] [rig0] mined block #129 (nonce=261443, daa_score=506)
2026-08-09 21:00:16.260+09:00 [INFO ] [rig0] mined block #130 (nonce=159993, daa_score=509)
2026-08-09 21:00:18.909+09:00 [INFO ] [rig0] mined block #131 (nonce=937460, daa_score=515)
2026-08-09 21:00:20.566+09:00 [INFO ] [rig0] mined block #132 (nonce=9223372036855151702, daa_score=518)
2026-08-09 21:00:22.125+09:00 [INFO ] [rig0] mined block #133 (nonce=9223372036855096715, daa_score=524)
2026-08-09 21:00:25.140+09:00 [INFO ] [rig0] mined block #134 (nonce=9223372036855929333, daa_score=528)
2026-08-09 21:00:26.364+09:00 [INFO ] [rig0] mined block #135 (nonce=9223372036854902576, daa_score=532)
2026-08-09 21:00:28.008+09:00 [INFO ] [rig0] mined block #136 (nonce=9223372036855138523, daa_score=536)
2026-08-09 21:00:29.862+09:00 [INFO ] [rig0] mined block #137 (nonce=9223372036855265703, daa_score=539)
2026-08-09 21:00:31.397+09:00 [INFO ] [rig0] mined block #138 (nonce=302549, daa_score=546)
2026-08-09 21:00:33.184+09:00 [INFO ] [rig0] mined block #139 (nonce=450802, daa_score=551)
2026-08-09 21:00:34.560+09:00 [INFO ] [rig0] mined block #140 (nonce=214388, daa_score=553)
2026-08-09 21:00:36.433+09:00 [INFO ] [rig0] mined block #141 (nonce=9223372036855274496, daa_score=557)
2026-08-09 21:00:38.404+09:00 [INFO ] [rig0] mined block #142 (nonce=544236, daa_score=561)
2026-08-09 21:00:40.227+09:00 [INFO ] [rig0] mined block #143 (nonce=9223372036855247904, daa_score=563)
2026-08-09 21:00:41.251+09:00 [INFO ] [rig0] mined block #144 (nonce=8627, daa_score=564)
2026-08-09 21:00:44.609+09:00 [INFO ] [rig0] mined block #145 (nonce=9223372036856100066, daa_score=570)
2026-08-09 21:00:45.626+09:00 [INFO ] [rig0] mined block #146 (nonce=9223372036854781569, daa_score=571)
2026-08-09 21:00:47.241+09:00 [INFO ] [rig0] mined block #147 (nonce=9223372036855128775, daa_score=574)
2026-08-09 21:00:50.897+09:00 [INFO ] [rig0] mined block #148 (nonce=1528549, daa_score=577)
2026-08-09 21:00:52.229+09:00 [INFO ] [rig0] mined block #149 (nonce=189851, daa_score=580)
2026-08-09 21:00:53.798+09:00 [INFO ] [rig0] mined block #150 (nonce=9223372036855096311, daa_score=581)
2026-08-09 21:00:55.540+09:00 [INFO ] [rig0] mined block #151 (nonce=9223372036855190167, daa_score=584)
2026-08-09 21:00:58.211+09:00 [INFO ] [rig0] mined block #152 (nonce=9223372036855715514, daa_score=588)
2026-08-09 21:00:59.236+09:00 [INFO ] [rig0] mined block #153 (nonce=9223372036854788767, daa_score=592)
2026-08-09 21:01:00.291+09:00 [INFO ] [rig0] mined block #154 (nonce=9223372036854805742, daa_score=597)
2026-08-09 21:01:02.833+09:00 [INFO ] [rig0] mined block #155 (nonce=9223372036855660275, daa_score=600)
2026-08-09 21:01:04.151+09:00 [INFO ] [rig0] mined block #156 (nonce=9223372036854954687, daa_score=605)
2026-08-09 21:01:07.305+09:00 [INFO ] [rig0] mined block #157 (nonce=9223372036855992553, daa_score=608)
2026-08-09 21:01:08.885+09:00 [INFO ] [rig0] mined block #158 (nonce=289910, daa_score=612)
2026-08-09 21:01:10.822+09:00 [INFO ] [rig0] mined block #159 (nonce=9223372036855310691, daa_score=617)
2026-08-09 21:01:12.407+09:00 [INFO ] [rig0] mined block #160 (nonce=331284, daa_score=620)
2026-08-09 21:01:13.998+09:00 [INFO ] [rig0] mined block #161 (nonce=333978, daa_score=625)
2026-08-09 21:01:15.884+09:00 [INFO ] [rig0] mined block #162 (nonce=9223372036855286005, daa_score=629)
2026-08-09 21:01:18.382+09:00 [INFO ] [rig0] mined block #163 (nonce=9223372036855617769, daa_score=631)
2026-08-09 21:01:19.496+09:00 [INFO ] [rig0] mined block #164 (nonce=63230, daa_score=635)
2026-08-09 21:01:20.686+09:00 [INFO ] [rig0] mined block #165 (nonce=9223372036854880799, daa_score=636)
2026-08-09 21:01:21.745+09:00 [INFO ] [rig0] mined block #166 (nonce=30155, daa_score=640)
2026-08-09 21:01:23.426+09:00 [INFO ] [rig0] mined block #167 (nonce=391575, daa_score=645)
2026-08-09 21:01:25.608+09:00 [INFO ] [rig0] mined block #168 (nonce=671516, daa_score=648)
2026-08-09 21:01:27.435+09:00 [INFO ] [rig0] mined block #169 (nonce=471931, daa_score=652)
2026-08-09 21:01:29.149+09:00 [INFO ] [rig0] mined block #170 (nonce=407135, daa_score=656)
2026-08-09 21:01:30.357+09:00 [INFO ] [rig0] mined block #171 (nonce=9223372036854893767, daa_score=665)
2026-08-09 21:01:32.149+09:00 [INFO ] [rig0] mined block #172 (nonce=9223372036855231380, daa_score=668)
2026-08-09 21:01:33.544+09:00 [INFO ] [rig0] mined block #173 (nonce=9223372036855002950, daa_score=674)
2026-08-09 21:01:35.221+09:00 [INFO ] [rig0] mined block #174 (nonce=9223372036855164584, daa_score=678)
2026-08-09 21:01:36.630+09:00 [INFO ] [rig0] mined block #175 (nonce=9223372036855012301, daa_score=680)
2026-08-09 21:01:38.051+09:00 [INFO ] [rig0] mined block #176 (nonce=9223372036855016605, daa_score=682)
2026-08-09 21:01:39.287+09:00 [INFO ] [rig0] mined block #177 (nonce=9223372036854907817, daa_score=683)
2026-08-09 21:01:40.636+09:00 [INFO ] [rig0] mined block #178 (nonce=198704, daa_score=686)
2026-08-09 21:01:42.672+09:00 [INFO ] [rig0] mined block #179 (nonce=599116, daa_score=690)
2026-08-09 21:01:44.340+09:00 [INFO ] [rig0] mined block #180 (nonce=383810, daa_score=695)
2026-08-09 21:01:46.524+09:00 [INFO ] [rig0] mined block #181 (nonce=682218, daa_score=700)
2026-08-09 21:01:48.870+09:00 [INFO ] [rig0] mined block #182 (nonce=765689, daa_score=703)
2026-08-09 21:01:50.333+09:00 [INFO ] [rig0] mined block #183 (nonce=9223372036855042344, daa_score=712)
2026-08-09 21:01:52.138+09:00 [INFO ] [rig0] mined block #184 (nonce=9223372036855239722, daa_score=714)
2026-08-09 21:01:53.623+09:00 [INFO ] [rig0] mined block #185 (nonce=278478, daa_score=720)
2026-08-09 21:01:54.884+09:00 [INFO ] [rig0] mined block #186 (nonce=148482, daa_score=723)
2026-08-09 21:01:57.275+09:00 [INFO ] [rig0] mined block #187 (nonce=9223372036855580676, daa_score=725)
2026-08-09 21:01:58.948+09:00 [INFO ] [rig0] mined block #188 (nonce=386404, daa_score=730)
2026-08-09 21:02:00.624+09:00 [INFO ] [rig0] mined block #189 (nonce=389978, daa_score=736)
2026-08-09 21:02:02.207+09:00 [INFO ] [rig0] mined block #190 (nonce=9223372036855111763, daa_score=741)
2026-08-09 21:02:03.845+09:00 [INFO ] [rig0] mined block #191 (nonce=367361, daa_score=745)
2026-08-09 21:02:06.864+09:00 [INFO ] [rig0] mined block #192 (nonce=1166227, daa_score=749)
2026-08-09 21:02:08.017+09:00 [INFO ] [rig0] mined block #193 (nonce=9223372036854861781, daa_score=751)
2026-08-09 21:02:09.570+09:00 [INFO ] [rig0] mined block #194 (nonce=9223372036855092072, daa_score=754)
2026-08-09 21:02:11.262+09:00 [INFO ] [rig0] mined block #195 (nonce=395677, daa_score=757)
2026-08-09 21:02:13.493+09:00 [INFO ] [rig0] mined block #196 (nonce=9223372036855486976, daa_score=762)
2026-08-09 21:02:15.457+09:00 [INFO ] [rig0] mined block #197 (nonce=549700, daa_score=764)
2026-08-09 21:02:16.751+09:00 [INFO ] [rig0] mined block #198 (nonce=9223372036854941629, daa_score=769)
2026-08-09 21:02:18.074+09:00 [INFO ] [rig0] mined block #199 (nonce=182319, daa_score=772)
2026-08-09 21:02:19.737+09:00 [INFO ] [rig0] mined block #200 (nonce=378631, daa_score=775)
2026-08-09 21:02:21.605+09:00 [INFO ] [rig0] mined block #201 (nonce=494235, daa_score=780)
2026-08-09 21:02:22.642+09:00 [INFO ] [rig0] mined block #202 (nonce=14991, daa_score=782)
2026-08-09 21:02:24.189+09:00 [INFO ] [rig0] mined block #203 (nonce=9223372036855089102, daa_score=785)
2026-08-09 21:02:27.520+09:00 [INFO ] [rig0] mined block #204 (nonce=9223372036856114414, daa_score=787)
2026-08-09 21:02:29.226+09:00 [INFO ] [rig0] mined block #205 (nonce=365423, daa_score=792)
2026-08-09 21:02:30.493+09:00 [INFO ] [rig0] mined block #206 (nonce=127848, daa_score=796)
2026-08-09 21:02:31.969+09:00 [INFO ] [rig0] mined block #207 (nonce=9223372036855041656, daa_score=801)
2026-08-09 21:02:34.573+09:00 [INFO ] [rig0] mined block #208 (nonce=9223372036855695394, daa_score=806)
2026-08-09 21:02:36.124+09:00 [INFO ] [rig0] mined block #209 (nonce=9223372036855089536, daa_score=814)
2026-08-09 21:02:37.772+09:00 [INFO ] [rig0] mined block #210 (nonce=372951, daa_score=818)
2026-08-09 21:02:39.372+09:00 [INFO ] [rig0] mined block #211 (nonce=9223372036855117975, daa_score=826)
2026-08-09 21:02:40.665+09:00 [INFO ] [rig0] mined block #212 (nonce=9223372036854941953, daa_score=829)
2026-08-09 21:02:43.780+09:00 [INFO ] [rig0] mined block #213 (nonce=9223372036855971360, daa_score=831)
2026-08-09 21:02:45.302+09:00 [INFO ] [rig0] mined block #214 (nonce=294464, daa_score=836)
2026-08-09 21:02:47.510+09:00 [INFO ] [rig0] mined block #215 (nonce=688623, daa_score=842)
2026-08-09 21:02:49.512+09:00 [INFO ] [rig0] mined block #216 (nonce=9223372036855345287, daa_score=844)
2026-08-09 21:02:50.674+09:00 [INFO ] [rig0] mined block #217 (nonce=91408, daa_score=849)
2026-08-09 21:02:52.749+09:00 [INFO ] [rig0] mined block #218 (nonce=616159, daa_score=851)
2026-08-09 21:02:54.441+09:00 [INFO ] [rig0] mined block #219 (nonce=9223372036855171763, daa_score=857)
2026-08-09 21:02:55.683+09:00 [INFO ] [rig0] mined block #220 (nonce=9223372036854911929, daa_score=863)
2026-08-09 21:02:57.428+09:00 [INFO ] [rig0] mined block #221 (nonce=425242, daa_score=866)
2026-08-09 21:03:00.899+09:00 [INFO ] [rig0] mined block #222 (nonce=9223372036856150526, daa_score=869)
2026-08-09 21:03:02.413+09:00 [INFO ] [rig0] mined block #223 (nonce=9223372036855069375, daa_score=875)
2026-08-09 21:03:03.768+09:00 [INFO ] [rig0] mined block #224 (nonce=9223372036854950415, daa_score=879)
2026-08-09 21:03:05.693+09:00 [INFO ] [rig0] mined block #225 (nonce=519596, daa_score=882)
2026-08-09 21:03:06.900+09:00 [INFO ] [rig0] mined block #226 (nonce=9223372036854893102, daa_score=887)
2026-08-09 21:03:08.100+09:00 [INFO ] [rig0] mined block #227 (nonce=112247, daa_score=890)
2026-08-09 21:03:10.537+09:00 [INFO ] [rig0] mined block #228 (nonce=9223372036855581213, daa_score=895)
2026-08-09 21:03:11.808+09:00 [INFO ] [rig0] mined block #229 (nonce=9223372036854924794, daa_score=896)
2026-08-09 21:03:13.849+09:00 [INFO ] [rig0] mined block #230 (nonce=594310, daa_score=898)
2026-08-09 21:03:15.160+09:00 [INFO ] [rig0] mined block #231 (nonce=177920, daa_score=905)
2026-08-09 21:03:16.365+09:00 [INFO ] [rig0] mined block #232 (nonce=9223372036854887734, daa_score=909)
2026-08-09 21:03:18.796+09:00 [INFO ] [rig0] mined block #233 (nonce=9223372036855553775, daa_score=911)
2026-08-09 21:03:20.223+09:00 [INFO ] [rig0] mined block #234 (nonce=9223372036855017057, daa_score=915)
2026-08-09 21:03:22.514+09:00 [INFO ] [rig0] mined block #235 (nonce=9223372036855509481, daa_score=917)
2026-08-09 21:03:24.621+09:00 [INFO ] [rig0] mined block #236 (nonce=9223372036855414159, daa_score=923)
2026-08-09 21:03:26.203+09:00 [INFO ] [rig0] mined block #237 (nonce=9223372036855110847, daa_score=928)
2026-08-09 21:03:27.858+09:00 [INFO ] [rig0] mined block #238 (nonce=377925, daa_score=933)
2026-08-09 21:03:29.919+09:00 [INFO ] [rig0] mined block #239 (nonce=9223372036855387850, daa_score=935)
2026-08-09 21:03:33.027+09:00 [INFO ] [rig0] mined block #240 (nonce=9223372036855969736, daa_score=938)
2026-08-09 21:03:34.333+09:00 [INFO ] [rig0] mined block #241 (nonce=9223372036854951690, daa_score=943)
2026-08-09 21:03:36.262+09:00 [INFO ] [rig0] mined block #242 (nonce=9223372036855313429, daa_score=949)
2026-08-09 21:03:37.461+09:00 [INFO ] [rig0] mined block #243 (nonce=113327, daa_score=953)
2026-08-09 21:03:38.846+09:00 [INFO ] [rig0] mined block #244 (nonce=9223372036854996507, daa_score=955)
2026-08-09 21:03:41.578+09:00 [INFO ] [rig0] mined block #245 (nonce=9223372036855765044, daa_score=957)
2026-08-09 21:03:43.142+09:00 [INFO ] [rig0] mined block #246 (nonce=321931, daa_score=960)
2026-08-09 21:03:44.787+09:00 [INFO ] [rig0] mined block #247 (nonce=346481, daa_score=963)
2026-08-09 21:03:46.163+09:00 [INFO ] [rig0] mined block #248 (nonce=9223372036854987625, daa_score=969)
2026-08-09 21:03:47.589+09:00 [INFO ] [rig0] mined block #249 (nonce=245381, daa_score=974)
2026-08-09 21:03:49.686+09:00 [INFO ] [rig0] mined block #250 (nonce=626745, daa_score=978)
2026-08-09 21:03:51.480+09:00 [INFO ] [rig0] mined block #251 (nonce=9223372036855230493, daa_score=982)
2026-08-09 21:03:52.792+09:00 [INFO ] [rig0] mined block #252 (nonce=165514, daa_score=986)
2026-08-09 21:03:54.194+09:00 [INFO ] [rig0] mined block #253 (nonce=227490, daa_score=991)
2026-08-09 21:03:55.871+09:00 [INFO ] [rig0] mined block #254 (nonce=384496, daa_score=996)
2026-08-09 21:03:57.633+09:00 [INFO ] [rig0] mined block #255 (nonce=9223372036855214591, daa_score=1000)
2026-08-09 21:03:59.745+09:00 [INFO ] [rig0] mined block #256 (nonce=629106, daa_score=1003)
2026-08-09 21:04:01.528+09:00 [INFO ] [rig0] mined block #257 (nonce=441433, daa_score=1006)
2026-08-09 21:04:03.117+09:00 [INFO ] [rig0] mined block #258 (nonce=9223372036855108906, daa_score=1015)
2026-08-09 21:04:05.008+09:00 [INFO ] [rig0] mined block #259 (nonce=9223372036855290403, daa_score=1019)
2026-08-09 21:04:06.222+09:00 [INFO ] [rig0] mined block #260 (nonce=9223372036854897197, daa_score=1022)
2026-08-09 21:04:07.875+09:00 [INFO ] [rig0] mined block #261 (nonce=9223372036855150153, daa_score=1028)
2026-08-09 21:04:09.437+09:00 [INFO ] [rig0] mined block #262 (nonce=9223372036855101132, daa_score=1031)
2026-08-09 21:04:11.502+09:00 [INFO ] [rig0] mined block #263 (nonce=9223372036855390543, daa_score=1035)
2026-08-09 21:04:12.696+09:00 [INFO ] [rig0] mined block #264 (nonce=9223372036854885723, daa_score=1040)
2026-08-09 21:04:13.854+09:00 [INFO ] [rig0] mined block #265 (nonce=9223372036854864353, daa_score=1045)
2026-08-09 21:04:15.464+09:00 [INFO ] [rig0] mined block #266 (nonce=351791, daa_score=1047)
2026-08-09 21:04:16.840+09:00 [INFO ] [rig0] mined block #267 (nonce=9223372036854982809, daa_score=1048)
2026-08-09 21:04:18.339+09:00 [INFO ] [rig0] mined block #268 (nonce=9223372036855056664, daa_score=1051)
2026-08-09 21:04:19.686+09:00 [INFO ] [rig0] mined block #269 (nonce=199652, daa_score=1058)
2026-08-09 21:04:21.311+09:00 [INFO ] [rig0] mined block #270 (nonce=9223372036855134720, daa_score=1062)
2026-08-09 21:04:22.980+09:00 [INFO ] [rig0] mined block #271 (nonce=384668, daa_score=1066)
2026-08-09 21:04:25.092+09:00 [INFO ] [rig0] mined block #272 (nonce=624746, daa_score=1070)
2026-08-09 21:04:26.512+09:00 [INFO ] [rig0] mined block #273 (nonce=238346, daa_score=1074)
2026-08-09 21:04:27.909+09:00 [INFO ] [rig0] mined block #274 (nonce=226090, daa_score=1078)
2026-08-09 21:04:29.196+09:00 [INFO ] [rig0] mined block #275 (nonce=162498, daa_score=1081)
2026-08-09 21:04:31.257+09:00 [INFO ] [rig0] mined block #276 (nonce=9223372036855377276, daa_score=1084)
2026-08-09 21:04:33.188+09:00 [INFO ] [rig0] mined block #277 (nonce=9223372036855304974, daa_score=1088)
2026-08-09 21:04:34.614+09:00 [INFO ] [rig0] mined block #278 (nonce=232409, daa_score=1090)
2026-08-09 21:04:36.377+09:00 [INFO ] [rig0] mined block #279 (nonce=9223372036855216592, daa_score=1093)
2026-08-09 21:04:37.486+09:00 [INFO ] [rig0] mined block #280 (nonce=55799, daa_score=1094)
2026-08-09 21:04:39.780+09:00 [INFO ] [rig0] mined block #281 (nonce=9223372036855523885, daa_score=1098)
2026-08-09 21:04:40.838+09:00 [INFO ] [rig0] mined block #282 (nonce=9223372036854807190, daa_score=1102)
2026-08-09 21:04:45.149+09:00 [INFO ] [rig0] mined block #283 (nonce=1899404, daa_score=1104)
2026-08-09 21:04:47.223+09:00 [INFO ] [rig0] mined block #284 (nonce=615187, daa_score=1107)
2026-08-09 21:04:48.933+09:00 [INFO ] [rig0] mined block #285 (nonce=9223372036855179943, daa_score=1108)
2026-08-09 21:04:51.404+09:00 [INFO ] [rig0] mined block #286 (nonce=9223372036855620878, daa_score=1113)
2026-08-09 21:04:52.587+09:00 [INFO ] [rig0] mined block #287 (nonce=9223372036854879670, daa_score=1122)
2026-08-09 21:04:54.282+09:00 [INFO ] [rig0] mined block #288 (nonce=9223372036855175541, daa_score=1125)
2026-08-09 21:04:55.551+09:00 [INFO ] [rig0] mined block #289 (nonce=9223372036854929529, daa_score=1132)
2026-08-09 21:04:57.106+09:00 [INFO ] [rig0] mined block #290 (nonce=9223372036855095990, daa_score=1135)
2026-08-09 21:04:58.597+09:00 [INFO ] [rig0] mined block #291 (nonce=9223372036855056229, daa_score=1138)
2026-08-09 21:05:00.183+09:00 [INFO ] [rig0] mined block #292 (nonce=9223372036855113483, daa_score=1141)
2026-08-09 21:05:01.516+09:00 [INFO ] [rig0] mined block #293 (nonce=190774, daa_score=1146)
2026-08-09 21:05:04.025+09:00 [INFO ] [rig0] mined block #294 (nonce=9223372036855650127, daa_score=1148)
2026-08-09 21:05:05.357+09:00 [INFO ] [rig0] mined block #295 (nonce=189851, daa_score=1150)
2026-08-09 21:05:06.787+09:00 [INFO ] [rig0] mined block #296 (nonce=9223372036855023030, daa_score=1154)
2026-08-09 21:05:08.612+09:00 [INFO ] [rig0] mined block #297 (nonce=476629, daa_score=1157)
2026-08-09 21:05:11.109+09:00 [INFO ] [rig0] mined block #298 (nonce=866336, daa_score=1165)
2026-08-09 21:05:12.734+09:00 [INFO ] [rig0] mined block #299 (nonce=360304, daa_score=1173)
2026-08-09 21:05:14.038+09:00 [INFO ] [rig0] mined block #300 (nonce=9223372036854950737, daa_score=1179)
2026-08-09 21:05:15.774+09:00 [INFO ] [rig0] mined block #301 (nonce=424344, daa_score=1181)
2026-08-09 21:05:17.048+09:00 [INFO ] [rig0] mined block #302 (nonce=156565, daa_score=1186)
2026-08-09 21:05:18.138+09:00 [INFO ] [rig0] mined block #303 (nonce=48539, daa_score=1191)
2026-08-09 21:05:19.760+09:00 [INFO ] [rig0] mined block #304 (nonce=357554, daa_score=1197)
2026-08-09 21:05:20.950+09:00 [INFO ] [rig0] mined block #305 (nonce=9223372036854883820, daa_score=1200)
2026-08-09 21:05:22.376+09:00 [INFO ] [rig0] mined block #306 (nonce=9223372036855016042, daa_score=1201)
2026-08-09 21:05:25.384+09:00 [INFO ] [rig0] mined block #307 (nonce=1164794, daa_score=1203)
2026-08-09 21:05:27.377+09:00 [INFO ] [rig0] mined block #308 (nonce=573603, daa_score=1207)
2026-08-09 21:05:29.671+09:00 [INFO ] [rig0] mined block #309 (nonce=9223372036855525040, daa_score=1212)
2026-08-09 21:05:31.148+09:00 [INFO ] [rig0] mined block #310 (nonce=9223372036855049250, daa_score=1214)
2026-08-09 21:05:32.574+09:00 [INFO ] [rig0] mined block #311 (nonce=9223372036855020637, daa_score=1217)
2026-08-09 21:05:33.684+09:00 [INFO ] [rig0] mined block #312 (nonce=9223372036854834915, daa_score=1222)
2026-08-09 21:05:35.034+09:00 [INFO ] [rig0] mined block #313 (nonce=9223372036854948405, daa_score=1229)
2026-08-09 21:05:36.507+09:00 [INFO ] [rig0] mined block #314 (nonce=9223372036855047461, daa_score=1233)
2026-08-09 21:05:37.981+09:00 [INFO ] [rig0] mined block #315 (nonce=272252, daa_score=1238)
2026-08-09 21:05:39.685+09:00 [INFO ] [rig0] mined block #316 (nonce=9223372036855181785, daa_score=1241)
2026-08-09 21:05:41.191+09:00 [INFO ] [rig0] mined block #317 (nonce=9223372036855065818, daa_score=1243)
2026-08-09 21:05:42.999+09:00 [INFO ] [rig0] mined block #318 (nonce=466502, daa_score=1245)
2026-08-09 21:05:44.288+09:00 [INFO ] [rig0] mined block #319 (nonce=164703, daa_score=1251)
2026-08-09 21:05:47.833+09:00 [INFO ] [rig0] mined block #320 (nonce=1449268, daa_score=1255)
2026-08-09 21:05:49.744+09:00 [INFO ] [rig0] mined block #321 (nonce=472794, daa_score=1258)
2026-08-09 21:05:52.052+09:00 [INFO ] [rig0] mined block #322 (nonce=731576, daa_score=1262)
2026-08-09 21:05:55.478+09:00 [INFO ] [rig0] mined block #323 (nonce=9223372036856161795, daa_score=1265)
2026-08-09 21:05:56.934+09:00 [INFO ] [rig0] mined block #324 (nonce=9223372036855035817, daa_score=1270)
2026-08-09 21:05:58.188+09:00 [INFO ] [rig0] mined block #325 (nonce=9223372036854914642, daa_score=1272)
2026-08-09 21:06:01.041+09:00 [INFO ] [rig0] mined block #326 (nonce=9223372036855828860, daa_score=1275)
2026-08-09 21:06:03.294+09:00 [INFO ] [rig0] mined block #327 (nonce=711093, daa_score=1278)
2026-08-09 21:06:05.258+09:00 [INFO ] [rig0] mined block #328 (nonce=550397, daa_score=1280)
2026-08-09 21:06:09.493+09:00 [INFO ] [rig0] mined block #329 (nonce=1840985, daa_score=1285)
2026-08-09 21:06:10.997+09:00 [INFO ] [rig0] mined block #330 (nonce=9223372036855063689, daa_score=1296)
2026-08-09 21:06:14.020+09:00 [INFO ] [rig0] mined block #331 (nonce=9223372036855924512, daa_score=1298)
2026-08-09 21:06:15.630+09:00 [INFO ] [rig0] mined block #332 (nonce=351889, daa_score=1305)
2026-08-09 21:06:16.855+09:00 [INFO ] [rig0] mined block #333 (nonce=9223372036854903806, daa_score=1308)
2026-08-09 21:06:19.071+09:00 [INFO ] [rig0] mined block #334 (nonce=645799, daa_score=1309)
2026-08-09 21:06:20.911+09:00 [INFO ] [rig0] mined block #335 (nonce=480060, daa_score=1315)
2026-08-09 21:06:22.304+09:00 [INFO ] [rig0] mined block #336 (nonce=219385, daa_score=1320)
2026-08-09 21:06:23.405+09:00 [INFO ] [rig0] mined block #337 (nonce=9223372036854827132, daa_score=1321)
2026-08-09 21:06:24.819+09:00 [INFO ] [rig0] mined block #338 (nonce=237265, daa_score=1324)
2026-08-09 21:06:25.822+09:00 [WARN ] get_block_template failed: Not connected to server; retrying in 1s
2026-08-09 21:06:26.824+09:00 [WARN ] get_block_template failed: Not connected to server; retrying in 1s
2026-08-09 21:06:27.826+09:00 [WARN ] get_block_template failed: Not connected to server; retrying in 1s
2026-08-09 21:06:28.828+09:00 [WARN ] get_block_template failed: Not connected to server; retrying in 1s
2026-08-09 21:06:29.830+09:00 [WARN ] get_block_template failed: Not connected to server; retrying in 1s
2026-08-09 21:06:30.832+09:00 [WARN ] get_block_template failed: Not connected to server; retrying in 1s
2026-08-09 21:06:31.834+09:00 [WARN ] get_block_template failed: Not connected to server; retrying in 1s
2026-08-09 21:06:32.836+09:00 [WARN ] get_block_template failed: Not connected to server; retrying in 1s
2026-08-09 21:06:33.839+09:00 [WARN ] get_block_template failed: Not connected to server; retrying in 1s
2026-08-09 21:06:34.841+09:00 [WARN ] get_block_template failed: Not connected to server; retrying in 1s
2026-08-09 21:06:35.843+09:00 [WARN ] get_block_template failed: Not connected to server; retrying in 1s
2026-08-09 21:06:36.845+09:00 [WARN ] get_block_template failed: Not connected to server; retrying in 1s
2026-08-09 21:06:37.848+09:00 [WARN ] get_block_template failed: Not connected to server; retrying in 1s
2026-08-09 21:06:38.850+09:00 [WARN ] get_block_template failed: Not connected to server; retrying in 1s
2026-08-09 21:06:39.853+09:00 [WARN ] get_block_template failed: Not connected to server; retrying in 1s
2026-08-09 21:06:40.854+09:00 [WARN ] get_block_template failed: Not connected to server; retrying in 1s
2026-08-09 21:06:42.119+09:00 [INFO ] [rig0] mined block #339 (nonce=132296, daa_score=1329)
2026-08-09 21:06:43.600+09:00 [INFO ] [rig0] mined block #340 (nonce=9223372036855038841, daa_score=1330)
2026-08-09 21:06:44.650+09:00 [INFO ] [rig0] mined block #341 (nonce=9223372036854793055, daa_score=1331)
2026-08-09 21:06:45.730+09:00 [INFO ] [rig0] mined block #342 (nonce=31940, daa_score=1332)
2026-08-09 21:06:47.015+09:00 [INFO ] [rig0] mined block #343 (nonce=147099, daa_score=1333)
2026-08-09 21:06:49.347+09:00 [INFO ] [rig0] mined block #344 (nonce=9223372036855524878, daa_score=1334)
2026-08-09 21:06:50.485+09:00 [INFO ] [rig0] mined block #345 (nonce=59331, daa_score=1335)
2026-08-09 21:06:51.664+09:00 [INFO ] [rig0] mined block #346 (nonce=9223372036854862345, daa_score=1336)
2026-08-09 21:06:53.173+09:00 [INFO ] [rig0] mined block #347 (nonce=277465, daa_score=1337)
2026-08-09 21:06:55.071+09:00 [INFO ] [rig0] mined block #348 (nonce=498540, daa_score=1338)
2026-08-09 21:06:57.028+09:00 [INFO ] [rig0] mined block #349 (nonce=534117, daa_score=1339)
2026-08-09 21:06:58.259+09:00 [INFO ] [rig0] mined block #350 (nonce=115851, daa_score=1340)
2026-08-09 21:06:59.906+09:00 [INFO ] [rig0] mined block #351 (nonce=9223372036855130285, daa_score=1341)
2026-08-09 21:07:00.957+09:00 [INFO ] [rig0] mined block #352 (nonce=12279, daa_score=1342)
2026-08-09 21:07:02.007+09:00 [INFO ] [rig0] mined block #353 (nonce=9223372036854788103, daa_score=1343)
2026-08-09 21:07:03.993+09:00 [INFO ] [rig0] mined block #354 (nonce=551553, daa_score=1344)
2026-08-09 21:07:05.257+09:00 [INFO ] [rig0] mined block #355 (nonce=133038, daa_score=1345)
2026-08-09 21:07:06.385+09:00 [INFO ] [rig0] mined block #356 (nonce=9223372036854830168, daa_score=1346)
2026-08-09 21:07:08.105+09:00 [INFO ] [rig0] mined block #357 (nonce=9223372036855172383, daa_score=1347)
2026-08-09 21:07:09.875+09:00 [INFO ] [rig0] mined block #358 (nonce=9223372036855207337, daa_score=1348)
2026-08-09 21:07:10.987+09:00 [INFO ] [rig0] mined block #359 (nonce=49230, daa_score=1349)
2026-08-09 21:07:12.205+09:00 [INFO ] [rig0] mined block #360 (nonce=9223372036854878870, daa_score=1350)
2026-08-09 21:07:14.074+09:00 [INFO ] [rig0] mined block #361 (nonce=9223372036855260573, daa_score=1351)
2026-08-09 21:07:15.870+09:00 [INFO ] [rig0] mined block #362 (nonce=440615, daa_score=1352)
2026-08-09 21:07:17.032+09:00 [INFO ] [rig0] mined block #363 (nonce=75832, daa_score=1353)
2026-08-09 21:07:18.431+09:00 [INFO ] [rig0] mined block #364 (nonce=213087, daa_score=1354)
2026-08-09 21:07:20.307+09:00 [INFO ] [rig0] mined block #365 (nonce=9223372036855262246, daa_score=1355)
2026-08-09 21:07:21.683+09:00 [INFO ] [rig0] mined block #366 (nonce=197743, daa_score=1356)
2026-08-09 21:07:23.173+09:00 [INFO ] [rig0] mined block #367 (nonce=9223372036855040186, daa_score=1357)
2026-08-09 21:07:24.231+09:00 [INFO ] [rig0] mined block #368 (nonce=9223372036854791564, daa_score=1358)
2026-08-09 21:07:25.410+09:00 [INFO ] [rig0] mined block #369 (nonce=81686, daa_score=1359)
2026-08-09 21:07:26.999+09:00 [INFO ] [rig0] mined block #370 (nonce=9223372036855110872, daa_score=1360)
2026-08-09 21:07:28.480+09:00 [INFO ] [rig0] mined block #371 (nonce=260390, daa_score=1361)
2026-08-09 21:07:29.652+09:00 [INFO ] [rig0] mined block #372 (nonce=90085, daa_score=1362)
2026-08-09 21:07:31.105+09:00 [INFO ] [rig0] mined block #373 (nonce=241604, daa_score=1363)
2026-08-09 21:07:32.673+09:00 [INFO ] [rig0] mined block #374 (nonce=9223372036855085335, daa_score=1364)
2026-08-09 21:07:34.239+09:00 [INFO ] [rig0] mined block #375 (nonce=305482, daa_score=1365)
2026-08-09 21:07:35.326+09:00 [INFO ] [rig0] mined block #376 (nonce=29489, daa_score=1366)
2026-08-09 21:07:37.278+09:00 [INFO ] [rig0] mined block #377 (nonce=9223372036855307154, daa_score=1367)
2026-08-09 21:07:38.483+09:00 [INFO ] [rig0] mined block #378 (nonce=9223372036854872837, daa_score=1368)
2026-08-09 21:07:39.775+09:00 [INFO ] [rig0] mined block #379 (nonce=9223372036854926219, daa_score=1369)
2026-08-09 21:07:40.994+09:00 [INFO ] [rig0] mined block #380 (nonce=9223372036854876844, daa_score=1370)
2026-08-09 21:07:42.314+09:00 [INFO ] [rig0] mined block #381 (nonce=160339, daa_score=1371)
2026-08-09 21:07:43.592+09:00 [INFO ] [rig0] mined block #382 (nonce=137933, daa_score=1372)
2026-08-09 21:07:44.851+09:00 [INFO ] [rig0] mined block #383 (nonce=129119, daa_score=1373)
2026-08-09 21:07:46.520+09:00 [INFO ] [rig0] mined block #384 (nonce=365543, daa_score=1374)
2026-08-09 21:07:49.224+09:00 [INFO ] [rig0] mined block #385 (nonce=945721, daa_score=1375)
2026-08-09 21:07:51.416+09:00 [INFO ] [rig0] mined block #386 (nonce=688970, daa_score=1376)
2026-08-09 21:07:52.986+09:00 [INFO ] [rig0] mined block #387 (nonce=314934, daa_score=1377)
2026-08-09 21:07:54.331+09:00 [INFO ] [rig0] mined block #388 (nonce=9223372036854955938, daa_score=1378)
2026-08-09 21:07:56.389+09:00 [INFO ] [rig0] mined block #389 (nonce=602611, daa_score=1379)
2026-08-09 21:07:57.603+09:00 [INFO ] [rig0] mined block #390 (nonce=108435, daa_score=1380)
2026-08-09 21:07:58.754+09:00 [INFO ] [rig0] mined block #391 (nonce=65387, daa_score=1381)
2026-08-09 21:07:59.916+09:00 [INFO ] [rig0] mined block #392 (nonce=83860, daa_score=1382)
2026-08-09 21:08:01.105+09:00 [INFO ] [rig0] mined block #393 (nonce=90647, daa_score=1383)
2026-08-09 21:08:02.207+09:00 [INFO ] [rig0] mined block #394 (nonce=9223372036854824173, daa_score=1384)
2026-08-09 21:08:03.260+09:00 [INFO ] [rig0] mined block #395 (nonce=9223372036854790454, daa_score=1385)
2026-08-09 21:08:04.449+09:00 [INFO ] [rig0] mined block #396 (nonce=82778, daa_score=1386)
2026-08-09 21:08:05.479+09:00 [INFO ] [rig0] mined block #397 (nonce=929, daa_score=1387)
2026-08-09 21:08:06.702+09:00 [INFO ] [rig0] mined block #398 (nonce=102779, daa_score=1388)
2026-08-09 21:08:07.755+09:00 [INFO ] [rig0] mined block #399 (nonce=9223372036854783859, daa_score=1389)
2026-08-09 21:08:09.153+09:00 [INFO ] [rig0] mined block #400 (nonce=9223372036854983354, daa_score=1390)
2026-08-09 21:08:11.797+09:00 [INFO ] [rig0] mined block #401 (nonce=931441, daa_score=1391)
2026-08-09 21:08:14.119+09:00 [INFO ] [rig0] mined block #402 (nonce=9223372036855513407, daa_score=1392)
2026-08-09 21:08:15.753+09:00 [INFO ] [rig0] mined block #403 (nonce=346101, daa_score=1393)
2026-08-09 21:08:17.732+09:00 [INFO ] [rig0] mined block #404 (nonce=9223372036855317486, daa_score=1394)
2026-08-09 21:08:18.974+09:00 [INFO ] [rig0] mined block #405 (nonce=9223372036854893064, daa_score=1395)
2026-08-09 21:08:20.244+09:00 [INFO ] [rig0] mined block #406 (nonce=9223372036854903597, daa_score=1396)
2026-08-09 21:08:21.711+09:00 [INFO ] [rig0] mined block #407 (nonce=259315, daa_score=1397)
2026-08-09 21:08:23.013+09:00 [INFO ] [rig0] mined block #408 (nonce=9223372036854919696, daa_score=1398)
2026-08-09 21:08:24.545+09:00 [INFO ] [rig0] mined block #409 (nonce=287642, daa_score=1399)
2026-08-09 21:08:25.603+09:00 [INFO ] [rig0] mined block #410 (nonce=10588, daa_score=1400)
2026-08-09 21:08:26.687+09:00 [INFO ] [rig0] mined block #411 (nonce=9223372036854807627, daa_score=1401)
2026-08-09 21:08:27.849+09:00 [INFO ] [rig0] mined block #412 (nonce=65934, daa_score=1402)
2026-08-09 21:08:29.038+09:00 [INFO ] [rig0] mined block #413 (nonce=9223372036854869966, daa_score=1403)
2026-08-09 21:08:30.198+09:00 [INFO ] [rig0] mined block #414 (nonce=68679, daa_score=1404)
2026-08-09 21:08:31.346+09:00 [INFO ] [rig0] mined block #415 (nonce=61841, daa_score=1405)
2026-08-09 21:08:32.463+09:00 [INFO ] [rig0] mined block #416 (nonce=44725, daa_score=1406)
2026-08-09 21:08:33.826+09:00 [INFO ] [rig0] mined block #417 (nonce=188628, daa_score=1407)
2026-08-09 21:08:34.928+09:00 [INFO ] [rig0] mined block #418 (nonce=9223372036854810456, daa_score=1408)
2026-08-09 21:08:35.960+09:00 [INFO ] [rig0] mined block #419 (nonce=9223372036854776278, daa_score=1409)
2026-08-09 21:08:37.374+09:00 [INFO ] [rig0] mined block #420 (nonce=9223372036854988709, daa_score=1410)
2026-08-09 21:08:39.335+09:00 [INFO ] [rig0] mined block #421 (nonce=9223372036855303976, daa_score=1411)
2026-08-09 21:08:40.387+09:00 [INFO ] [rig0] mined block #422 (nonce=9223372036854795269, daa_score=1412)
2026-08-09 21:08:41.857+09:00 [INFO ] [rig0] mined block #423 (nonce=9223372036855032501, daa_score=1413)
2026-08-09 21:08:43.822+09:00 [INFO ] [rig0] mined block #424 (nonce=9223372036855316534, daa_score=1414)
2026-08-09 21:08:46.768+09:00 [INFO ] [rig0] mined block #425 (nonce=9223372036855869719, daa_score=1415)
2026-08-09 21:08:48.573+09:00 [INFO ] [rig0] mined block #426 (nonce=9223372036855181861, daa_score=1416)
2026-08-09 21:08:50.054+09:00 [INFO ] [rig0] mined block #427 (nonce=262580, daa_score=1417)
2026-08-09 21:08:51.693+09:00 [INFO ] [rig0] mined block #428 (nonce=363118, daa_score=1418)
2026-08-09 21:08:52.868+09:00 [INFO ] [rig0] mined block #429 (nonce=80645, daa_score=1419)
2026-08-09 21:08:55.213+09:00 [INFO ] [rig0] mined block #430 (nonce=9223372036855542043, daa_score=1420)
2026-08-09 21:08:56.519+09:00 [INFO ] [rig0] mined block #431 (nonce=159234, daa_score=1421)
2026-08-09 21:08:58.134+09:00 [INFO ] [rig0] mined block #432 (nonce=334194, daa_score=1422)
2026-08-09 21:08:59.429+09:00 [INFO ] [rig0] mined block #433 (nonce=150991, daa_score=1423)
2026-08-09 21:09:00.697+09:00 [INFO ] [rig0] mined block #434 (nonce=134025, daa_score=1424)
2026-08-09 21:09:01.860+09:00 [INFO ] [rig0] mined block #435 (nonce=9223372036854860346, daa_score=1425)
2026-08-09 21:09:03.310+09:00 [INFO ] [rig0] mined block #436 (nonce=253038, daa_score=1426)
2026-08-09 21:09:04.568+09:00 [INFO ] [rig0] mined block #437 (nonce=139892, daa_score=1427)
2026-08-09 21:09:06.082+09:00 [INFO ] [rig0] mined block #438 (nonce=277226, daa_score=1428)
2026-08-09 21:09:07.187+09:00 [INFO ] [rig0] mined block #439 (nonce=51540, daa_score=1429)
2026-08-09 21:09:08.204+09:00 [INFO ] [rig0] mined block #440 (nonce=740, daa_score=1430)
2026-08-09 21:09:09.422+09:00 [INFO ] [rig0] mined block #441 (nonce=9223372036854878903, daa_score=1431)
2026-08-09 21:09:11.598+09:00 [INFO ] [rig0] mined block #442 (nonce=661434, daa_score=1432)
2026-08-09 21:09:12.868+09:00 [INFO ] [rig0] mined block #443 (nonce=9223372036854912405, daa_score=1433)
2026-08-09 21:09:14.365+09:00 [INFO ] [rig0] mined block #444 (nonce=269168, daa_score=1434)
2026-08-09 21:09:15.703+09:00 [INFO ] [rig0] mined block #445 (nonce=9223372036854957422, daa_score=1435)
2026-08-09 21:09:17.711+09:00 [INFO ] [rig0] mined block #446 (nonce=544424, daa_score=1436)
2026-08-09 21:09:18.791+09:00 [INFO ] [rig0] mined block #447 (nonce=24970, daa_score=1437)
2026-08-09 21:09:19.974+09:00 [INFO ] [rig0] mined block #448 (nonce=84367, daa_score=1438)
2026-08-09 21:09:21.981+09:00 [INFO ] [rig0] mined block #449 (nonce=9223372036855340042, daa_score=1439)
2026-08-09 21:09:23.091+09:00 [INFO ] [rig0] mined block #450 (nonce=9223372036854815892, daa_score=1440)
2026-08-09 21:09:24.486+09:00 [INFO ] [rig0] mined block #451 (nonce=9223372036854990591, daa_score=1441)
2026-08-09 21:09:25.635+09:00 [INFO ] [rig0] mined block #452 (nonce=9223372036854847878, daa_score=1442)
2026-08-09 21:09:26.670+09:00 [INFO ] [rig0] mined block #453 (nonce=9012, daa_score=1443)
2026-08-09 21:09:28.514+09:00 [INFO ] [rig0] mined block #454 (nonce=9223372036855241848, daa_score=1444)
2026-08-09 21:09:30.569+09:00 [INFO ] [rig0] mined block #455 (nonce=9223372036855373533, daa_score=1445)
2026-08-09 21:09:32.000+09:00 [INFO ] [rig0] mined block #456 (nonce=226131, daa_score=1446)
2026-08-09 21:09:33.194+09:00 [INFO ] [rig0] mined block #457 (nonce=9223372036854877507, daa_score=1447)
2026-08-09 21:09:34.481+09:00 [INFO ] [rig0] mined block #458 (nonce=9223372036854920987, daa_score=1448)
2026-08-09 21:09:35.824+09:00 [INFO ] [rig0] mined block #459 (nonce=9223372036854951170, daa_score=1449)
2026-08-09 21:09:37.882+09:00 [INFO ] [rig0] mined block #460 (nonce=570698, daa_score=1450)
2026-08-09 21:09:39.960+09:00 [INFO ] [rig0] mined block #461 (nonce=597417, daa_score=1451)
2026-08-09 21:09:41.611+09:00 [INFO ] [rig0] mined block #462 (nonce=362895, daa_score=1452)
2026-08-09 21:09:42.727+09:00 [INFO ] [rig0] mined block #463 (nonce=55624, daa_score=1453)
2026-08-09 21:09:43.770+09:00 [INFO ] [rig0] mined block #464 (nonce=9223372036854787257, daa_score=1454)
2026-08-09 21:09:45.278+09:00 [INFO ] [rig0] mined block #465 (nonce=9223372036855055167, daa_score=1455)
2026-08-09 21:09:47.076+09:00 [INFO ] [rig0] mined block #466 (nonce=454743, daa_score=1456)
2026-08-09 21:09:48.140+09:00 [INFO ] [rig0] mined block #467 (nonce=21819, daa_score=1457)
2026-08-09 21:09:49.199+09:00 [INFO ] [rig0] mined block #468 (nonce=9223372036854796020, daa_score=1458)
2026-08-09 21:09:51.310+09:00 [INFO ] [rig0] mined block #469 (nonce=638329, daa_score=1459)
2026-08-09 21:09:52.509+09:00 [INFO ] [rig0] mined block #470 (nonce=9223372036854867305, daa_score=1460)
2026-08-09 21:09:53.648+09:00 [INFO ] [rig0] mined block #471 (nonce=9223372036854843984, daa_score=1461)
2026-08-09 21:09:54.695+09:00 [INFO ] [rig0] mined block #472 (nonce=16140, daa_score=1462)
2026-08-09 21:09:56.321+09:00 [INFO ] [rig0] mined block #473 (nonce=353287, daa_score=1463)
2026-08-09 21:09:57.726+09:00 [INFO ] [rig0] mined block #474 (nonce=9223372036854988171, daa_score=1464)
2026-08-09 21:10:00.606+09:00 [INFO ] [rig0] mined block #475 (nonce=1062886, daa_score=1465)
2026-08-09 21:10:01.730+09:00 [INFO ] [rig0] mined block #476 (nonce=49577, daa_score=1466)
2026-08-09 21:10:03.397+09:00 [INFO ] [rig0] mined block #477 (nonce=9223372036855139876, daa_score=1467)
2026-08-09 21:10:04.830+09:00 [INFO ] [rig0] mined block #478 (nonce=9223372036855010949, daa_score=1468)
2026-08-09 21:10:06.568+09:00 [INFO ] [rig0] mined block #479 (nonce=9223372036855195910, daa_score=1469)
2026-08-09 21:10:08.061+09:00 [INFO ] [rig0] mined block #480 (nonce=9223372036855044495, daa_score=1470)
2026-08-09 21:10:09.388+09:00 [INFO ] [rig0] mined block #481 (nonce=173937, daa_score=1471)
2026-08-09 21:10:11.007+09:00 [INFO ] [rig0] mined block #482 (nonce=9223372036855101600, daa_score=1472)
2026-08-09 21:10:12.271+09:00 [INFO ] [rig0] mined block #483 (nonce=9223372036854905521, daa_score=1473)
2026-08-09 21:10:14.327+09:00 [INFO ] [rig0] mined block #484 (nonce=9223372036855366589, daa_score=1474)
2026-08-09 21:10:15.495+09:00 [INFO ] [rig0] mined block #485 (nonce=81850, daa_score=1475)
2026-08-09 21:10:16.962+09:00 [INFO ] [rig0] mined block #486 (nonce=259671, daa_score=1476)
2026-08-09 21:10:18.236+09:00 [INFO ] [rig0] mined block #487 (nonce=140495, daa_score=1477)
2026-08-09 21:10:19.617+09:00 [INFO ] [rig0] mined block #488 (nonce=198892, daa_score=1478)
2026-08-09 21:10:22.279+09:00 [INFO ] [rig0] mined block #489 (nonce=9223372036855665722, daa_score=1479)
2026-08-09 21:10:23.855+09:00 [INFO ] [rig0] mined block #490 (nonce=323339, daa_score=1480)
2026-08-09 21:10:24.934+09:00 [INFO ] [rig0] mined block #491 (nonce=36607, daa_score=1481)
2026-08-09 21:10:26.119+09:00 [INFO ] [rig0] mined block #492 (nonce=97168, daa_score=1482)
2026-08-09 21:10:27.828+09:00 [INFO ] [rig0] mined block #493 (nonce=397194, daa_score=1483)
2026-08-09 21:10:29.488+09:00 [INFO ] [rig0] mined block #494 (nonce=370030, daa_score=1484)
2026-08-09 21:10:30.646+09:00 [INFO ] [rig0] mined block #495 (nonce=9223372036854855737, daa_score=1485)
2026-08-09 21:10:31.760+09:00 [INFO ] [rig0] mined block #496 (nonce=9223372036854831405, daa_score=1486)
2026-08-09 21:10:33.759+09:00 [INFO ] [rig0] mined block #497 (nonce=563304, daa_score=1487)
2026-08-09 21:10:34.850+09:00 [INFO ] [rig0] mined block #498 (nonce=9223372036854806326, daa_score=1488)
2026-08-09 21:10:36.435+09:00 [INFO ] [rig0] mined block #499 (nonce=9223372036855093073, daa_score=1489)
2026-08-09 21:10:38.075+09:00 [INFO ] [rig0] mined block #500 (nonce=9223372036855121412, daa_score=1490)
2026-08-09 21:10:39.684+09:00 [INFO ] [rig0] mined block #501 (nonce=9223372036855116777, daa_score=1491)
2026-08-09 21:10:40.716+09:00 [INFO ] [rig0] mined block #502 (nonce=9722, daa_score=1492)
2026-08-09 21:10:41.897+09:00 [INFO ] [rig0] mined block #503 (nonce=94804, daa_score=1493)
2026-08-09 21:10:47.046+09:00 [INFO ] [rig0] mined block #504 (nonce=9223372036856471852, daa_score=1494)
2026-08-09 21:10:48.877+09:00 [INFO ] [rig0] mined block #505 (nonce=9223372036854980192, daa_score=1495)
2026-08-09 21:10:50.860+09:00 [INFO ] [rig0] mined block #506 (nonce=9223372036855043907, daa_score=1496)
2026-08-09 21:10:51.891+09:00 [INFO ] [rig0] mined block #507 (nonce=9627, daa_score=1497)
2026-08-09 21:10:53.133+09:00 [INFO ] [rig0] mined block #508 (nonce=129189, daa_score=1498)
2026-08-09 21:10:54.554+09:00 [INFO ] [rig0] mined block #509 (nonce=222126, daa_score=1499)
2026-08-09 21:10:55.611+09:00 [INFO ] [rig0] mined block #510 (nonce=19173, daa_score=1500)
2026-08-09 21:10:57.572+09:00 [INFO ] [rig0] mined block #511 (nonce=9223372036855241528, daa_score=1501)
2026-08-09 21:11:00.733+09:00 [INFO ] [rig0] mined block #512 (nonce=9223372036855781811, daa_score=1502)
2026-08-09 21:11:02.733+09:00 [INFO ] [rig0] mined block #513 (nonce=557963, daa_score=1503)
2026-08-09 21:11:03.861+09:00 [INFO ] [rig0] mined block #514 (nonce=35119, daa_score=1504)
2026-08-09 21:11:04.893+09:00 [INFO ] [rig0] mined block #515 (nonce=9223372036854785355, daa_score=1505)
2026-08-09 21:11:05.998+09:00 [INFO ] [rig0] mined block #516 (nonce=9223372036854827359, daa_score=1506)
2026-08-09 21:11:09.446+09:00 [INFO ] [rig0] mined block #517 (nonce=816677, daa_score=1507)
2026-08-09 21:11:10.516+09:00 [INFO ] [rig0] mined block #518 (nonce=9223372036854789211, daa_score=1508)
2026-08-09 21:11:11.680+09:00 [INFO ] [rig0] mined block #519 (nonce=34766, daa_score=1509)
2026-08-09 21:11:13.458+09:00 [INFO ] [rig0] mined block #520 (nonce=9223372036855060099, daa_score=1510)
2026-08-09 21:11:14.563+09:00 [INFO ] [rig0] mined block #521 (nonce=9223372036854799530, daa_score=1511)
2026-08-09 21:11:16.168+09:00 [INFO ] [rig0] mined block #522 (nonce=9223372036854966302, daa_score=1512)
2026-08-09 21:11:17.953+09:00 [INFO ] [rig0] mined block #523 (nonce=9223372036855007355, daa_score=1513)
2026-08-09 21:11:19.268+09:00 [INFO ] [rig0] mined block #524 (nonce=9223372036854850490, daa_score=1514)
2026-08-09 21:11:21.080+09:00 [INFO ] [rig0] mined block #525 (nonce=245863, daa_score=1515)
2026-08-09 21:11:22.428+09:00 [INFO ] [rig0] mined block #526 (nonce=9223372036854891812, daa_score=1516)
2026-08-09 21:11:24.566+09:00 [INFO ] [rig0] mined block #527 (nonce=296021, daa_score=1517)
2026-08-09 21:11:25.687+09:00 [INFO ] [rig0] mined block #528 (nonce=9223372036854815727, daa_score=1518)
2026-08-09 21:11:27.580+09:00 [INFO ] [rig0] mined block #529 (nonce=9223372036854945158, daa_score=1519)
2026-08-09 21:11:28.890+09:00 [INFO ] [rig0] mined block #530 (nonce=9223372036854841924, daa_score=1520)
2026-08-09 21:11:32.625+09:00 [INFO ] [rig0] mined block #531 (nonce=841582, daa_score=1521)
2026-08-09 21:11:33.885+09:00 [INFO ] [rig0] mined block #532 (nonce=142142, daa_score=1522)
2026-08-09 21:11:35.113+09:00 [INFO ] [rig0] mined block #533 (nonce=122797, daa_score=1523)
2026-08-09 21:11:36.481+09:00 [INFO ] [rig0] mined block #534 (nonce=9223372036854972969, daa_score=1524)
2026-08-09 21:11:37.522+09:00 [INFO ] [rig0] mined block #535 (nonce=9223372036854789816, daa_score=1525)
2026-08-09 21:11:38.907+09:00 [INFO ] [rig0] mined block #536 (nonce=9223372036854988977, daa_score=1526)
2026-08-09 21:11:40.072+09:00 [INFO ] [rig0] mined block #537 (nonce=84778, daa_score=1527)
2026-08-09 21:11:41.238+09:00 [INFO ] [rig0] mined block #538 (nonce=9223372036854833316, daa_score=1528)
2026-08-09 21:11:42.785+09:00 [INFO ] [rig0] mined block #539 (nonce=9223372036855082952, daa_score=1529)
2026-08-09 21:11:43.836+09:00 [INFO ] [rig0] mined block #540 (nonce=19992, daa_score=1530)
2026-08-09 21:11:45.061+09:00 [INFO ] [rig0] mined block #541 (nonce=121837, daa_score=1531)
2026-08-09 21:11:46.445+09:00 [INFO ] [rig0] mined block #542 (nonce=9223372036854989502, daa_score=1532)
2026-08-09 21:11:47.499+09:00 [INFO ] [rig0] mined block #543 (nonce=21803, daa_score=1533)
2026-08-09 21:11:48.622+09:00 [INFO ] [rig0] mined block #544 (nonce=9223372036854837688, daa_score=1534)
2026-08-09 21:11:49.652+09:00 [INFO ] [rig0] mined block #545 (nonce=9223372036854783153, daa_score=1535)
2026-08-09 21:11:51.487+09:00 [INFO ] [rig0] mined block #546 (nonce=9223372036855253613, daa_score=1536)
2026-08-09 21:11:53.452+09:00 [INFO ] [rig0] mined block #547 (nonce=551671, daa_score=1537)
2026-08-09 21:11:55.549+09:00 [INFO ] [rig0] mined block #548 (nonce=630147, daa_score=1538)
2026-08-09 21:11:58.463+09:00 [INFO ] [rig0] mined block #549 (nonce=9223372036855883543, daa_score=1539)
2026-08-09 21:12:00.586+09:00 [INFO ] [rig0] mined block #550 (nonce=9223372036855415304, daa_score=1540)
2026-08-09 21:12:01.968+09:00 [INFO ] [rig0] mined block #551 (nonce=214024, daa_score=1541)
2026-08-09 21:12:03.738+09:00 [INFO ] [rig0] mined block #552 (nonce=9223372036855207039, daa_score=1542)
2026-08-09 21:12:04.783+09:00 [INFO ] [rig0] mined block #553 (nonce=16169, daa_score=1543)
2026-08-09 21:12:06.767+09:00 [INFO ] [rig0] mined block #554 (nonce=565363, daa_score=1544)
2026-08-09 21:12:07.801+09:00 [INFO ] [rig0] mined block #555 (nonce=9223372036854785868, daa_score=1545)
2026-08-09 21:12:09.312+09:00 [INFO ] [rig0] mined block #556 (nonce=289072, daa_score=1546)
2026-08-09 21:12:10.383+09:00 [INFO ] [rig0] mined block #557 (nonce=31874, daa_score=1547)
2026-08-09 21:12:11.977+09:00 [INFO ] [rig0] mined block #558 (nonce=336765, daa_score=1548)
2026-08-09 21:12:13.251+09:00 [INFO ] [rig0] mined block #559 (nonce=9223372036854922087, daa_score=1549)
2026-08-09 21:12:14.465+09:00 [INFO ] [rig0] mined block #560 (nonce=9223372036854878270, daa_score=1550)
2026-08-09 21:12:15.486+09:00 [INFO ] [rig0] mined block #561 (nonce=3108, daa_score=1551)
2026-08-09 21:12:16.888+09:00 [INFO ] [rig0] mined block #562 (nonce=223450, daa_score=1552)
2026-08-09 21:12:19.015+09:00 [INFO ] [rig0] mined block #563 (nonce=9223372036855422998, daa_score=1553)
2026-08-09 21:12:20.411+09:00 [INFO ] [rig0] mined block #564 (nonce=221770, daa_score=1554)
2026-08-09 21:12:21.664+09:00 [INFO ] [rig0] mined block #565 (nonce=9223372036854911446, daa_score=1555)
2026-08-09 21:12:22.750+09:00 [INFO ] [rig0] mined block #566 (nonce=41053, daa_score=1556)
2026-08-09 21:12:24.493+09:00 [INFO ] [rig0] mined block #567 (nonce=423132, daa_score=1557)
2026-08-09 21:12:25.562+09:00 [INFO ] [rig0] mined block #568 (nonce=9223372036854806362, daa_score=1558)
2026-08-09 21:12:26.757+09:00 [INFO ] [rig0] mined block #569 (nonce=103613, daa_score=1559)
2026-08-09 21:12:27.845+09:00 [INFO ] [rig0] mined block #570 (nonce=41343, daa_score=1560)
2026-08-09 21:12:29.969+09:00 [INFO ] [rig0] mined block #571 (nonce=644731, daa_score=1561)
2026-08-09 21:12:31.149+09:00 [INFO ] [rig0] mined block #572 (nonce=9223372036854871128, daa_score=1562)
2026-08-09 21:12:32.631+09:00 [INFO ] [rig0] mined block #573 (nonce=9223372036855045747, daa_score=1563)
2026-08-09 21:12:33.674+09:00 [INFO ] [rig0] mined block #574 (nonce=9223372036854790952, daa_score=1564)
2026-08-09 21:12:34.982+09:00 [INFO ] [rig0] mined block #575 (nonce=169802, daa_score=1565)
2026-08-09 21:12:36.266+09:00 [INFO ] [rig0] mined block #576 (nonce=155363, daa_score=1566)
2026-08-09 21:12:37.625+09:00 [INFO ] [rig0] mined block #577 (nonce=9223372036854970587, daa_score=1567)
2026-08-09 21:12:38.881+09:00 [INFO ] [rig0] mined block #578 (nonce=139262, daa_score=1568)
2026-08-09 21:12:40.759+09:00 [INFO ] [rig0] mined block #579 (nonce=9223372036855265326, daa_score=1569)
2026-08-09 21:12:42.225+09:00 [INFO ] [rig0] mined block #580 (nonce=9223372036855032488, daa_score=1570)
2026-08-09 21:12:43.748+09:00 [INFO ] [rig0] mined block #581 (nonce=294574, daa_score=1571)
2026-08-09 21:12:44.844+09:00 [INFO ] [rig0] mined block #582 (nonce=9223372036854820437, daa_score=1572)
2026-08-09 21:12:46.180+09:00 [INFO ] [rig0] mined block #583 (nonce=185640, daa_score=1573)
2026-08-09 21:12:47.455+09:00 [INFO ] [rig0] mined block #584 (nonce=149226, daa_score=1574)
2026-08-09 21:12:48.739+09:00 [INFO ] [rig0] mined block #585 (nonce=154723, daa_score=1575)
2026-08-09 21:12:49.872+09:00 [INFO ] [rig0] mined block #586 (nonce=9223372036854843092, daa_score=1576)
2026-08-09 21:12:50.961+09:00 [INFO ] [rig0] mined block #587 (nonce=40669, daa_score=1577)
2026-08-09 21:12:52.248+09:00 [INFO ] [rig0] mined block #588 (nonce=154052, daa_score=1578)
2026-08-09 21:12:54.122+09:00 [INFO ] [rig0] mined block #589 (nonce=487873, daa_score=1579)
2026-08-09 21:12:55.521+09:00 [INFO ] [rig0] mined block #590 (nonce=9223372036854982990, daa_score=1580)
2026-08-09 21:12:56.747+09:00 [INFO ] [rig0] mined block #591 (nonce=9223372036854897117, daa_score=1581)
2026-08-09 21:12:58.675+09:00 [INFO ] [rig0] mined block #592 (nonce=529614, daa_score=1582)
2026-08-09 21:13:00.006+09:00 [INFO ] [rig0] mined block #593 (nonce=9223372036854956089, daa_score=1583)
2026-08-09 21:13:01.521+09:00 [INFO ] [rig0] mined block #594 (nonce=9223372036855064468, daa_score=1584)
2026-08-09 21:13:02.715+09:00 [INFO ] [rig0] mined block #595 (nonce=102413, daa_score=1585)
2026-08-09 21:13:03.769+09:00 [INFO ] [rig0] mined block #596 (nonce=21464, daa_score=1586)
2026-08-09 21:13:05.297+09:00 [INFO ] [rig0] mined block #597 (nonce=294960, daa_score=1587)
2026-08-09 21:13:06.345+09:00 [INFO ] [rig0] mined block #598 (nonce=9223372036854787970, daa_score=1588)
2026-08-09 21:13:07.388+09:00 [INFO ] [rig0] mined block #599 (nonce=9223372036854786603, daa_score=1589)
2026-08-09 21:13:08.715+09:00 [INFO ] [rig0] mined block #600 (nonce=9223372036854956206, daa_score=1590)
2026-08-09 21:13:10.045+09:00 [INFO ] [rig0] mined block #601 (nonce=156592, daa_score=1591)
2026-08-09 21:13:11.315+09:00 [INFO ] [rig0] mined block #602 (nonce=9223372036854918303, daa_score=1592)
2026-08-09 21:13:12.920+09:00 [INFO ] [rig0] mined block #603 (nonce=340697, daa_score=1593)
2026-08-09 21:13:14.425+09:00 [INFO ] [rig0] mined block #604 (nonce=270267, daa_score=1594)
2026-08-09 21:13:15.669+09:00 [INFO ] [rig0] mined block #605 (nonce=133240, daa_score=1595)
2026-08-09 21:13:17.290+09:00 [INFO ] [rig0] mined block #606 (nonce=9223372036855126969, daa_score=1596)
2026-08-09 21:13:18.693+09:00 [INFO ] [rig0] mined block #607 (nonce=9223372036854994778, daa_score=1597)
2026-08-09 21:13:19.896+09:00 [INFO ] [rig0] mined block #608 (nonce=9223372036854883756, daa_score=1598)
2026-08-09 21:13:21.024+09:00 [INFO ] [rig0] mined block #609 (nonce=9223372036854822761, daa_score=1599)
2026-08-09 21:13:22.383+09:00 [INFO ] [rig0] mined block #610 (nonce=9223372036854974591, daa_score=1600)
2026-08-09 21:13:23.467+09:00 [INFO ] [rig0] mined block #611 (nonce=9223372036854803152, daa_score=1601)
2026-08-09 21:13:24.678+09:00 [INFO ] [rig0] mined block #612 (nonce=9223372036854873700, daa_score=1602)
2026-08-09 21:13:25.809+09:00 [INFO ] [rig0] mined block #613 (nonce=54422, daa_score=1603)
2026-08-09 21:13:28.375+09:00 [INFO ] [rig0] mined block #614 (nonce=9223372036855652980, daa_score=1604)
2026-08-09 21:13:29.924+09:00 [INFO ] [rig0] mined block #615 (nonce=9223372036855083961, daa_score=1605)
2026-08-09 21:13:31.509+09:00 [INFO ] [rig0] mined block #616 (nonce=321731, daa_score=1606)
2026-08-09 21:13:32.819+09:00 [INFO ] [rig0] mined block #617 (nonce=136977, daa_score=1607)
2026-08-09 21:13:34.524+09:00 [INFO ] [rig0] mined block #618 (nonce=391939, daa_score=1608)
2026-08-09 21:13:36.676+09:00 [INFO ] [rig0] mined block #619 (nonce=9223372036855418165, daa_score=1609)
2026-08-09 21:13:38.269+09:00 [INFO ] [rig0] mined block #620 (nonce=9223372036855107662, daa_score=1610)
2026-08-09 21:13:39.931+09:00 [INFO ] [rig0] mined block #621 (nonce=372583, daa_score=1611)
2026-08-09 21:13:41.503+09:00 [INFO ] [rig0] mined block #622 (nonce=9223372036855086279, daa_score=1612)
2026-08-09 21:13:42.732+09:00 [INFO ] [rig0] mined block #623 (nonce=109694, daa_score=1613)
2026-08-09 21:13:44.742+09:00 [INFO ] [rig0] mined block #624 (nonce=565280, daa_score=1614)
2026-08-09 21:13:46.060+09:00 [INFO ] [rig0] mined block #625 (nonce=9223372036854939051, daa_score=1615)
2026-08-09 21:13:47.801+09:00 [INFO ] [rig0] mined block #626 (nonce=9223372036855196332, daa_score=1616)
2026-08-09 21:13:49.485+09:00 [INFO ] [rig0] mined block #627 (nonce=355065, daa_score=1617)
2026-08-09 21:13:50.566+09:00 [INFO ] [rig0] mined block #628 (nonce=26848, daa_score=1618)
2026-08-09 21:13:52.540+09:00 [INFO ] [rig0] mined block #629 (nonce=9223372036855314890, daa_score=1619)
2026-08-09 21:13:53.991+09:00 [INFO ] [rig0] mined block #630 (nonce=240388, daa_score=1620)
2026-08-09 21:13:55.251+09:00 [INFO ] [rig0] mined block #631 (nonce=140545, daa_score=1621)
2026-08-09 21:13:56.438+09:00 [INFO ] [rig0] mined block #632 (nonce=98115, daa_score=1622)
2026-08-09 21:13:57.832+09:00 [INFO ] [rig0] mined block #633 (nonce=9223372036854987552, daa_score=1623)
2026-08-09 21:13:58.994+09:00 [INFO ] [rig0] mined block #634 (nonce=75126, daa_score=1624)
2026-08-09 21:14:00.702+09:00 [INFO ] [rig0] mined block #635 (nonce=9223372036855165791, daa_score=1625)
2026-08-09 21:14:01.922+09:00 [INFO ] [rig0] mined block #636 (nonce=9223372036854889673, daa_score=1626)
2026-08-09 21:14:03.338+09:00 [INFO ] [rig0] mined block #637 (nonce=9223372036855006821, daa_score=1627)
2026-08-09 21:14:04.740+09:00 [INFO ] [rig0] mined block #638 (nonce=223259, daa_score=1628)
2026-08-09 21:14:05.769+09:00 [INFO ] [rig0] mined block #639 (nonce=9223372036854780663, daa_score=1629)
2026-08-09 21:14:07.595+09:00 [INFO ] [rig0] mined block #640 (nonce=462717, daa_score=1630)
2026-08-09 21:14:08.974+09:00 [INFO ] [rig0] mined block #641 (nonce=206684, daa_score=1631)
2026-08-09 21:14:10.286+09:00 [INFO ] [rig0] mined block #642 (nonce=9223372036854944941, daa_score=1632)
2026-08-09 21:14:12.622+09:00 [INFO ] [rig0] mined block #643 (nonce=9223372036855524871, daa_score=1633)
2026-08-09 21:14:13.888+09:00 [INFO ] [rig0] mined block #644 (nonce=9223372036854919995, daa_score=1634)
2026-08-09 21:14:15.211+09:00 [INFO ] [rig0] mined block #645 (nonce=163529, daa_score=1635)
2026-08-09 21:14:16.958+09:00 [INFO ] [rig0] mined block #646 (nonce=411124, daa_score=1636)
2026-08-09 21:14:18.048+09:00 [INFO ] [rig0] mined block #647 (nonce=31279, daa_score=1637)
2026-08-09 21:14:19.104+09:00 [INFO ] [rig0] mined block #648 (nonce=11756, daa_score=1638)
2026-08-09 21:14:22.702+09:00 [INFO ] [rig0] mined block #649 (nonce=1502879, daa_score=1639)
2026-08-09 21:14:23.975+09:00 [INFO ] [rig0] mined block #650 (nonce=120273, daa_score=1640)
2026-08-09 21:14:25.843+09:00 [INFO ] [rig0] mined block #651 (nonce=412904, daa_score=1641)
2026-08-09 21:14:28.612+09:00 [INFO ] [rig0] mined block #652 (nonce=516481, daa_score=1642)
2026-08-09 21:14:31.521+09:00 [INFO ] [rig0] mined block #653 (nonce=9223372036855862595, daa_score=1643)
2026-08-09 21:14:33.778+09:00 [INFO ] [rig0] mined block #654 (nonce=9223372036855296888, daa_score=1644)
2026-08-09 21:14:35.230+09:00 [INFO ] [rig0] mined block #655 (nonce=9223372036855011937, daa_score=1645)
2026-08-09 21:14:37.189+09:00 [INFO ] [rig0] mined block #656 (nonce=9223372036855253932, daa_score=1646)
2026-08-09 21:14:38.490+09:00 [INFO ] [rig0] mined block #657 (nonce=9223372036854932344, daa_score=1647)
2026-08-09 21:14:39.717+09:00 [INFO ] [rig0] mined block #658 (nonce=9223372036854896570, daa_score=1648)
2026-08-09 21:14:42.541+09:00 [INFO ] [rig0] mined block #659 (nonce=9223372036855511174, daa_score=1649)
2026-08-09 21:14:45.696+09:00 [INFO ] [rig0] mined block #660 (nonce=897677, daa_score=1650)
2026-08-09 21:14:49.644+09:00 [INFO ] [rig0] mined block #661 (nonce=742515, daa_score=1651)
2026-08-09 21:14:51.252+09:00 [INFO ] [rig0] mined block #662 (nonce=208122, daa_score=1652)
2026-08-09 21:14:52.678+09:00 [INFO ] [rig0] mined block #663 (nonce=129505, daa_score=1653)
2026-08-09 21:14:55.414+09:00 [INFO ] [rig0] mined block #664 (nonce=9223372036855251793, daa_score=1654)
2026-08-09 21:14:58.623+09:00 [INFO ] [rig0] mined block #665 (nonce=9223372036855409896, daa_score=1655)
2026-08-09 21:15:00.462+09:00 [INFO ] [rig0] mined block #666 (nonce=226195, daa_score=1656)
2026-08-09 21:15:01.767+09:00 [INFO ] [rig0] mined block #667 (nonce=98615, daa_score=1657)
2026-08-09 21:15:02.842+09:00 [INFO ] [rig0] mined block #668 (nonce=9223372036854785625, daa_score=1658)
2026-08-09 21:15:04.413+09:00 [INFO ] [rig0] mined block #669 (nonce=9223372036854944330, daa_score=1659)
2026-08-09 21:15:05.600+09:00 [INFO ] [rig0] mined block #670 (nonce=44162, daa_score=1660)
2026-08-09 21:15:06.900+09:00 [INFO ] [rig0] mined block #671 (nonce=9223372036854850462, daa_score=1661)
2026-08-09 21:15:11.848+09:00 [INFO ] [rig0] mined block #672 (nonce=545510, daa_score=1662)
2026-08-09 21:15:13.902+09:00 [INFO ] [rig0] mined block #673 (nonce=9223372036855241544, daa_score=1663)
2026-08-09 21:15:15.152+09:00 [INFO ] [rig0] mined block #674 (nonce=57887, daa_score=1664)
2026-08-09 21:15:21.976+09:00 [INFO ] [rig0] mined block #675 (nonce=9223372036856841758, daa_score=1665)
2026-08-09 21:15:23.912+09:00 [INFO ] [rig0] mined block #676 (nonce=329502, daa_score=1666)
2026-08-09 21:15:24.934+09:00 [INFO ] [rig0] mined block #677 (nonce=9223372036854776381, daa_score=1667)
2026-08-09 21:15:27.607+09:00 [INFO ] [rig0] mined block #678 (nonce=9223372036855723245, daa_score=1668)
2026-08-09 21:15:28.880+09:00 [INFO ] [rig0] mined block #679 (nonce=9223372036854910481, daa_score=1669)
2026-08-09 21:15:30.704+09:00 [INFO ] [rig0] mined block #680 (nonce=337427, daa_score=1670)
2026-08-09 21:15:32.312+09:00 [INFO ] [rig0] mined block #681 (nonce=336934, daa_score=1671)
2026-08-09 21:15:33.563+09:00 [INFO ] [rig0] mined block #682 (nonce=124208, daa_score=1672)
2026-08-09 21:15:35.022+09:00 [INFO ] [rig0] mined block #683 (nonce=9223372036855021000, daa_score=1673)
2026-08-09 21:15:37.078+09:00 [INFO ] [rig0] mined block #684 (nonce=316914, daa_score=1674)
2026-08-09 21:15:38.617+09:00 [INFO ] [rig0] mined block #685 (nonce=128184, daa_score=1675)
2026-08-09 21:15:40.987+09:00 [INFO ] [rig0] mined block #686 (nonce=9223372036855047923, daa_score=1676)
2026-08-09 21:15:42.387+09:00 [INFO ] [rig0] mined block #687 (nonce=9223372036854963981, daa_score=1677)
2026-08-09 21:15:44.521+09:00 [INFO ] [rig0] mined block #688 (nonce=9223372036855404722, daa_score=1678)
2026-08-09 21:15:45.795+09:00 [INFO ] [rig0] mined block #689 (nonce=144566, daa_score=1679)
2026-08-09 21:15:49.576+09:00 [INFO ] [rig0] mined block #690 (nonce=9223372036856370707, daa_score=1680)
2026-08-09 21:15:51.195+09:00 [INFO ] [rig0] mined block #691 (nonce=9223372036855121685, daa_score=1681)
2026-08-09 21:15:52.275+09:00 [INFO ] [rig0] mined block #692 (nonce=9223372036854807744, daa_score=1682)
2026-08-09 21:15:53.876+09:00 [INFO ] [rig0] mined block #693 (nonce=334755, daa_score=1683)
2026-08-09 21:15:55.282+09:00 [INFO ] [rig0] mined block #694 (nonce=220922, daa_score=1684)
2026-08-09 21:15:56.406+09:00 [INFO ] [rig0] mined block #695 (nonce=9223372036854833867, daa_score=1685)
2026-08-09 21:15:57.923+09:00 [INFO ] [rig0] mined block #696 (nonce=286169, daa_score=1686)
