2026-08-09 22:38:12.758+09:00 [WARN ] [vlt-state] none -> pre_shadow at daa=0
2026-08-09 22:38:22.763+09:00 [WARN ] [UPnP] Error adding port mapping: IO error: Resource temporarily unavailable (os error 35)
2026-08-09 22:38:23.274+09:00 [WARN ] [vlt-state] pre_shadow -> shadow at daa=296
2026-08-09 22:38:30.411+09:00 [WARN ] [coinbase-mismatch] outputs act=4 exp=4; first diff @2: value_eq=true script_eq=false payload_eq=true (act_value=50000000 exp_value=50000000)
2026-08-09 22:38:30.683+09:00 [WARN ] [coinbase-mismatch] outputs act=4 exp=4; first diff @2: value_eq=true script_eq=false payload_eq=true (act_value=50000000 exp_value=50000000)
2026-08-09 22:38:30.697+09:00 [WARN ] [coinbase-mismatch] outputs act=4 exp=4; first diff @2: value_eq=true script_eq=false payload_eq=true (act_value=50000000 exp_value=50000000)
2026-08-09 22:38:30.710+09:00 [WARN ] [coinbase-mismatch] outputs act=4 exp=4; first diff @2: value_eq=true script_eq=false payload_eq=true (act_value=50000000 exp_value=50000000)
2026-08-09 22:38:30.724+09:00 [WARN ] [coinbase-mismatch] outputs act=4 exp=4; first diff @2: value_eq=true script_eq=false payload_eq=true (act_value=50000000 exp_value=50000000)
2026-08-09 22:38:30.738+09:00 [WARN ] [coinbase-mismatch] outputs act=4 exp=4; first diff @2: value_eq=true script_eq=false payload_eq=true (act_value=50000000 exp_value=50000000)
2026-08-09 22:38:30.751+09:00 [WARN ] [coinbase-mismatch] outputs act=4 exp=4; first diff @2: value_eq=true script_eq=false payload_eq=true (act_value=50000000 exp_value=50000000)
2026-08-09 22:38:31.615+09:00 [WARN ] [coinbase-mismatch] outputs act=4 exp=4; first diff @2: value_eq=true script_eq=false payload_eq=true (act_value=50000000 exp_value=50000000)
2026-08-09 22:38:31.630+09:00 [WARN ] [coinbase-mismatch] outputs act=4 exp=4; first diff @2: value_eq=true script_eq=false payload_eq=true (act_value=50000000 exp_value=50000000)
2026-08-09 22:38:32.766+09:00 [WARN ] Consensus detected UTXO-invalid blocks which are disqualified from the virtual selected chain (possibly due to inheritance): 632 disqualified vs. 1747 valid chain blocks
2026-08-09 22:38:32.881+09:00 [WARN ] [coinbase-mismatch] outputs act=4 exp=4; first diff @2: value_eq=true script_eq=false payload_eq=true (act_value=50000000 exp_value=50000000)
2026-08-09 22:38:34.493+09:00 [WARN ] [coinbase-mismatch] outputs act=4 exp=4; first diff @2: value_eq=true script_eq=false payload_eq=true (act_value=50000000 exp_value=50000000)
2026-08-09 22:38:35.599+09:00 [WARN ] [coinbase-mismatch] outputs act=4 exp=4; first diff @2: value_eq=true script_eq=false payload_eq=true (act_value=50000000 exp_value=50000000)
2026-08-09 22:38:37.229+09:00 [WARN ] [coinbase-mismatch] outputs act=4 exp=4; first diff @2: value_eq=true script_eq=false payload_eq=true (act_value=50000000 exp_value=50000000)
2026-08-09 22:38:38.570+09:00 [WARN ] [coinbase-mismatch] outputs act=4 exp=4; first diff @2: value_eq=true script_eq=false payload_eq=true (act_value=50000000 exp_value=50000000)
2026-08-09 22:38:39.650+09:00 [WARN ] [coinbase-mismatch] outputs act=4 exp=4; first diff @2: value_eq=true script_eq=false payload_eq=true (act_value=50000000 exp_value=50000000)
2026-08-09 22:38:41.036+09:00 [WARN ] [coinbase-mismatch] outputs act=4 exp=4; first diff @2: value_eq=true script_eq=false payload_eq=true (act_value=50000000 exp_value=50000000)
2026-08-09 22:38:42.533+09:00 [WARN ] [coinbase-mismatch] outputs act=4 exp=4; first diff @2: value_eq=true script_eq=false payload_eq=true (act_value=50000000 exp_value=50000000)
2026-08-09 22:38:42.769+09:00 [WARN ] Consensus detected UTXO-invalid blocks which are disqualified from the virtual selected chain (possibly due to inheritance): 16 disqualified vs. 0 valid chain blocks
2026-08-09 22:38:43.607+09:00 [WARN ] [coinbase-mismatch] outputs act=4 exp=4; first diff @2: value_eq=true script_eq=false payload_eq=true (act_value=50000000 exp_value=50000000)
2026-08-09 22:38:45.397+09:00 [WARN ] [coinbase-mismatch] outputs act=4 exp=4; first diff @2: value_eq=true script_eq=false payload_eq=true (act_value=50000000 exp_value=50000000)
2026-08-09 22:38:46.598+09:00 [WARN ] [coinbase-mismatch] outputs act=4 exp=4; first diff @2: value_eq=true script_eq=false payload_eq=true (act_value=50000000 exp_value=50000000)
2026-08-09 22:38:47.850+09:00 [WARN ] [coinbase-mismatch] outputs act=4 exp=4; first diff @2: value_eq=true script_eq=false payload_eq=true (act_value=50000000 exp_value=50000000)
2026-08-09 22:38:49.219+09:00 [WARN ] [coinbase-mismatch] outputs act=4 exp=4; first diff @2: value_eq=true script_eq=false payload_eq=true (act_value=50000000 exp_value=50000000)
2026-08-09 22:38:50.588+09:00 [WARN ] [coinbase-mismatch] outputs act=4 exp=4; first diff @2: value_eq=true script_eq=false payload_eq=true (act_value=50000000 exp_value=50000000)
2026-08-09 22:38:52.770+09:00 [WARN ] Consensus detected UTXO-invalid blocks which are disqualified from the virtual selected chain (possibly due to inheritance): 12 disqualified vs. 0 valid chain blocks
2026-08-09 22:38:52.833+09:00 [WARN ] [coinbase-mismatch] outputs act=4 exp=4; first diff @2: value_eq=true script_eq=false payload_eq=true (act_value=50000000 exp_value=50000000)
2026-08-09 22:38:53.954+09:00 [WARN ] [coinbase-mismatch] outputs act=4 exp=4; first diff @2: value_eq=true script_eq=false payload_eq=true (act_value=50000000 exp_value=50000000)
2026-08-09 22:38:55.136+09:00 [WARN ] [coinbase-mismatch] outputs act=4 exp=4; first diff @2: value_eq=true script_eq=false payload_eq=true (act_value=50000000 exp_value=50000000)
2026-08-09 22:38:56.391+09:00 [WARN ] [coinbase-mismatch] outputs act=4 exp=4; first diff @2: value_eq=true script_eq=false payload_eq=true (act_value=50000000 exp_value=50000000)
2026-08-09 22:38:57.703+09:00 [WARN ] [coinbase-mismatch] outputs act=4 exp=4; first diff @2: value_eq=true script_eq=false payload_eq=true (act_value=50000000 exp_value=50000000)
2026-08-09 22:38:59.978+09:00 [WARN ] [coinbase-mismatch] outputs act=4 exp=4; first diff @2: value_eq=true script_eq=false payload_eq=true (act_value=50000000 exp_value=50000000)
2026-08-09 22:39:01.238+09:00 [WARN ] [coinbase-mismatch] outputs act=4 exp=4; first diff @2: value_eq=true script_eq=false payload_eq=true (act_value=50000000 exp_value=50000000)
2026-08-09 22:39:02.772+09:00 [WARN ] Consensus detected UTXO-invalid blocks which are disqualified from the virtual selected chain (possibly due to inheritance): 14 disqualified vs. 0 valid chain blocks
2026-08-09 22:39:02.968+09:00 [WARN ] [coinbase-mismatch] outputs act=4 exp=4; first diff @2: value_eq=true script_eq=false payload_eq=true (act_value=50000000 exp_value=50000000)
2026-08-09 22:39:04.281+09:00 [WARN ] [coinbase-mismatch] outputs act=4 exp=4; first diff @2: value_eq=true script_eq=false payload_eq=true (act_value=50000000 exp_value=50000000)
2026-08-09 22:39:05.370+09:00 [WARN ] [coinbase-mismatch] outputs act=4 exp=4; first diff @2: value_eq=true script_eq=false payload_eq=true (act_value=50000000 exp_value=50000000)
2026-08-09 22:39:06.489+09:00 [WARN ] [coinbase-mismatch] outputs act=4 exp=4; first diff @2: value_eq=true script_eq=false payload_eq=true (act_value=50000000 exp_value=50000000)
2026-08-09 22:39:08.041+09:00 [WARN ] [coinbase-mismatch] outputs act=4 exp=4; first diff @2: value_eq=true script_eq=false payload_eq=true (act_value=50000000 exp_value=50000000)
2026-08-09 22:39:09.211+09:00 [WARN ] [coinbase-mismatch] outputs act=4 exp=4; first diff @2: value_eq=true script_eq=false payload_eq=true (act_value=50000000 exp_value=50000000)
2026-08-09 22:39:10.512+09:00 [WARN ] [coinbase-mismatch] outputs act=4 exp=4; first diff @2: value_eq=true script_eq=false payload_eq=true (act_value=50000000 exp_value=50000000)
2026-08-09 22:39:11.596+09:00 [WARN ] [coinbase-mismatch] outputs act=4 exp=4; first diff @2: value_eq=true script_eq=false payload_eq=true (act_value=50000000 exp_value=50000000)
2026-08-09 22:39:12.702+09:00 [WARN ] [coinbase-mismatch] outputs act=4 exp=4; first diff @2: value_eq=true script_eq=false payload_eq=true (act_value=50000000 exp_value=50000000)
2026-08-09 22:39:12.773+09:00 [WARN ] Consensus detected UTXO-invalid blocks which are disqualified from the virtual selected chain (possibly due to inheritance): 18 disqualified vs. 0 valid chain blocks
2026-08-09 22:39:13.867+09:00 [WARN ] [coinbase-mismatch] outputs act=4 exp=4; first diff @2: value_eq=true script_eq=false payload_eq=true (act_value=50000000 exp_value=50000000)
2026-08-09 22:39:15.078+09:00 [WARN ] [coinbase-mismatch] outputs act=4 exp=4; first diff @2: value_eq=true script_eq=false payload_eq=true (act_value=50000000 exp_value=50000000)
2026-08-09 22:39:16.587+09:00 [WARN ] [coinbase-mismatch] outputs act=4 exp=4; first diff @2: value_eq=true script_eq=false payload_eq=true (act_value=50000000 exp_value=50000000)
2026-08-09 22:39:18.348+09:00 [WARN ] [coinbase-mismatch] outputs act=4 exp=4; first diff @2: value_eq=true script_eq=false payload_eq=true (act_value=50000000 exp_value=50000000)
2026-08-09 22:39:19.414+09:00 [WARN ] [coinbase-mismatch] outputs act=4 exp=4; first diff @2: value_eq=true script_eq=false payload_eq=true (act_value=50000000 exp_value=50000000)
2026-08-09 22:39:20.940+09:00 [WARN ] [coinbase-mismatch] outputs act=4 exp=4; first diff @2: value_eq=true script_eq=false payload_eq=true (act_value=50000000 exp_value=50000000)
2026-08-09 22:39:22.160+09:00 [WARN ] [coinbase-mismatch] outputs act=4 exp=4; first diff @2: value_eq=true script_eq=false payload_eq=true (act_value=50000000 exp_value=50000000)
2026-08-09 22:39:22.775+09:00 [WARN ] Consensus detected UTXO-invalid blocks which are disqualified from the virtual selected chain (possibly due to inheritance): 14 disqualified vs. 0 valid chain blocks
2026-08-09 22:39:24.182+09:00 [WARN ] [coinbase-mismatch] outputs act=4 exp=4; first diff @2: value_eq=true script_eq=false payload_eq=true (act_value=50000000 exp_value=50000000)
2026-08-09 22:39:25.643+09:00 [WARN ] [coinbase-mismatch] outputs act=4 exp=4; first diff @2: value_eq=true script_eq=false payload_eq=true (act_value=50000000 exp_value=50000000)
2026-08-09 22:39:26.779+09:00 [WARN ] [coinbase-mismatch] outputs act=4 exp=4; first diff @2: value_eq=true script_eq=false payload_eq=true (act_value=50000000 exp_value=50000000)
2026-08-09 22:39:27.888+09:00 [WARN ] [coinbase-mismatch] outputs act=4 exp=4; first diff @2: value_eq=true script_eq=false payload_eq=true (act_value=50000000 exp_value=50000000)
2026-08-09 22:39:29.664+09:00 [WARN ] [coinbase-mismatch] outputs act=4 exp=4; first diff @2: value_eq=true script_eq=false payload_eq=true (act_value=50000000 exp_value=50000000)
2026-08-09 22:39:30.860+09:00 [WARN ] [coinbase-mismatch] outputs act=4 exp=4; first diff @2: value_eq=true script_eq=false payload_eq=true (act_value=50000000 exp_value=50000000)
2026-08-09 22:39:32.001+09:00 [WARN ] [coinbase-mismatch] outputs act=4 exp=4; first diff @2: value_eq=true script_eq=false payload_eq=true (act_value=50000000 exp_value=50000000)
2026-08-09 22:39:32.778+09:00 [WARN ] Consensus detected UTXO-invalid blocks which are disqualified from the virtual selected chain (possibly due to inheritance): 14 disqualified vs. 0 valid chain blocks
2026-08-09 22:39:33.297+09:00 [WARN ] [coinbase-mismatch] outputs act=4 exp=4; first diff @2: value_eq=true script_eq=false payload_eq=true (act_value=50000000 exp_value=50000000)
2026-08-09 22:39:34.612+09:00 [WARN ] [coinbase-mismatch] outputs act=4 exp=4; first diff @2: value_eq=true script_eq=false payload_eq=true (act_value=50000000 exp_value=50000000)
2026-08-09 22:39:36.277+09:00 [WARN ] [coinbase-mismatch] outputs act=4 exp=4; first diff @2: value_eq=true script_eq=false payload_eq=true (act_value=50000000 exp_value=50000000)
2026-08-09 22:39:38.628+09:00 [WARN ] [coinbase-mismatch] outputs act=4 exp=4; first diff @2: value_eq=true script_eq=false payload_eq=true (act_value=50000000 exp_value=50000000)
2026-08-09 22:39:39.762+09:00 [WARN ] [coinbase-mismatch] outputs act=4 exp=4; first diff @2: value_eq=true script_eq=false payload_eq=true (act_value=50000000 exp_value=50000000)
2026-08-09 22:39:41.769+09:00 [WARN ] [coinbase-mismatch] outputs act=4 exp=4; first diff @2: value_eq=true script_eq=false payload_eq=true (act_value=50000000 exp_value=50000000)
2026-08-09 22:39:42.779+09:00 [WARN ] Consensus detected UTXO-invalid blocks which are disqualified from the virtual selected chain (possibly due to inheritance): 12 disqualified vs. 0 valid chain blocks
2026-08-09 22:39:43.042+09:00 [WARN ] [coinbase-mismatch] outputs act=4 exp=4; first diff @2: value_eq=true script_eq=false payload_eq=true (act_value=50000000 exp_value=50000000)
2026-08-09 22:39:44.224+09:00 [WARN ] [coinbase-mismatch] outputs act=4 exp=4; first diff @2: value_eq=true script_eq=false payload_eq=true (act_value=50000000 exp_value=50000000)
2026-08-09 22:39:45.416+09:00 [WARN ] [coinbase-mismatch] outputs act=4 exp=4; first diff @2: value_eq=true script_eq=false payload_eq=true (act_value=50000000 exp_value=50000000)
2026-08-09 22:39:47.086+09:00 [WARN ] [coinbase-mismatch] outputs act=4 exp=4; first diff @2: value_eq=true script_eq=false payload_eq=true (act_value=50000000 exp_value=50000000)
2026-08-09 22:39:48.254+09:00 [WARN ] [coinbase-mismatch] outputs act=4 exp=4; first diff @2: value_eq=true script_eq=false payload_eq=true (act_value=50000000 exp_value=50000000)
2026-08-09 22:39:49.383+09:00 [WARN ] [coinbase-mismatch] outputs act=4 exp=4; first diff @2: value_eq=true script_eq=false payload_eq=true (act_value=50000000 exp_value=50000000)
2026-08-09 22:39:50.851+09:00 [WARN ] [coinbase-mismatch] outputs act=4 exp=4; first diff @2: value_eq=true script_eq=false payload_eq=true (act_value=50000000 exp_value=50000000)
2026-08-09 22:39:52.370+09:00 [WARN ] [coinbase-mismatch] outputs act=4 exp=4; first diff @2: value_eq=true script_eq=false payload_eq=true (act_value=50000000 exp_value=50000000)
2026-08-09 22:39:52.782+09:00 [WARN ] Consensus detected UTXO-invalid blocks which are disqualified from the virtual selected chain (possibly due to inheritance): 16 disqualified vs. 0 valid chain blocks
2026-08-09 22:39:53.454+09:00 [WARN ] [coinbase-mismatch] outputs act=4 exp=4; first diff @2: value_eq=true script_eq=false payload_eq=true (act_value=50000000 exp_value=50000000)
2026-08-09 22:39:55.409+09:00 [WARN ] [coinbase-mismatch] outputs act=4 exp=4; first diff @2: value_eq=true script_eq=false payload_eq=true (act_value=50000000 exp_value=50000000)
2026-08-09 22:39:57.211+09:00 [WARN ] [coinbase-mismatch] outputs act=4 exp=4; first diff @2: value_eq=true script_eq=false payload_eq=true (act_value=50000000 exp_value=50000000)
2026-08-09 22:39:58.356+09:00 [WARN ] [coinbase-mismatch] outputs act=4 exp=4; first diff @2: value_eq=true script_eq=false payload_eq=true (act_value=50000000 exp_value=50000000)
2026-08-09 22:39:59.743+09:00 [WARN ] [coinbase-mismatch] outputs act=4 exp=4; first diff @2: value_eq=true script_eq=false payload_eq=true (act_value=50000000 exp_value=50000000)
2026-08-09 22:40:01.704+09:00 [WARN ] [coinbase-mismatch] outputs act=4 exp=4; first diff @2: value_eq=true script_eq=false payload_eq=true (act_value=50000000 exp_value=50000000)
2026-08-09 22:40:02.783+09:00 [WARN ] Consensus detected UTXO-invalid blocks which are disqualified from the virtual selected chain (possibly due to inheritance): 12 disqualified vs. 0 valid chain blocks
2026-08-09 22:40:03.362+09:00 [WARN ] [coinbase-mismatch] outputs act=4 exp=4; first diff @2: value_eq=true script_eq=false payload_eq=true (act_value=50000000 exp_value=50000000)
2026-08-09 22:40:04.498+09:00 [WARN ] [coinbase-mismatch] outputs act=4 exp=4; first diff @2: value_eq=true script_eq=false payload_eq=true (act_value=50000000 exp_value=50000000)
2026-08-09 22:40:05.616+09:00 [WARN ] [coinbase-mismatch] outputs act=4 exp=4; first diff @2: value_eq=true script_eq=false payload_eq=true (act_value=50000000 exp_value=50000000)
2026-08-09 22:40:06.879+09:00 [WARN ] [coinbase-mismatch] outputs act=4 exp=4; first diff @2: value_eq=true script_eq=false payload_eq=true (act_value=50000000 exp_value=50000000)
2026-08-09 22:40:07.962+09:00 [WARN ] [coinbase-mismatch] outputs act=4 exp=4; first diff @2: value_eq=true script_eq=false payload_eq=true (act_value=50000000 exp_value=50000000)
2026-08-09 22:40:09.686+09:00 [WARN ] [coinbase-mismatch] outputs act=4 exp=4; first diff @2: value_eq=true script_eq=false payload_eq=true (act_value=50000000 exp_value=50000000)
2026-08-09 22:40:10.761+09:00 [WARN ] [coinbase-mismatch] outputs act=4 exp=4; first diff @2: value_eq=true script_eq=false payload_eq=true (act_value=50000000 exp_value=50000000)
2026-08-09 22:40:12.003+09:00 [WARN ] [coinbase-mismatch] outputs act=4 exp=4; first diff @2: value_eq=true script_eq=false payload_eq=true (act_value=50000000 exp_value=50000000)
2026-08-09 22:40:12.785+09:00 [WARN ] Consensus detected UTXO-invalid blocks which are disqualified from the virtual selected chain (possibly due to inheritance): 16 disqualified vs. 0 valid chain blocks
2026-08-09 22:40:13.731+09:00 [WARN ] [coinbase-mismatch] outputs act=4 exp=4; first diff @2: value_eq=true script_eq=false payload_eq=true (act_value=50000000 exp_value=50000000)
2026-08-09 22:40:15.391+09:00 [WARN ] [coinbase-mismatch] outputs act=4 exp=4; first diff @2: value_eq=true script_eq=false payload_eq=true (act_value=50000000 exp_value=50000000)
2026-08-09 22:40:17.854+09:00 [WARN ] [coinbase-mismatch] outputs act=4 exp=4; first diff @2: value_eq=true script_eq=false payload_eq=true (act_value=50000000 exp_value=50000000)
2026-08-09 22:40:19.398+09:00 [WARN ] [coinbase-mismatch] outputs act=4 exp=4; first diff @2: value_eq=true script_eq=false payload_eq=true (act_value=50000000 exp_value=50000000)
2026-08-09 22:40:20.494+09:00 [WARN ] [coinbase-mismatch] outputs act=4 exp=4; first diff @2: value_eq=true script_eq=false payload_eq=true (act_value=50000000 exp_value=50000000)
2026-08-09 22:40:21.569+09:00 [WARN ] [coinbase-mismatch] outputs act=4 exp=4; first diff @2: value_eq=true script_eq=false payload_eq=true (act_value=50000000 exp_value=50000000)
2026-08-09 22:40:22.787+09:00 [WARN ] Consensus detected UTXO-invalid blocks which are disqualified from the virtual selected chain (possibly due to inheritance): 12 disqualified vs. 0 valid chain blocks
2026-08-09 22:40:23.057+09:00 [WARN ] [coinbase-mismatch] outputs act=4 exp=4; first diff @2: value_eq=true script_eq=false payload_eq=true (act_value=50000000 exp_value=50000000)
2026-08-09 22:40:24.260+09:00 [WARN ] [coinbase-mismatch] outputs act=4 exp=4; first diff @2: value_eq=true script_eq=false payload_eq=true (act_value=50000000 exp_value=50000000)
2026-08-09 22:40:25.893+09:00 [WARN ] [coinbase-mismatch] outputs act=4 exp=4; first diff @2: value_eq=true script_eq=false payload_eq=true (act_value=50000000 exp_value=50000000)
2026-08-09 22:40:27.052+09:00 [WARN ] [coinbase-mismatch] outputs act=4 exp=4; first diff @2: value_eq=true script_eq=false payload_eq=true (act_value=50000000 exp_value=50000000)
2026-08-09 22:40:28.119+09:00 [WARN ] [coinbase-mismatch] outputs act=4 exp=4; first diff @2: value_eq=true script_eq=false payload_eq=true (act_value=50000000 exp_value=50000000)
2026-08-09 22:40:29.240+09:00 [WARN ] [coinbase-mismatch] outputs act=4 exp=4; first diff @2: value_eq=true script_eq=false payload_eq=true (act_value=50000000 exp_value=50000000)
2026-08-09 22:40:30.300+09:00 [WARN ] [coinbase-mismatch] outputs act=4 exp=4; first diff @2: value_eq=true script_eq=false payload_eq=true (act_value=50000000 exp_value=50000000)
2026-08-09 22:40:31.404+09:00 [WARN ] [coinbase-mismatch] outputs act=4 exp=4; first diff @2: value_eq=true script_eq=false payload_eq=true (act_value=50000000 exp_value=50000000)
2026-08-09 22:40:32.789+09:00 [WARN ] Consensus detected UTXO-invalid blocks which are disqualified from the virtual selected chain (possibly due to inheritance): 16 disqualified vs. 0 valid chain blocks
2026-08-09 22:40:33.160+09:00 [WARN ] [coinbase-mismatch] outputs act=4 exp=4; first diff @2: value_eq=true script_eq=false payload_eq=true (act_value=50000000 exp_value=50000000)
2026-08-09 22:40:34.255+09:00 [WARN ] [coinbase-mismatch] outputs act=4 exp=4; first diff @2: value_eq=true script_eq=false payload_eq=true (act_value=50000000 exp_value=50000000)
2026-08-09 22:40:36.095+09:00 [WARN ] [coinbase-mismatch] outputs act=4 exp=4; first diff @2: value_eq=true script_eq=false payload_eq=true (act_value=50000000 exp_value=50000000)
2026-08-09 22:40:37.515+09:00 [WARN ] [coinbase-mismatch] outputs act=4 exp=4; first diff @2: value_eq=true script_eq=false payload_eq=true (act_value=50000000 exp_value=50000000)
2026-08-09 22:40:38.861+09:00 [WARN ] [coinbase-mismatch] outputs act=4 exp=4; first diff @2: value_eq=true script_eq=false payload_eq=true (act_value=50000000 exp_value=50000000)
2026-08-09 22:40:40.943+09:00 [WARN ] [coinbase-mismatch] outputs act=4 exp=4; first diff @2: value_eq=true script_eq=false payload_eq=true (act_value=50000000 exp_value=50000000)
2026-08-09 22:40:42.790+09:00 [WARN ] Consensus detected UTXO-invalid blocks which are disqualified from the virtual selected chain (possibly due to inheritance): 12 disqualified vs. 0 valid chain blocks
2026-08-09 22:40:43.272+09:00 [WARN ] [coinbase-mismatch] outputs act=4 exp=4; first diff @2: value_eq=true script_eq=false payload_eq=true (act_value=50000000 exp_value=50000000)
2026-08-09 22:40:44.939+09:00 [WARN ] [coinbase-mismatch] outputs act=4 exp=4; first diff @2: value_eq=true script_eq=false payload_eq=true (act_value=50000000 exp_value=50000000)
2026-08-09 22:40:46.074+09:00 [WARN ] [coinbase-mismatch] outputs act=4 exp=4; first diff @2: value_eq=true script_eq=false payload_eq=true (act_value=50000000 exp_value=50000000)
2026-08-09 22:40:47.250+09:00 [WARN ] [coinbase-mismatch] outputs act=4 exp=4; first diff @2: value_eq=true script_eq=false payload_eq=true (act_value=50000000 exp_value=50000000)
2026-08-09 22:40:48.439+09:00 [WARN ] [coinbase-mismatch] outputs act=4 exp=4; first diff @2: value_eq=true script_eq=false payload_eq=true (act_value=50000000 exp_value=50000000)
2026-08-09 22:40:49.721+09:00 [WARN ] [coinbase-mismatch] outputs act=4 exp=4; first diff @2: value_eq=true script_eq=false payload_eq=true (act_value=50000000 exp_value=50000000)
2026-08-09 22:40:50.945+09:00 [WARN ] [coinbase-mismatch] outputs act=4 exp=4; first diff @2: value_eq=true script_eq=false payload_eq=true (act_value=50000000 exp_value=50000000)
2026-08-09 22:40:52.235+09:00 [WARN ] [coinbase-mismatch] outputs act=4 exp=4; first diff @2: value_eq=true script_eq=false payload_eq=true (act_value=50000000 exp_value=50000000)
2026-08-09 22:40:52.792+09:00 [WARN ] Consensus detected UTXO-invalid blocks which are disqualified from the virtual selected chain (possibly due to inheritance): 16 disqualified vs. 0 valid chain blocks
2026-08-09 22:40:54.029+09:00 [WARN ] [coinbase-mismatch] outputs act=4 exp=4; first diff @2: value_eq=true script_eq=false payload_eq=true (act_value=50000000 exp_value=50000000)
2026-08-09 22:40:55.184+09:00 [WARN ] [coinbase-mismatch] outputs act=4 exp=4; first diff @2: value_eq=true script_eq=false payload_eq=true (act_value=50000000 exp_value=50000000)
2026-08-09 22:40:56.394+09:00 [WARN ] [coinbase-mismatch] outputs act=4 exp=4; first diff @2: value_eq=true script_eq=false payload_eq=true (act_value=50000000 exp_value=50000000)
2026-08-09 22:40:57.457+09:00 [WARN ] [coinbase-mismatch] outputs act=4 exp=4; first diff @2: value_eq=true script_eq=false payload_eq=true (act_value=50000000 exp_value=50000000)
2026-08-09 22:40:59.217+09:00 [WARN ] [coinbase-mismatch] outputs act=4 exp=4; first diff @2: value_eq=true script_eq=false payload_eq=true (act_value=50000000 exp_value=50000000)
2026-08-09 22:41:00.315+09:00 [WARN ] [coinbase-mismatch] outputs act=4 exp=4; first diff @2: value_eq=true script_eq=false payload_eq=true (act_value=50000000 exp_value=50000000)
2026-08-09 22:41:01.572+09:00 [WARN ] [coinbase-mismatch] outputs act=4 exp=4; first diff @2: value_eq=true script_eq=false payload_eq=true (act_value=50000000 exp_value=50000000)
2026-08-09 22:41:02.795+09:00 [WARN ] Consensus detected UTXO-invalid blocks which are disqualified from the virtual selected chain (possibly due to inheritance): 14 disqualified vs. 0 valid chain blocks
2026-08-09 22:41:03.905+09:00 [WARN ] [coinbase-mismatch] outputs act=4 exp=4; first diff @2: value_eq=true script_eq=false payload_eq=true (act_value=50000000 exp_value=50000000)
2026-08-09 22:41:05.366+09:00 [WARN ] [coinbase-mismatch] outputs act=4 exp=4; first diff @2: value_eq=true script_eq=false payload_eq=true (act_value=50000000 exp_value=50000000)
2026-08-09 22:41:07.777+09:00 [WARN ] [coinbase-mismatch] outputs act=4 exp=4; first diff @2: value_eq=true script_eq=false payload_eq=true (act_value=50000000 exp_value=50000000)
2026-08-09 22:41:09.233+09:00 [WARN ] [coinbase-mismatch] outputs act=4 exp=4; first diff @2: value_eq=true script_eq=false payload_eq=true (act_value=50000000 exp_value=50000000)
2026-08-09 22:41:10.436+09:00 [WARN ] [coinbase-mismatch] outputs act=4 exp=4; first diff @2: value_eq=true script_eq=false payload_eq=true (act_value=50000000 exp_value=50000000)
2026-08-09 22:41:11.773+09:00 [WARN ] [coinbase-mismatch] outputs act=4 exp=4; first diff @2: value_eq=true script_eq=false payload_eq=true (act_value=50000000 exp_value=50000000)
2026-08-09 22:41:12.796+09:00 [WARN ] Consensus detected UTXO-invalid blocks which are disqualified from the virtual selected chain (possibly due to inheritance): 12 disqualified vs. 0 valid chain blocks
2026-08-09 22:41:13.403+09:00 [WARN ] [coinbase-mismatch] outputs act=4 exp=4; first diff @2: value_eq=true script_eq=false payload_eq=true (act_value=50000000 exp_value=50000000)
2026-08-09 22:41:15.659+09:00 [WARN ] [coinbase-mismatch] outputs act=4 exp=4; first diff @2: value_eq=true script_eq=false payload_eq=true (act_value=50000000 exp_value=50000000)
2026-08-09 22:41:16.848+09:00 [WARN ] [coinbase-mismatch] outputs act=4 exp=4; first diff @2: value_eq=true script_eq=false payload_eq=true (act_value=50000000 exp_value=50000000)
2026-08-09 22:41:18.084+09:00 [WARN ] [coinbase-mismatch] outputs act=4 exp=4; first diff @2: value_eq=true script_eq=false payload_eq=true (act_value=50000000 exp_value=50000000)
2026-08-09 22:41:19.219+09:00 [WARN ] [coinbase-mismatch] outputs act=4 exp=4; first diff @2: value_eq=true script_eq=false payload_eq=true (act_value=50000000 exp_value=50000000)
2026-08-09 22:41:20.319+09:00 [WARN ] [coinbase-mismatch] outputs act=4 exp=4; first diff @2: value_eq=true script_eq=false payload_eq=true (act_value=50000000 exp_value=50000000)
2026-08-09 22:41:21.490+09:00 [WARN ] [coinbase-mismatch] outputs act=4 exp=4; first diff @2: value_eq=true script_eq=false payload_eq=true (act_value=50000000 exp_value=50000000)
2026-08-09 22:41:22.646+09:00 [WARN ] [coinbase-mismatch] outputs act=4 exp=4; first diff @2: value_eq=true script_eq=false payload_eq=true (act_value=50000000 exp_value=50000000)
2026-08-09 22:41:22.798+09:00 [WARN ] Consensus detected UTXO-invalid blocks which are disqualified from the virtual selected chain (possibly due to inheritance): 16 disqualified vs. 0 valid chain blocks
2026-08-09 22:41:23.721+09:00 [WARN ] [coinbase-mismatch] outputs act=4 exp=4; first diff @2: value_eq=true script_eq=false payload_eq=true (act_value=50000000 exp_value=50000000)
2026-08-09 22:41:24.935+09:00 [WARN ] [coinbase-mismatch] outputs act=4 exp=4; first diff @2: value_eq=true script_eq=false payload_eq=true (act_value=50000000 exp_value=50000000)
2026-08-09 22:41:26.617+09:00 [WARN ] [coinbase-mismatch] outputs act=4 exp=4; first diff @2: value_eq=true script_eq=false payload_eq=true (act_value=50000000 exp_value=50000000)
2026-08-09 22:41:28.164+09:00 [WARN ] [coinbase-mismatch] outputs act=4 exp=4; first diff @2: value_eq=true script_eq=false payload_eq=true (act_value=50000000 exp_value=50000000)
2026-08-09 22:41:29.245+09:00 [WARN ] [coinbase-mismatch] outputs act=4 exp=4; first diff @2: value_eq=true script_eq=false payload_eq=true (act_value=50000000 exp_value=50000000)
2026-08-09 22:41:31.558+09:00 [WARN ] [coinbase-mismatch] outputs act=4 exp=4; first diff @2: value_eq=true script_eq=false payload_eq=true (act_value=50000000 exp_value=50000000)
2026-08-09 22:41:32.801+09:00 [WARN ] Consensus detected UTXO-invalid blocks which are disqualified from the virtual selected chain (possibly due to inheritance): 12 disqualified vs. 0 valid chain blocks
2026-08-09 22:41:33.063+09:00 [WARN ] [coinbase-mismatch] outputs act=4 exp=4; first diff @2: value_eq=true script_eq=false payload_eq=true (act_value=50000000 exp_value=50000000)
2026-08-09 22:41:35.084+09:00 [WARN ] [coinbase-mismatch] outputs act=4 exp=4; first diff @2: value_eq=true script_eq=false payload_eq=true (act_value=50000000 exp_value=50000000)
2026-08-09 22:41:37.500+09:00 [WARN ] [coinbase-mismatch] outputs act=4 exp=4; first diff @2: value_eq=true script_eq=false payload_eq=true (act_value=50000000 exp_value=50000000)
2026-08-09 22:41:38.821+09:00 [WARN ] [coinbase-mismatch] outputs act=4 exp=4; first diff @2: value_eq=true script_eq=false payload_eq=true (act_value=50000000 exp_value=50000000)
2026-08-09 22:41:40.258+09:00 [WARN ] [coinbase-mismatch] outputs act=4 exp=4; first diff @2: value_eq=true script_eq=false payload_eq=true (act_value=50000000 exp_value=50000000)
2026-08-09 22:41:41.704+09:00 [WARN ] [coinbase-mismatch] outputs act=4 exp=4; first diff @2: value_eq=true script_eq=false payload_eq=true (act_value=50000000 exp_value=50000000)
2026-08-09 22:41:42.802+09:00 [WARN ] Consensus detected UTXO-invalid blocks which are disqualified from the virtual selected chain (possibly due to inheritance): 12 disqualified vs. 0 valid chain blocks
2026-08-09 22:41:42.803+09:00 [WARN ] [coinbase-mismatch] outputs act=4 exp=4; first diff @2: value_eq=true script_eq=false payload_eq=true (act_value=50000000 exp_value=50000000)
2026-08-09 22:41:43.922+09:00 [WARN ] [coinbase-mismatch] outputs act=4 exp=4; first diff @2: value_eq=true script_eq=false payload_eq=true (act_value=50000000 exp_value=50000000)
2026-08-09 22:41:45.287+09:00 [WARN ] [coinbase-mismatch] outputs act=4 exp=4; first diff @2: value_eq=true script_eq=false payload_eq=true (act_value=50000000 exp_value=50000000)
2026-08-09 22:41:46.449+09:00 [WARN ] [coinbase-mismatch] outputs act=4 exp=4; first diff @2: value_eq=true script_eq=false payload_eq=true (act_value=50000000 exp_value=50000000)
2026-08-09 22:41:47.616+09:00 [WARN ] [coinbase-mismatch] outputs act=4 exp=4; first diff @2: value_eq=true script_eq=false payload_eq=true (act_value=50000000 exp_value=50000000)
2026-08-09 22:41:48.803+09:00 [WARN ] [coinbase-mismatch] outputs act=4 exp=4; first diff @2: value_eq=true script_eq=false payload_eq=true (act_value=50000000 exp_value=50000000)
2026-08-09 22:41:50.264+09:00 [WARN ] [coinbase-mismatch] outputs act=4 exp=4; first diff @2: value_eq=true script_eq=false payload_eq=true (act_value=50000000 exp_value=50000000)
2026-08-09 22:41:51.337+09:00 [WARN ] [coinbase-mismatch] outputs act=4 exp=4; first diff @2: value_eq=true script_eq=false payload_eq=true (act_value=50000000 exp_value=50000000)
2026-08-09 22:41:52.805+09:00 [WARN ] Consensus detected UTXO-invalid blocks which are disqualified from the virtual selected chain (possibly due to inheritance): 16 disqualified vs. 0 valid chain blocks
2026-08-09 22:41:53.140+09:00 [WARN ] [coinbase-mismatch] outputs act=4 exp=4; first diff @2: value_eq=true script_eq=false payload_eq=true (act_value=50000000 exp_value=50000000)
2026-08-09 22:41:54.425+09:00 [WARN ] [coinbase-mismatch] outputs act=4 exp=4; first diff @2: value_eq=true script_eq=false payload_eq=true (act_value=50000000 exp_value=50000000)
2026-08-09 22:41:55.508+09:00 [WARN ] [coinbase-mismatch] outputs act=4 exp=4; first diff @2: value_eq=true script_eq=false payload_eq=true (act_value=50000000 exp_value=50000000)
2026-08-09 22:41:56.957+09:00 [WARN ] [coinbase-mismatch] outputs act=4 exp=4; first diff @2: value_eq=true script_eq=false payload_eq=true (act_value=50000000 exp_value=50000000)
2026-08-09 22:41:58.346+09:00 [WARN ] [coinbase-mismatch] outputs act=4 exp=4; first diff @2: value_eq=true script_eq=false payload_eq=true (act_value=50000000 exp_value=50000000)
2026-08-09 22:41:59.445+09:00 [WARN ] [coinbase-mismatch] outputs act=4 exp=4; first diff @2: value_eq=true script_eq=false payload_eq=true (act_value=50000000 exp_value=50000000)
2026-08-09 22:42:00.963+09:00 [WARN ] [coinbase-mismatch] outputs act=4 exp=4; first diff @2: value_eq=true script_eq=false payload_eq=true (act_value=50000000 exp_value=50000000)
2026-08-09 22:42:02.114+09:00 [WARN ] [coinbase-mismatch] outputs act=4 exp=4; first diff @2: value_eq=true script_eq=false payload_eq=true (act_value=50000000 exp_value=50000000)
2026-08-09 22:42:02.807+09:00 [WARN ] Consensus detected UTXO-invalid blocks which are disqualified from the virtual selected chain (possibly due to inheritance): 16 disqualified vs. 0 valid chain blocks
2026-08-09 22:42:03.243+09:00 [WARN ] [coinbase-mismatch] outputs act=4 exp=4; first diff @2: value_eq=true script_eq=false payload_eq=true (act_value=50000000 exp_value=50000000)
2026-08-09 22:42:04.450+09:00 [WARN ] [coinbase-mismatch] outputs act=4 exp=4; first diff @2: value_eq=true script_eq=false payload_eq=true (act_value=50000000 exp_value=50000000)
2026-08-09 22:42:05.700+09:00 [WARN ] [coinbase-mismatch] outputs act=4 exp=4; first diff @2: value_eq=true script_eq=false payload_eq=true (act_value=50000000 exp_value=50000000)
2026-08-09 22:42:06.842+09:00 [WARN ] [coinbase-mismatch] outputs act=4 exp=4; first diff @2: value_eq=true script_eq=false payload_eq=true (act_value=50000000 exp_value=50000000)
2026-08-09 22:42:08.078+09:00 [WARN ] [coinbase-mismatch] outputs act=4 exp=4; first diff @2: value_eq=true script_eq=false payload_eq=true (act_value=50000000 exp_value=50000000)
2026-08-09 22:42:10.511+09:00 [WARN ] [coinbase-mismatch] outputs act=4 exp=4; first diff @2: value_eq=true script_eq=false payload_eq=true (act_value=50000000 exp_value=50000000)
2026-08-09 22:42:11.848+09:00 [WARN ] [coinbase-mismatch] outputs act=4 exp=4; first diff @2: value_eq=true script_eq=false payload_eq=true (act_value=50000000 exp_value=50000000)
