
running 40 tests
test palw_offence_attribution_v1::f1c_tests::the_logits_head_holds_on_every_shipped_profile ... ok
test palw_offence_attribution_v1::f1c_tests::the_job_faults_are_attested_by_every_valid ... ok
test palw_offence_attribution_v1::tests::a_step_reading_a_checkpoint_or_a_generated_token_is_whole ... ok
test palw_offence_attribution_v1::tests::a_producer_committed_saturating_binding_is_answered_not_a_panic ... ok
test palw_offence_attribution_v1::tests::f1_fp_pin_spellings_agree_and_convict_on_the_free_prompt_lane ... ok
test palw_offence_attribution_v1::tests::a_shape_fault_is_whole_whatever_leaf_is_attached ... ok
test palw_offence_attribution_v1::tests::f1_the_admission_tables_and_the_executor_refuted_key ... ok
test palw_offence_attribution_v1::tests::f1_the_output_rule_holds_the_output_root_to_the_generated_ids ... ok
test palw_offence_attribution_v1::tests::p2_8_the_kind_4_constructor_and_the_filed_commit_key ... ok
test palw_offence_attribution_v1::tests::a_step_fault_that_reads_a_neighbour_segment_convicts_only_whole_attestations ... ok
test palw_offence_attribution_v1::tests::the_reporter_slot_is_bounded_once_armed ... ok
test palw_offence_attribution_v1::tests::the_signature_is_checked_under_the_chain_domain_in_the_licensed_form ... ok
test palw_offence_attribution_v1::tests::the_site_and_mask_truth_table ... ok
test palw_offence_attribution_v1::tests::the_byte_cap_is_one_carrier ... ok
test palw_offence_attribution_v1::tests::the_version_and_the_reporter_slot ... ok
test palw_offence_v1::tests::a_proven_equivocation_carriage_passes_the_processor_gate ... ok
test palw_offence_v1::tests::a_proven_panel_false_valid_is_one_offence_per_seat ... ok
test palw_offence_v1::tests::a_renamed_evidence_id_does_not_pass ... ok
test palw_offence_v1::tests::a_renamed_id_and_a_garbage_blob_are_zero_penalty_at_the_gate ... ok
test palw_offence_attribution_v1::tests::the_execution_check_is_the_v1_routes_without_an_opening ... ok
test palw_offence_attribution_v1::tests::the_admission_table ... ok
test palw_offence_v1::tests::court_guilty_is_not_a_standalone_object ... ok
test palw_offence_v1::tests::court_fraud_and_independent_proofs_are_fail_closed_until_they_convict ... ok
test palw_offence_v1::tests::empty_evidence_is_not_a_proof ... ok
test palw_offence_v1::tests::offence_id_is_the_evidence_not_the_submitter ... ok
test palw_offence_v1::tests::panel_false_valid_is_fail_closed_until_the_contradiction_exists ... ok
test palw_offence_v1::tests::quality_usefulness_cache_and_speedup_are_not_offence_kinds ... ok
test palw_offence_v1::tests::honest_unavailable_and_incapable_are_zero_penalty ... ok
test palw_offence_v1::tests::swapping_attestation_order_is_the_same_offence ... ok
test palw_offence_v1::tests::the_colluding_quorum_must_cover_max_fraud_gain ... ok
test palw_offence_v1::tests::the_consumed_offence_record_appends_collected_and_claim_id ... ok
test palw_offence_v1::tests::the_proof_forms_of_11_and_13_are_pinned ... ok
test palw_offence_v1::tests::the_v22_offence_kind_slots_are_pinned_and_the_fold_recorded_ones_are_never_filed ... ok
test palw_offence_v1::tests::contradictions_9_to_13_are_appended_and_refused_by_every_v1_reader ... ok
test palw_offence_attribution_v1::tests::f1_the_identity_rule_names_the_first_check_a_floor_binding_fails ... ok
test palw_offence_attribution_v1::f1c_tests::a_windowed_kind3_is_undecodable_below_the_batch_fence ... ok
test palw_offence_attribution_v1::f1c_tests::only_a_whole_prompt_not_anchored_is_charged ... ok
test palw_offence_attribution_v1::f1c_tests::the_remembered_prompt_root_is_the_computed_one ... ok
test palw_offence_attribution_v1::f1c_tests::prompt_not_anchored_judges_the_2m_prompt ... ok
test palw_offence_attribution_v1::tests::canonical_fp_prompt_proof_authenticates_job_convicts_count_and_root_and_keeps_the_fence ... ok

test result: ok. 40 passed; 0 failed; 0 ignored; 0 measured; 3579 filtered out; finished in 0.13s

