
running 19 tests
test palw_legacy_public_filer_v1::tests::every_role_takes_the_same_road ... ok
test palw_legacy_held_da_v2::tests::the_fence_is_dormant_everywhere_hashed_when_set_and_refused_when_armed ... ok
test palw_legacy_public_filer_v1::tests::the_demand_builder_names_the_probes_unit ... ok
test palw_legacy_public_filer_v1::tests::the_contiguous_localizer_finds_the_first_divergent_leaf ... ok
test palw_legacy_held_da_v2::tests::an_honest_claim_agrees_and_a_faulty_replica_files_nothing ... ok
test palw_legacy_held_da_v2::tests::the_tags_domains_and_messages_are_the_allocated_ones ... ok
test palw_legacy_public_filer_v1::tests::the_descent_rides_the_same_engine ... ok
test palw_legacy_held_da_v2::tests::below_the_fence_the_fold_refuses_every_legacy_held_object_and_the_predicate_names_the_carriers ... ok
test palw_legacy_public_filer_v1::tests::the_facts_read_off_the_public_view ... ok
test palw_legacy_held_da_v2::tests::flat_input_is_one_whole_hash_checked_unit_and_network_merkle_is_explicit ... ok
test palw_legacy_public_filer_v1::tests::the_message_binds_every_field ... ok
test palw_legacy_public_filer_v1::tests::the_record_counts_reservers_and_exposure ... ok
test palw_legacy_public_filer_v1::tests::a_rejected_carrier_cannot_poison_the_localizers_public_material ... ok
test palw_legacy_held_da_v2::tests::node_answers_are_checked_against_the_claims_step_and_checkpoint_roots ... ok
test palw_legacy_public_filer_v1::tests::the_fence_is_hashed_some_only ... ok
test palw_legacy_held_da_v2::tests::prompt_chunks_authenticate_lengths_indices_and_ragged_subtrees ... ok
test palw_legacy_held_da_v2::tests::no_unit_compels_model_bytes ... ok
test palw_legacy_public_filer_v1::tests::the_fence_is_dormant_on_every_preset_and_refused_when_armed ... ok
test palw_legacy_held_da_v2::tests::the_descent_reaches_the_first_divergent_leaf_and_the_view_opens_every_earlier_leaf ... ok

test result: ok. 19 passed; 0 failed; 0 ignored; 0 measured; 3600 filtered out; finished in 1.57s

