
running 31 tests
test palw_lifecycle_objects_v2::tests::a2u::a_not_in_force_kind_is_undecodable_in_the_live_builds_words ... ok
test palw_lifecycle_objects_v2::tests::a2u::below_its_fence_a_new_kind_is_judged_as_the_live_build_judges_undecodable_bytes ... ok
test palw_lifecycle_objects_v2::tests::a2u::every_appended_form_has_a_guarded_owner_arm ... ok
test palw_lifecycle_objects_v2::tests::a2u::an_owning_fence_needs_the_audit_fence_declared ... ok
test palw_lifecycle_objects_v2::tests::a2u::every_kernel_inner_kind_has_exactly_one_row ... ok
test palw_lifecycle_objects_v2::tests::a2u::every_kind_in_the_enum_has_exactly_one_owner ... ok
test palw_lifecycle_objects_v2::tests::a2u::every_int12_wire_type_is_unchanged_or_classified ... ok
test palw_lifecycle_objects_v2::tests::a2u::every_landed_kind_is_pinned_to_its_wire_form ... ok
test palw_lifecycle_objects_v2::tests::a2u::every_tag_row_is_inside_its_allocation ... ok
test palw_lifecycle_objects_v2::tests::a2u::the_fence_list_is_the_enum ... ok
test palw_lifecycle_objects_v2::tests::a2u::the_int12_kind_list_is_frozen ... ok
test palw_lifecycle_objects_v2::tests::a2u::every_landed_kind_sits_in_its_row_with_the_rows_fence ... ok
test palw_lifecycle_objects_v2::tests::a2u::the_new_kind_table_is_the_owner_function ... ok
test palw_lifecycle_objects_v2::tests::a_bond_registration_cannot_declare_collateral_it_did_not_lock ... ok
test palw_lifecycle_objects_v2::tests::a_bond_registration_that_locks_its_collateral_rides ... ok
test palw_lifecycle_objects_v2::tests::a_bond_registration_without_a_signature_does_not_ride ... ok
test palw_lifecycle_objects_v2::tests::a_class_registration_rides_only_when_it_carries_what_checks_it ... ok
test palw_lifecycle_objects_v2::tests::a_lifecycle_object_rides_a_transaction_and_arrives_in_acceptance_order ... ok
test palw_lifecycle_objects_v2::tests::a_malformed_carrier_is_skipped_with_a_reason ... ok
test palw_lifecycle_objects_v2::tests::admission_accepts_exactly_what_the_walk_extracts ... ok
test palw_lifecycle_objects_v2::tests::an_historical_full_v2_possession_proof_still_rides_and_reaches_the_fold ... ok
test palw_lifecycle_objects_v2::tests::an_unsigned_reporter_commitment_may_not_ride ... ok
test palw_lifecycle_objects_v2::tests::certification_objects_ride_and_extract_unchanged ... ok
test palw_lifecycle_objects_v2::tests::consensus_object_discriminants_are_the_ones_the_chain_carries ... ok
test palw_lifecycle_objects_v2::tests::a2u::the_int12_kinds_refused_past_a_fence_are_the_rows ... ok
test palw_lifecycle_objects_v2::tests::naming_the_carrier_by_id_is_a_fixed_point_no_registrant_can_solve ... ok
test palw_lifecycle_objects_v2::tests::objects_that_must_not_ride_are_skipped_with_their_own_reason ... ok
test palw_lifecycle_objects_v2::tests::the_band_id_is_what_selects_this_walk ... ok
test palw_lifecycle_objects_v2::tests::the_seed_testnet_11_carried_at_daa_1945_still_decodes ... ok
test palw_lifecycle_objects_v2::tests::the_two_unauthenticated_objects_may_not_ride ... ok
test palw_lifecycle_objects_v2::tests::derived_artifacts_ride_signed_and_shaped_and_extract_unchanged ... ok

test result: ok. 31 passed; 0 failed; 0 ignored; 0 measured; 3584 filtered out; finished in 0.20s

