warning: variable does not need to be mutable
   --> consensus/core/src/palw_tir_close_range_v1.rs:494:21
    |
494 |                 let mut put = |this: &mut Self, row: u32, lo: u64, hi: u64| -> Result<(), String> {
    |                     ----^^^
    |                     |
    |                     help: remove this `mut`
    |
    = note: `#[warn(unused_mut)]` (part of `#[warn(unused)]`) on by default

warning: `kaspa-consensus-core` (lib) generated 1 warning (run `cargo fix --lib -p kaspa-consensus-core` to apply 1 suggestion)
warning: function `lanes_le_v1` is never used
   --> misaka-palw-tir-exec/src/node/run.rs:114:15
    |
114 | pub(crate) fn lanes_le_v1(data: Slice<'_>, from: usize, n: usize, out: &mut Vec<u8>) {
    |               ^^^^^^^^^^^
    |
    = note: `#[warn(dead_code)]` (part of `#[warn(unused)]`) on by default

warning: `misaka-palw-tir-exec` (lib) generated 1 warning
warning: unused variable: `ctx_hash`
   --> misaka-palw-base0/src/backend.rs:323:13
    |
323 |         let ctx_hash = job.context_hash();
    |             ^^^^^^^^ help: if this is intentional, prefix it with an underscore: `_ctx_hash`
    |
    = note: `#[warn(unused_variables)]` (part of `#[warn(unused)]`) on by default

warning: unused variable: `ctx_hash`
    --> misaka-palw-base0/src/backend.rs:1256:9
     |
1256 |     let ctx_hash = binding.job_context.context_hash();
     |         ^^^^^^^^ help: if this is intentional, prefix it with an underscore: `_ctx_hash`

warning: unused variable: `ctx_hash`
    --> misaka-palw-base0/src/fp_interval.rs:2008:9
     |
2008 |     let ctx_hash = ctx.context_hash();
     |         ^^^^^^^^ help: if this is intentional, prefix it with an underscore: `_ctx_hash`

warning: unused variable: `ctx_hash`
    --> misaka-palw-base0/src/fp_interval.rs:2186:9
     |
2186 |     let ctx_hash = ctx.context_hash();
     |         ^^^^^^^^ help: if this is intentional, prefix it with an underscore: `_ctx_hash`

warning: unused variable: `ctx_hash`
    --> misaka-palw-base0/src/fp_interval.rs:2425:13
     |
2425 |         let ctx_hash = ctx.context_hash();
     |             ^^^^^^^^ help: if this is intentional, prefix it with an underscore: `_ctx_hash`

warning: unused variable: `ctx_hash`
    --> misaka-palw-base0/src/fp_interval.rs:2456:9
     |
2456 |     let ctx_hash = ctx.context_hash();
     |         ^^^^^^^^ help: if this is intentional, prefix it with an underscore: `_ctx_hash`

warning: unused variable: `ctx_hash`
    --> misaka-palw-base0/src/fp_interval.rs:2905:13
     |
2905 |         let ctx_hash = ctx.context_hash();
     |             ^^^^^^^^ help: if this is intentional, prefix it with an underscore: `_ctx_hash`

warning: unused variable: `ctx_hash`
    --> misaka-palw-base0/src/fp_interval.rs:3107:9
     |
3107 |     let ctx_hash = ctx.context_hash();
     |         ^^^^^^^^ help: if this is intentional, prefix it with an underscore: `_ctx_hash`

warning: unused variable: `ctx_hash`
    --> misaka-palw-base0/src/fp_interval.rs:3282:9
     |
3282 |     let ctx_hash = ctx.context_hash();
     |         ^^^^^^^^ help: if this is intentional, prefix it with an underscore: `_ctx_hash`

warning: unused variable: `ctx_hash`
    --> misaka-palw-base0/src/fp_interval.rs:3558:9
     |
3558 |     let ctx_hash = ctx.context_hash();
     |         ^^^^^^^^ help: if this is intentional, prefix it with an underscore: `_ctx_hash`

warning: unused variable: `ctx_hash`
    --> misaka-palw-base0/src/fp_interval.rs:4310:9
     |
4310 |     let ctx_hash = binding.job_context.context_hash();
     |         ^^^^^^^^ help: if this is intentional, prefix it with an underscore: `_ctx_hash`

warning: unused variable: `ctx_hash`
    --> misaka-palw-base0/src/fp_interval.rs:4353:9
     |
4353 |     let ctx_hash = v4.binding.job_context.context_hash();
     |         ^^^^^^^^ help: if this is intentional, prefix it with an underscore: `_ctx_hash`

warning: unused variable: `ctx_hash`
    --> misaka-palw-base0/src/fp_interval.rs:4473:17
     |
4473 |             let ctx_hash = binding.job_context.context_hash();
     |                 ^^^^^^^^ help: if this is intentional, prefix it with an underscore: `_ctx_hash`

warning: unused variable: `ctx_hash`
    --> misaka-palw-base0/src/fp_interval.rs:4561:9
     |
4561 |     let ctx_hash = v4.binding.job_context.context_hash();
     |         ^^^^^^^^ help: if this is intentional, prefix it with an underscore: `_ctx_hash`

warning: unused variable: `ctx_hash`
    --> misaka-palw-base0/src/fp_interval.rs:4640:9
     |
4640 |     let ctx_hash = v4.binding.job_context.context_hash();
     |         ^^^^^^^^ help: if this is intentional, prefix it with an underscore: `_ctx_hash`

warning: unused variable: `ctx_hash`
   --> misaka-palw-base0/src/legs.rs:199:13
    |
199 |         let ctx_hash = ctx.context_hash();
    |             ^^^^^^^^ help: if this is intentional, prefix it with an underscore: `_ctx_hash`

warning: unused variable: `ctx_hash`
   --> misaka-palw-base0/src/legs.rs:437:9
    |
437 |     let ctx_hash = ctx.context_hash();
    |         ^^^^^^^^ help: if this is intentional, prefix it with an underscore: `_ctx_hash`

warning: unused variable: `ctx_hash`
    --> misaka-palw-base0/src/legs.rs:2056:9
     |
2056 |     let ctx_hash = ctx.context_hash();
     |         ^^^^^^^^ help: if this is intentional, prefix it with an underscore: `_ctx_hash`

warning: unused variable: `ctx_hash`
    --> misaka-palw-base0/src/produce.rs:1043:9
     |
1043 |     let ctx_hash = ctx.context_hash();
     |         ^^^^^^^^ help: if this is intentional, prefix it with an underscore: `_ctx_hash`

warning: unused variable: `ctx_hash`
    --> misaka-palw-base0/src/produce.rs:1351:9
     |
1351 |     let ctx_hash = binding.job_context.context_hash();
     |         ^^^^^^^^ help: if this is intentional, prefix it with an underscore: `_ctx_hash`

warning: unused variable: `ctx_hash`
    --> misaka-palw-base0/src/produce.rs:1734:9
     |
1734 |     let ctx_hash = ctx.context_hash();
     |         ^^^^^^^^ help: if this is intentional, prefix it with an underscore: `_ctx_hash`

warning: unused variable: `ctx_hash`
    --> misaka-palw-base0/src/qwen25_a16_backend.rs:2078:14
     |
2078 |         let (ctx_hash, profile_hash) = (ctx.context_hash(), profile.shape_profile_id());
     |              ^^^^^^^^ help: if this is intentional, prefix it with an underscore: `_ctx_hash`

warning: unused variable: `ctx_hash`
    --> misaka-palw-base0/src/qwen25_a16_backend.rs:2215:14
     |
2215 |         let (ctx_hash, profile_hash) = (ctx.context_hash(), profile.shape_profile_id());
     |              ^^^^^^^^ help: if this is intentional, prefix it with an underscore: `_ctx_hash`

warning: unused variable: `ctx_hash`
    --> misaka-palw-base0/src/qwen25_a16_backend.rs:4336:13
     |
4336 |         let ctx_hash = job.context_hash();
     |             ^^^^^^^^ help: if this is intentional, prefix it with an underscore: `_ctx_hash`

warning: unused variable: `ctx_hash`
    --> misaka-palw-base0/src/qwen25_a16_backend.rs:4386:9
     |
4386 |     let ctx_hash = binding.job_context.context_hash();
     |         ^^^^^^^^ help: if this is intentional, prefix it with an underscore: `_ctx_hash`

warning: unused variable: `ctx_hash`
    --> misaka-palw-base0/src/qwen36_backend.rs:2885:13
     |
2885 |         let ctx_hash = job.context_hash();
     |             ^^^^^^^^ help: if this is intentional, prefix it with an underscore: `_ctx_hash`

warning: unused variable: `ctx_hash`
    --> misaka-palw-base0/src/qwen36_backend.rs:2935:9
     |
2935 |     let ctx_hash = binding.job_context.context_hash();
     |         ^^^^^^^^ help: if this is intentional, prefix it with an underscore: `_ctx_hash`

warning: unused variable: `ctx_hash`
   --> misaka-palw-base0/src/segment_opening.rs:618:9
    |
618 |     let ctx_hash = job.context_hash();
    |         ^^^^^^^^ help: if this is intentional, prefix it with an underscore: `_ctx_hash`

warning: `misaka-palw-base0` (lib) generated 28 warnings (run `cargo fix --lib -p misaka-palw-base0` to apply 28 suggestions)
warning: value assigned to `out_node` is never read
   --> misaka-palw-tir-lower/src/lower/cross.rs:194:24
    |
194 |     let mut out_node = None;
    |                        ^^^^
    |
    = help: maybe it is overwritten before being read?
    = note: `#[warn(unused_assignments)]` (part of `#[warn(unused)]`) on by default

warning: `misaka-palw-tir-lower` (lib) generated 1 warning
warning: unused doc comment
   --> misaka-palw-sdk/src/tir_layout.rs:147:1
    |
147 | / /// **The search declare-layout runs**, over the gate `admit`: the logits tiles in order (the caller
148 | | /// has dropped any whose close is estimated past the carriage); for each, the history tile from
149 | | /// `h_chunk`, halved while the refusal is one a narrower history tile fixes; at each, the court's
150 | | /// checkpoint interval (`interval`), halved while the refusal is one a narrower interval fixes — for a
...   |
153 | | /// if none is, the first refusal (the widest logits tile and history tile, at the court's interval),
154 | | /// the one an operator acts on.
    | |_-------------------------------^
    |   |
    |   rustdoc does not generate documentation for macro invocations
    |
    = help: to document an item produced by a macro, the macro must produce the documentation as part of its expansion
    = note: `#[warn(unused_doc_comments)]` (part of `#[warn(unused)]`) on by default

warning: variable `routed_ok` is assigned to, but never used
   --> misaka-palw-sdk/src/preflight/model.rs:284:9
    |
284 |     let mut routed_ok = false;
    |         ^^^^^^^^^^^^^
    |
    = note: consider using `_routed_ok` instead
    = note: `#[warn(unused_variables)]` (part of `#[warn(unused)]`) on by default

warning: value assigned to `routed_ok` is never read
   --> misaka-palw-sdk/src/preflight/model.rs:345:13
    |
345 |             routed_ok = false;
    |             ^^^^^^^^^^^^^^^^^
    |
    = help: maybe it is overwritten before being read?
    = note: `#[warn(unused_assignments)]` (part of `#[warn(unused)]`) on by default

warning: value assigned to `routed_ok` is never read
   --> misaka-palw-sdk/src/preflight/model.rs:293:13
    |
293 |             routed_ok = true;
    |             ^^^^^^^^^^^^^^^^
    |
    = help: maybe it is overwritten before being read?

warning: `misaka-palw-sdk` (lib) generated 4 warnings
warning: unused imports: `PalwClassAdmissionCarriageV2` and `PalwPwuRuleV2`
  --> misaka-palw-remote/src/bundle.rs:43:103
   |
43 |     PALW_CLASS_REGISTRATION_BURN_SOMPI_V1, PALW_CLASS_REGISTRATION_V2_MLDSA87_CONTEXT, PalwBondKeyV2, PalwClassAdmissionCarriageV2,
   |                                                                                                       ^^^^^^^^^^^^^^^^^^^^^^^^^^^^
44 |     PalwConsensusObjectV2, PalwPwuRuleV2, palw_class_registration_message_v2,
   |                            ^^^^^^^^^^^^^
   |
   = note: `#[warn(unused_imports)]` (part of `#[warn(unused)]`) on by default

warning: `misaka-palw-remote` (lib) generated 1 warning (run `cargo fix --lib -p misaka-palw-remote` to apply 1 suggestion)
warning: unnecessary parentheses around closure body
     --> kaspad/src/palw_panel.rs:16186:77
      |
16186 |                     let Ok((returned, checked)) = offload(backend, move |b| (b.verify_prefix_state_v1(&job, &ids))).await else {
      |                                                                             ^                                    ^
      |
      = note: `#[warn(unused_parens)]` (part of `#[warn(unused)]`) on by default
help: remove these parentheses
      |
16186 -                     let Ok((returned, checked)) = offload(backend, move |b| (b.verify_prefix_state_v1(&job, &ids))).await else {
16186 +                     let Ok((returned, checked)) = offload(backend, move |b| b.verify_prefix_state_v1(&job, &ids)).await else {
      |

warning: unused imports: `PALW_ATTEMPT_V2_VERSION` and `challenge_v2`
  --> kaspad/src/palw_producer.rs:46:38
   |
46 |     PALW_ATTEMPT_V2_MLDSA87_CONTEXT, PALW_ATTEMPT_V2_VERSION, PALW_TICKET_NONCE_BUCKET_LOG2, PalwAttemptEnvelopeV2,
   |                                      ^^^^^^^^^^^^^^^^^^^^^^^
47 |     PalwAttemptUnsignedV2, attempt_id_v2, challenge_v2, class_ticket_v3,
   |                                           ^^^^^^^^^^^^
   |
   = note: `#[warn(unused_imports)]` (part of `#[warn(unused)]`) on by default

warning: unused variable: `network_domain`
   --> kaspad/src/palw_panel/gen_court.rs:273:9
    |
273 |         network_domain: Hash64,
    |         ^^^^^^^^^^^^^^ help: if this is intentional, prefix it with an underscore: `_network_domain`
    |
    = note: `#[warn(unused_variables)]` (part of `#[warn(unused)]`) on by default

warning: type `PalwImproveTamperV1` is more private than the item `PalwPanelConfig::improve_tamper`
    --> kaspad/src/palw_panel.rs:3931:5
     |
3931 |     pub improve_tamper: Option<crate::palw_improve_watch::PalwImproveTamperV1>,
     |     ^^^^^^^^^^^^^^^^^^^^^^^^^^^^^^^^^^^^^^^^^^^^^^^^^^^^^^^^^^^^^^^^^^^^^^^^^^ field `PalwPanelConfig::improve_tamper` is reachable at visibility `pub`
     |
note: but type `PalwImproveTamperV1` is only usable at visibility `pub(crate)`
    --> kaspad/src/palw_improve_watch.rs:321:1
     |
 321 | pub(crate) struct PalwImproveTamperV1 {
     | ^^^^^^^^^^^^^^^^^^^^^^^^^^^^^^^^^^^^^
     = note: `#[warn(private_interfaces)]` on by default

warning: field `0` is never read
   --> kaspad/src/palw_fraud_filer.rs:124:13
    |
124 |     Settled(PalwFilerPhaseV1),
    |     ------- ^^^^^^^^^^^^^^^^
    |     |
    |     field in this variant
    |
    = note: `PalwFraudFilerVerdictV1` has a derived impl for the trait `Clone`, but this is intentionally ignored during dead code analysis
    = note: `#[warn(dead_code)]` (part of `#[warn(unused)]`) on by default
help: consider changing the field to be of unit type to suppress this warning while preserving the field numbering, or remove the field
    |
124 -     Settled(PalwFilerPhaseV1),
124 +     Settled(()),
    |

warning: method `last_sealed_round` is never used
   --> kaspad/src/palw_panel/vertex.rs:115:19
    |
109 | impl PalwVertexBookV1 {
    | --------------------- method in this implementation
...
115 |     pub(crate) fn last_sealed_round(&self) -> Option<u64> {
    |                   ^^^^^^^^^^^^^^^^^

warning: method `totals_v1` is never used
   --> kaspad/src/palw_panel/sketch.rs:172:19
    |
141 | impl PalwSketchServiceV1 {
    | ------------------------ method in this implementation
...
172 |     pub(crate) fn totals_v1(&self) -> TirMirrorTotalsV1 {
    |                   ^^^^^^^^^

warning: field `claim` is never read
  --> kaspad/src/palw_panel/held_chunks.rs:58:9
   |
57 | pub(super) struct PalwHeldChunksV1 {
   |                   ---------------- field in this struct
58 |     pub claim: Hash64,
   |         ^^^^^
   |
   = note: `PalwHeldChunksV1` has derived impls for the traits `Debug` and `Clone`, but these are intentionally ignored during dead code analysis

warning: `kaspad` (lib test) generated 8 warnings (run `cargo fix --lib -p kaspad --tests` to apply 3 suggestions)
    Finished `test` profile [unoptimized + debuginfo] target(s) in 0.53s
     Running unittests src/lib.rs (/private/tmp/misaka-g14-review-20261010/34b6c3f5e/target/debug/deps/kaspad_lib-7d8fbaae022c6e79)

running 7 tests
test palw_panel::accepted_objects_walk_tests::a_missing_header_acceptance_block_or_parent_never_completes_a_history_page ... ok
test palw_panel::accepted_objects_walk_tests::paged_history_reads_every_block_even_when_daa_does_not_count_the_blocks ... ok
test palw_panel::accepted_objects_walk_tests::the_walk_visits_what_the_chain_accepted_newest_first_and_stops_at_the_height ... ok
test palw_panel::accepted_objects_walk_tests::the_filer_resumes_at_its_original_tip_and_restarts_backfill_after_a_reorg ... ok
test palw_panel::accepted_objects_walk_tests::the_fp_bootstrap_reads_only_the_recorded_accepted_commitment_and_pins_every_job_field ... ok
test palw_panel::accepted_objects_walk_tests::the_filer_reads_only_the_requested_authenticated_legacy_unit_from_public_history ... ok
test palw_panel::accepted_objects_walk_tests::the_held_reader_reaches_old_filings_before_publishing_and_restarts_on_a_fork ... ok

test result: ok. 7 passed; 0 failed; 0 ignored; 0 measured; 588 filtered out; finished in 1.69s

