2026-08-09 22:01:27.895+09:00 [INFO ] [kaspa-pq-validator] staking 2000000000 sompi as validator_id=27f58b41d8a8d47755075fdda7b44b3742085fd74ae17157604da1e9718ad810412bbd29ac53efa46c8f29e4cfd8fcee6659e7194aa0bf13b0a53eb8deb28313 (funding misakadev:q2h2lcdyxctz433svzyftmkret09lv2fxk0lr9dsm4w46gp7nchg9u7ffpcraqvy39e94c5nh8fyxh08pw0d3pawm4k4a03u6nks6a00tj7f4kum)
[kaspa-pq-validator] error: not enough MATURE funding at misakadev:q2h2lcdyxctz433svzyftmkret09lv2fxk0lr9dsm4w46gp7nchg9u7ffpcraqvy39e94c5nh8fyxh08pw0d3pawm4k4a03u6nks6a00tj7f4kum: have 0 sompi across 0 selected UTXO(s) (0 mature scanned, cap 20), need 2000272650 sompi (amount 2000000000 + fee 272650). Mine more to this address and wait for coinbase maturity (1000 blocks), or lower --amount.
2026-08-09 22:03:03.271+09:00 [INFO ] [kaspa-pq-validator] staking 2000000000 sompi as validator_id=27f58b41d8a8d47755075fdda7b44b3742085fd74ae17157604da1e9718ad810412bbd29ac53efa46c8f29e4cfd8fcee6659e7194aa0bf13b0a53eb8deb28313 (funding misakadev:q2h2lcdyxctz433svzyftmkret09lv2fxk0lr9dsm4w46gp7nchg9u7ffpcraqvy39e94c5nh8fyxh08pw0d3pawm4k4a03u6nks6a00tj7f4kum)
[kaspa-pq-validator] error: not enough MATURE funding at misakadev:q2h2lcdyxctz433svzyftmkret09lv2fxk0lr9dsm4w46gp7nchg9u7ffpcraqvy39e94c5nh8fyxh08pw0d3pawm4k4a03u6nks6a00tj7f4kum: have 0 sompi across 0 selected UTXO(s) (0 mature scanned, cap 20), need 2000272650 sompi (amount 2000000000 + fee 272650). Mine more to this address and wait for coinbase maturity (1000 blocks), or lower --amount.
2026-08-09 22:04:26.388+09:00 [INFO ] [kaspa-pq-validator] staking 2000000000 sompi as validator_id=27f58b41d8a8d47755075fdda7b44b3742085fd74ae17157604da1e9718ad810412bbd29ac53efa46c8f29e4cfd8fcee6659e7194aa0bf13b0a53eb8deb28313 (funding misakadev:q2h2lcdyxctz433svzyftmkret09lv2fxk0lr9dsm4w46gp7nchg9u7ffpcraqvy39e94c5nh8fyxh08pw0d3pawm4k4a03u6nks6a00tj7f4kum)
[kaspa-pq-validator] error: not enough MATURE funding at misakadev:q2h2lcdyxctz433svzyftmkret09lv2fxk0lr9dsm4w46gp7nchg9u7ffpcraqvy39e94c5nh8fyxh08pw0d3pawm4k4a03u6nks6a00tj7f4kum: have 0 sompi across 0 selected UTXO(s) (0 mature scanned, cap 20), need 2000272650 sompi (amount 2000000000 + fee 272650). Mine more to this address and wait for coinbase maturity (1000 blocks), or lower --amount.
2026-08-09 22:05:53.927+09:00 [INFO ] [kaspa-pq-validator] staking 2000000000 sompi as validator_id=27f58b41d8a8d47755075fdda7b44b3742085fd74ae17157604da1e9718ad810412bbd29ac53efa46c8f29e4cfd8fcee6659e7194aa0bf13b0a53eb8deb28313 (funding misakadev:q2h2lcdyxctz433svzyftmkret09lv2fxk0lr9dsm4w46gp7nchg9u7ffpcraqvy39e94c5nh8fyxh08pw0d3pawm4k4a03u6nks6a00tj7f4kum)
[kaspa-pq-validator] error: not enough MATURE funding at misakadev:q2h2lcdyxctz433svzyftmkret09lv2fxk0lr9dsm4w46gp7nchg9u7ffpcraqvy39e94c5nh8fyxh08pw0d3pawm4k4a03u6nks6a00tj7f4kum: have 0 sompi across 0 selected UTXO(s) (0 mature scanned, cap 20), need 2000272650 sompi (amount 2000000000 + fee 272650). Mine more to this address and wait for coinbase maturity (1000 blocks), or lower --amount.
2026-08-09 22:08:00.422+09:00 [INFO ] [kaspa-pq-validator] staking 2000000000 sompi as validator_id=27f58b41d8a8d47755075fdda7b44b3742085fd74ae17157604da1e9718ad810412bbd29ac53efa46c8f29e4cfd8fcee6659e7194aa0bf13b0a53eb8deb28313 (funding misakadev:q2h2lcdyxctz433svzyftmkret09lv2fxk0lr9dsm4w46gp7nchg9u7ffpcraqvy39e94c5nh8fyxh08pw0d3pawm4k4a03u6nks6a00tj7f4kum)
2026-08-09 22:08:00.431+09:00 [INFO ] [kaspa-pq-validator] funding bond from 9 mature UTXO(s) totalling 2067213375 sompi (fee 2003650 sompi, mass-based)
2026-08-09 22:08:00.433+09:00 [INFO ] [kaspa-pq-validator] submitted stake-bond tx (txid=be37e7c9fe2d50d438e656c45a054a2d0ee30105d24ac0be39c0a01dd57b18e7321b8822cf246dbfaa377a790de62399fcd77cb6dcafcc679733e2883741f019)
bond_outpoint: be37e7c9fe2d50d438e656c45a054a2d0ee30105d24ac0be39c0a01dd57b18e7321b8822cf246dbfaa377a790de62399fcd77cb6dcafcc679733e2883741f019:0
(once accepted + activation_daa_score reached, run: kaspa-pq-validator run --validator-key <key> --stake-bond be37e7c9fe2d50d438e656c45a054a2d0ee30105d24ac0be39c0a01dd57b18e7321b8822cf246dbfaa377a790de62399fcd77cb6dcafcc679733e2883741f019:0 --signed-epoch-db <db>)
2026-08-09 22:08:00.442+09:00 [INFO ] [kaspa-pq-validator] staking 2000000000 sompi as validator_id=e5d740aefce9958bb9b456536acacff111e7bb1bfbbed1d055b48fee072f1e9ac1de7624c9d764de07e750daf5726e39befb8a442fa6fe84d022e915d40fa418 (funding misakadev:qf5m69hf54xdtq53qlnkr2nk7n3yzed63cgy539em5tvgazhd39cutcuyftsef498lcy9zun4y0gefcsy20t9e4sepjs58nx99jhnyykmdacy3xf)
2026-08-09 22:08:00.451+09:00 [INFO ] [kaspa-pq-validator] funding bond from 9 mature UTXO(s) totalling 2067213375 sompi (fee 2003650 sompi, mass-based)
2026-08-09 22:08:00.454+09:00 [INFO ] [kaspa-pq-validator] submitted stake-bond tx (txid=92ad5105aeba2170b9c52c49598b1d95a5951900869e351c2182d94ad7a6af8028b3b4558df395faa55f31754dabaff191c7d1a053912ad94b2b1749832caee5)
bond_outpoint: 92ad5105aeba2170b9c52c49598b1d95a5951900869e351c2182d94ad7a6af8028b3b4558df395faa55f31754dabaff191c7d1a053912ad94b2b1749832caee5:0
(once accepted + activation_daa_score reached, run: kaspa-pq-validator run --validator-key <key> --stake-bond 92ad5105aeba2170b9c52c49598b1d95a5951900869e351c2182d94ad7a6af8028b3b4558df395faa55f31754dabaff191c7d1a053912ad94b2b1749832caee5:0 --signed-epoch-db <db>)
2026-08-09 22:08:00.462+09:00 [INFO ] [kaspa-pq-validator] staking 2000000000 sompi as validator_id=e2f3f5d235ba8fbea02522611d7e14a8cd977eab74777a1f8a0cada8160800ee137461e28c04b3521424dc090c14742ff4a119e35c1ae20d7dc2a6a3a85a2975 (funding misakadev:qgk9qne3xg7fefpndc7y6lcn7nckqzv5hgdehhurx4v5ets73vjd9gg8sg5j7ycwptfw4m6ttz39t9qk6emczn2ukuyhmu5l6uycn286va337ehx)
[kaspa-pq-validator] error: not enough MATURE funding at misakadev:qgk9qne3xg7fefpndc7y6lcn7nckqzv5hgdehhurx4v5ets73vjd9gg8sg5j7ycwptfw4m6ttz39t9qk6emczn2ukuyhmu5l6uycn286va337ehx: have 0 sompi across 0 selected UTXO(s) (0 mature scanned, cap 20), need 2000272650 sompi (amount 2000000000 + fee 272650). Mine more to this address and wait for coinbase maturity (1000 blocks), or lower --amount.
2026-08-09 22:09:37.829+09:00 [INFO ] [kaspa-pq-validator] staking 2000000000 sompi as validator_id=e2f3f5d235ba8fbea02522611d7e14a8cd977eab74777a1f8a0cada8160800ee137461e28c04b3521424dc090c14742ff4a119e35c1ae20d7dc2a6a3a85a2975 (funding misakadev:qgk9qne3xg7fefpndc7y6lcn7nckqzv5hgdehhurx4v5ets73vjd9gg8sg5j7ycwptfw4m6ttz39t9qk6emczn2ukuyhmu5l6uycn286va337ehx)
2026-08-09 22:09:37.839+09:00 [INFO ] [kaspa-pq-validator] funding bond from 9 mature UTXO(s) totalling 2067213375 sompi (fee 2003650 sompi, mass-based)
2026-08-09 22:09:37.842+09:00 [INFO ] [kaspa-pq-validator] submitted stake-bond tx (txid=64fcea0efd536145ce561fa66dc4f4c52b233f7328ba7d4ca1b6e0540c35c9fe16acb7eb5619ee8c8e2856f63fb6d0394a62ea940545ca25d5de5262e888a1b5)
bond_outpoint: 64fcea0efd536145ce561fa66dc4f4c52b233f7328ba7d4ca1b6e0540c35c9fe16acb7eb5619ee8c8e2856f63fb6d0394a62ea940545ca25d5de5262e888a1b5:0
(once accepted + activation_daa_score reached, run: kaspa-pq-validator run --validator-key <key> --stake-bond 64fcea0efd536145ce561fa66dc4f4c52b233f7328ba7d4ca1b6e0540c35c9fe16acb7eb5619ee8c8e2856f63fb6d0394a62ea940545ca25d5de5262e888a1b5:0 --signed-epoch-db <db>)
2026-08-09 22:09:37.853+09:00 [INFO ] [kaspa-pq-validator] staking 2000000000 sompi as validator_id=db30df932447de4f8443c301ee6ff68124d47e154c057bb79a58e7116c0fbcf8c1e2c53726f54672269345f004b6b10a49256c2d63c99bca1743b845c140c230 (funding misakadev:qf8r57xsfrfdmaya2stl2wysjd6cc68xvddv95pszxtue99hw7tguavmmqrt39jg7zn0dp7mwhlkyyyknl6x8fvdefm9g5m4fprz8w5ulchra6e2)
2026-08-09 22:09:37.863+09:00 [INFO ] [kaspa-pq-validator] funding bond from 9 mature UTXO(s) totalling 2067213375 sompi (fee 2003650 sompi, mass-based)
2026-08-09 22:09:37.866+09:00 [INFO ] [kaspa-pq-validator] submitted stake-bond tx (txid=4f3d2aae830fe6c1cc070777ab629745089224490466a97efb81ed4db27dd239e15cd9da4fda67308be5fa2fa515fead2e4e42a3a7b3e27e22ac92f94cc414bf)
bond_outpoint: 4f3d2aae830fe6c1cc070777ab629745089224490466a97efb81ed4db27dd239e15cd9da4fda67308be5fa2fa515fead2e4e42a3a7b3e27e22ac92f94cc414bf:0
(once accepted + activation_daa_score reached, run: kaspa-pq-validator run --validator-key <key> --stake-bond 4f3d2aae830fe6c1cc070777ab629745089224490466a97efb81ed4db27dd239e15cd9da4fda67308be5fa2fa515fead2e4e42a3a7b3e27e22ac92f94cc414bf:0 --signed-epoch-db <db>)
2026-08-09 22:09:37.874+09:00 [INFO ] [kaspa-pq-validator] staking 2000000000 sompi as validator_id=fc61569c056a235bdf4b867bf82e0cf9b962a3b81998e0d70d2cbbed78f6d8b53bc1e337a2d3d6d179e7064b6303bf3b64ab939f46fb79eb631b1e1c3dd23e96 (funding misakadev:qttx9vfrnxye6epur3jfm6hytwlhquy4rmd8mfl5vxw8yrx8rmy390nc8dj3kgjxud3kvl8e44pk28c8z77wmr58gy4cmmdlk2gwffp0gkhvcmrr)
2026-08-09 22:09:37.883+09:00 [INFO ] [kaspa-pq-validator] funding bond from 9 mature UTXO(s) totalling 2067213375 sompi (fee 2003650 sompi, mass-based)
2026-08-09 22:09:37.885+09:00 [INFO ] [kaspa-pq-validator] submitted stake-bond tx (txid=30291a9ab59d40ac03872894c406c119f54f3ca0f059e86131c8ed7c6a0f389cfa700ef1e9ce99fc44b23cd0c607312b18a9c9b0010dcf9e926e8ca7a369b8fd)
bond_outpoint: 30291a9ab59d40ac03872894c406c119f54f3ca0f059e86131c8ed7c6a0f389cfa700ef1e9ce99fc44b23cd0c607312b18a9c9b0010dcf9e926e8ca7a369b8fd:0
(once accepted + activation_daa_score reached, run: kaspa-pq-validator run --validator-key <key> --stake-bond 30291a9ab59d40ac03872894c406c119f54f3ca0f059e86131c8ed7c6a0f389cfa700ef1e9ce99fc44b23cd0c607312b18a9c9b0010dcf9e926e8ca7a369b8fd:0 --signed-epoch-db <db>)
