2026-08-09 22:52:00.295+09:00 [INFO ] [kaspa-pq-validator] staking 2000000000 sompi as validator_id=6454f1b45ba80a10146838c0ba365996e4fe327d965ba4835d71d1db6d55130b2657a0f56a4f6f24d9d82a481de420ec40dbc4636f9eaae9c5be49832fcebb6a (funding misakadev:qtd7hdgy4aw6hc4dfypftzj7wh7lwplq9dfwfpn9ll2csyrmt5x4rarf436w4ndqaz762x8g3802utmrkknsheg3l6lx0vz922a5lmr9kvn89n02)
[kaspa-pq-validator] error: not enough MATURE funding at misakadev:qtd7hdgy4aw6hc4dfypftzj7wh7lwplq9dfwfpn9ll2csyrmt5x4rarf436w4ndqaz762x8g3802utmrkknsheg3l6lx0vz922a5lmr9kvn89n02: have 0 sompi across 0 selected UTXO(s) (0 mature scanned, cap 20), need 2000272650 sompi (amount 2000000000 + fee 272650). Mine more to this address and wait for coinbase maturity (1000 blocks), or lower --amount.
2026-08-09 22:53:31.884+09:00 [INFO ] [kaspa-pq-validator] staking 2000000000 sompi as validator_id=6454f1b45ba80a10146838c0ba365996e4fe327d965ba4835d71d1db6d55130b2657a0f56a4f6f24d9d82a481de420ec40dbc4636f9eaae9c5be49832fcebb6a (funding misakadev:qtd7hdgy4aw6hc4dfypftzj7wh7lwplq9dfwfpn9ll2csyrmt5x4rarf436w4ndqaz762x8g3802utmrkknsheg3l6lx0vz922a5lmr9kvn89n02)
[kaspa-pq-validator] error: not enough MATURE funding at misakadev:qtd7hdgy4aw6hc4dfypftzj7wh7lwplq9dfwfpn9ll2csyrmt5x4rarf436w4ndqaz762x8g3802utmrkknsheg3l6lx0vz922a5lmr9kvn89n02: have 0 sompi across 0 selected UTXO(s) (0 mature scanned, cap 20), need 2000272650 sompi (amount 2000000000 + fee 272650). Mine more to this address and wait for coinbase maturity (1000 blocks), or lower --amount.
2026-08-09 22:54:51.900+09:00 [INFO ] [kaspa-pq-validator] staking 2000000000 sompi as validator_id=6454f1b45ba80a10146838c0ba365996e4fe327d965ba4835d71d1db6d55130b2657a0f56a4f6f24d9d82a481de420ec40dbc4636f9eaae9c5be49832fcebb6a (funding misakadev:qtd7hdgy4aw6hc4dfypftzj7wh7lwplq9dfwfpn9ll2csyrmt5x4rarf436w4ndqaz762x8g3802utmrkknsheg3l6lx0vz922a5lmr9kvn89n02)
[kaspa-pq-validator] error: not enough MATURE funding at misakadev:qtd7hdgy4aw6hc4dfypftzj7wh7lwplq9dfwfpn9ll2csyrmt5x4rarf436w4ndqaz762x8g3802utmrkknsheg3l6lx0vz922a5lmr9kvn89n02: have 0 sompi across 0 selected UTXO(s) (0 mature scanned, cap 20), need 2000272650 sompi (amount 2000000000 + fee 272650). Mine more to this address and wait for coinbase maturity (1000 blocks), or lower --amount.
2026-08-09 22:56:12.862+09:00 [INFO ] [kaspa-pq-validator] staking 2000000000 sompi as validator_id=6454f1b45ba80a10146838c0ba365996e4fe327d965ba4835d71d1db6d55130b2657a0f56a4f6f24d9d82a481de420ec40dbc4636f9eaae9c5be49832fcebb6a (funding misakadev:qtd7hdgy4aw6hc4dfypftzj7wh7lwplq9dfwfpn9ll2csyrmt5x4rarf436w4ndqaz762x8g3802utmrkknsheg3l6lx0vz922a5lmr9kvn89n02)
[kaspa-pq-validator] error: not enough MATURE funding at misakadev:qtd7hdgy4aw6hc4dfypftzj7wh7lwplq9dfwfpn9ll2csyrmt5x4rarf436w4ndqaz762x8g3802utmrkknsheg3l6lx0vz922a5lmr9kvn89n02: have 0 sompi across 0 selected UTXO(s) (0 mature scanned, cap 20), need 2000272650 sompi (amount 2000000000 + fee 272650). Mine more to this address and wait for coinbase maturity (1000 blocks), or lower --amount.
2026-08-09 22:58:32.099+09:00 [INFO ] [kaspa-pq-validator] staking 2000000000 sompi as validator_id=6454f1b45ba80a10146838c0ba365996e4fe327d965ba4835d71d1db6d55130b2657a0f56a4f6f24d9d82a481de420ec40dbc4636f9eaae9c5be49832fcebb6a (funding misakadev:qtd7hdgy4aw6hc4dfypftzj7wh7lwplq9dfwfpn9ll2csyrmt5x4rarf436w4ndqaz762x8g3802utmrkknsheg3l6lx0vz922a5lmr9kvn89n02)
2026-08-09 22:58:32.110+09:00 [INFO ] [kaspa-pq-validator] funding bond from 9 mature UTXO(s) totalling 2067213375 sompi (fee 2003650 sompi, mass-based)
2026-08-09 22:58:32.113+09:00 [INFO ] [kaspa-pq-validator] submitted stake-bond tx (txid=886ffda480c11cbdd7797fabeeccf43937c67e84bc3944a82467cae9a4d77af0bd16cd09c13f5b888b94d19b57919ce15443bc6af6bc3b01536a114131a5ddf4)
bond_outpoint: 886ffda480c11cbdd7797fabeeccf43937c67e84bc3944a82467cae9a4d77af0bd16cd09c13f5b888b94d19b57919ce15443bc6af6bc3b01536a114131a5ddf4:0
(once accepted + activation_daa_score reached, run: kaspa-pq-validator run --validator-key <key> --stake-bond 886ffda480c11cbdd7797fabeeccf43937c67e84bc3944a82467cae9a4d77af0bd16cd09c13f5b888b94d19b57919ce15443bc6af6bc3b01536a114131a5ddf4:0 --signed-epoch-db <db>)
2026-08-09 22:58:32.124+09:00 [INFO ] [kaspa-pq-validator] staking 2000000000 sompi as validator_id=21f2002802afb1ddd551e2467decce6e900cc5bf30059d6406bcaa06ce735453731bd8abc4f34b9cc7d2c0676e836b3e3ac170d63d98bd255efdc1df157cb8d3 (funding misakadev:q25wsp74fry360936xn3f83cnasd73q72w8ucemru4dqdpxusj70sj2ulwx744ptu59n5hn8vy45nhpgvmgdjxyv85wq44ryyrs0t3mcck0qfjds)
[kaspa-pq-validator] error: not enough MATURE funding at misakadev:q25wsp74fry360936xn3f83cnasd73q72w8ucemru4dqdpxusj70sj2ulwx744ptu59n5hn8vy45nhpgvmgdjxyv85wq44ryyrs0t3mcck0qfjds: have 0 sompi across 0 selected UTXO(s) (0 mature scanned, cap 20), need 2000272650 sompi (amount 2000000000 + fee 272650). Mine more to this address and wait for coinbase maturity (1000 blocks), or lower --amount.
2026-08-09 23:00:22.231+09:00 [INFO ] [kaspa-pq-validator] staking 2000000000 sompi as validator_id=21f2002802afb1ddd551e2467decce6e900cc5bf30059d6406bcaa06ce735453731bd8abc4f34b9cc7d2c0676e836b3e3ac170d63d98bd255efdc1df157cb8d3 (funding misakadev:q25wsp74fry360936xn3f83cnasd73q72w8ucemru4dqdpxusj70sj2ulwx744ptu59n5hn8vy45nhpgvmgdjxyv85wq44ryyrs0t3mcck0qfjds)
2026-08-09 23:00:22.241+09:00 [INFO ] [kaspa-pq-validator] funding bond from 9 mature UTXO(s) totalling 2067213375 sompi (fee 2003650 sompi, mass-based)
2026-08-09 23:00:22.243+09:00 [INFO ] [kaspa-pq-validator] submitted stake-bond tx (txid=62243ffd57ffbfce60654d14cd0f2f613d0f30744311ac00afbafa2032f35293f332e03fd338c14ef259cf68a163b69a4acc10ed4b5494b63d4e22d0d399ac55)
bond_outpoint: 62243ffd57ffbfce60654d14cd0f2f613d0f30744311ac00afbafa2032f35293f332e03fd338c14ef259cf68a163b69a4acc10ed4b5494b63d4e22d0d399ac55:0
(once accepted + activation_daa_score reached, run: kaspa-pq-validator run --validator-key <key> --stake-bond 62243ffd57ffbfce60654d14cd0f2f613d0f30744311ac00afbafa2032f35293f332e03fd338c14ef259cf68a163b69a4acc10ed4b5494b63d4e22d0d399ac55:0 --signed-epoch-db <db>)
2026-08-09 23:00:22.253+09:00 [INFO ] [kaspa-pq-validator] staking 2000000000 sompi as validator_id=511f9cae92c3d603383beab1149f738f3f9f453e90a64085c179597ea47562cfcdc4cd1228c3a775f8a81f12f1f7f5d6cde556c90532ba85aeaa9a62af5a930f (funding misakadev:qt9zx6cafet2fx9thcf2wcc0ngu9tc9zsxnjn2rkvtvcp9cvgyv6d50zz4jhyu07qnuav3wyqw4k7rgdmex6pkp429462wu23x8y2cgs7jt548aa)
2026-08-09 23:00:22.263+09:00 [INFO ] [kaspa-pq-validator] funding bond from 9 mature UTXO(s) totalling 2067213375 sompi (fee 2003650 sompi, mass-based)
2026-08-09 23:00:22.266+09:00 [INFO ] [kaspa-pq-validator] submitted stake-bond tx (txid=e69ca1686f43bf0fdca9d2d6d4f3c3ac8db2bb62aec2533b43dfb4b9590f1ace2f4097d5518c83652cc877ffeb9df120ec18b1150a9c0bcf3238742c35fa07ca)
bond_outpoint: e69ca1686f43bf0fdca9d2d6d4f3c3ac8db2bb62aec2533b43dfb4b9590f1ace2f4097d5518c83652cc877ffeb9df120ec18b1150a9c0bcf3238742c35fa07ca:0
(once accepted + activation_daa_score reached, run: kaspa-pq-validator run --validator-key <key> --stake-bond e69ca1686f43bf0fdca9d2d6d4f3c3ac8db2bb62aec2533b43dfb4b9590f1ace2f4097d5518c83652cc877ffeb9df120ec18b1150a9c0bcf3238742c35fa07ca:0 --signed-epoch-db <db>)
2026-08-09 23:00:22.275+09:00 [INFO ] [kaspa-pq-validator] staking 2000000000 sompi as validator_id=d51cfbd770799b5b09bbf40350c832757978d938c6e4bb3ecbaec6878891c852a85c238343100ef505584175a026cd04754e4c5647f54e54e0384b584df7d6a4 (funding misakadev:q268jp9xwvv9ecdmpnxq7ekz4puyxa720leas7xec7dqpq53dsh7q4kngr8jz0fcq9n06cltl3ew4uhk3y5eyvml3cdl6lvzem8h5rddzdvx5wqw)
2026-08-09 23:00:22.287+09:00 [INFO ] [kaspa-pq-validator] funding bond from 9 mature UTXO(s) totalling 2067213375 sompi (fee 2003650 sompi, mass-based)
2026-08-09 23:00:22.289+09:00 [INFO ] [kaspa-pq-validator] submitted stake-bond tx (txid=f55be2f8b7ba50fb84a0a8ad5ae662055674787e0d519b791f28c58cc9e14798b98339baab66cb30c6e299d1fc1098d60ee8b1b765126812bb2081122ab4b8b7)
bond_outpoint: f55be2f8b7ba50fb84a0a8ad5ae662055674787e0d519b791f28c58cc9e14798b98339baab66cb30c6e299d1fc1098d60ee8b1b765126812bb2081122ab4b8b7:0
(once accepted + activation_daa_score reached, run: kaspa-pq-validator run --validator-key <key> --stake-bond f55be2f8b7ba50fb84a0a8ad5ae662055674787e0d519b791f28c58cc9e14798b98339baab66cb30c6e299d1fc1098d60ee8b1b765126812bb2081122ab4b8b7:0 --signed-epoch-db <db>)
