
  misaminer v1.0.0  —  MISAKA (kaspa-pq) Layer-0 CPU miner
  ---------------------------------------------------------
  pool/node : 127.0.0.1:17110
  network   : devnet
  worker    : rig0
  threads   : 2

2026-08-09 22:47:37.619+09:00 [WARN ] --allow-burn: mining to an UNSPENDABLE placeholder (rewards are lost) — PoW smoke test only.
2026-08-09 22:47:37.620+09:00 [INFO ] [rig0] connected to 127.0.0.1:17110; mining network_id=devnet to misakadev:qgqqqqqqqqqqqqqqqqqqqqqqqqqqqqqqqqqqqqqqqqqqqqqqqqqqqqqqqqqqqqqqqqqqqqqqqqqqqqqqqqqqqqqqqqqqqqqqqqqqqqqqets69efd
2026-08-09 22:47:37.620+09:00 [INFO ] throttling block production to >= 1000 ms between blocks
2026-08-09 22:47:37.931+09:00 [INFO ] [rig0] mined block #1 (nonce=155876, daa_score=2814)
2026-08-09 22:47:41.261+09:00 [INFO ] [rig0] mined block #2 (nonce=9223372036856107462, daa_score=2815)
2026-08-09 22:47:42.791+09:00 [INFO ] [rig0] mined block #3 (nonce=284930, daa_score=2816)
2026-08-09 22:47:43.872+09:00 [INFO ] [rig0] mined block #4 (nonce=22522, daa_score=2817)
2026-08-09 22:47:44.972+09:00 [INFO ] [rig0] mined block #5 (nonce=9223372036854795287, daa_score=2818)
2026-08-09 22:47:46.020+09:00 [INFO ] [rig0] mined block #6 (nonce=3553, daa_score=2819)
2026-08-09 22:47:47.662+09:00 [INFO ] [rig0] mined block #7 (nonce=346056, daa_score=2820)
2026-08-09 22:47:49.501+09:00 [INFO ] [rig0] mined block #8 (nonce=463687, daa_score=2821)
2026-08-09 22:47:51.265+09:00 [INFO ] [rig0] mined block #9 (nonce=415201, daa_score=2822)
2026-08-09 22:47:52.616+09:00 [INFO ] [rig0] mined block #10 (nonce=168667, daa_score=2823)
2026-08-09 22:47:54.083+09:00 [INFO ] [rig0] mined block #11 (nonce=240308, daa_score=2824)
2026-08-09 22:47:55.235+09:00 [INFO ] [rig0] mined block #12 (nonce=64968, daa_score=2825)
2026-08-09 22:47:57.031+09:00 [INFO ] [rig0] mined block #13 (nonce=438447, daa_score=2826)
2026-08-09 22:47:59.334+09:00 [INFO ] [rig0] mined block #14 (nonce=731160, daa_score=2827)
2026-08-09 22:48:00.715+09:00 [INFO ] [rig0] mined block #15 (nonce=183881, daa_score=2828)
2026-08-09 22:48:01.763+09:00 [INFO ] [rig0] mined block #16 (nonce=10295, daa_score=2829)
2026-08-09 22:48:03.014+09:00 [INFO ] [rig0] mined block #17 (nonce=139881, daa_score=2832)
2026-08-09 22:48:05.371+09:00 [INFO ] [rig0] mined block #18 (nonce=764133, daa_score=2838)
2026-08-09 22:48:07.121+09:00 [INFO ] [rig0] mined block #19 (nonce=422513, daa_score=2845)
2026-08-09 22:48:08.249+09:00 [INFO ] [rig0] mined block #20 (nonce=55775, daa_score=2849)
2026-08-09 22:48:09.381+09:00 [INFO ] [rig0] mined block #21 (nonce=9223372036854833384, daa_score=2852)
2026-08-09 22:48:10.469+09:00 [INFO ] [rig0] mined block #22 (nonce=28897, daa_score=2855)
2026-08-09 22:48:12.959+09:00 [INFO ] [rig0] mined block #23 (nonce=9223372036855626260, daa_score=2856)
2026-08-09 22:48:14.301+09:00 [INFO ] [rig0] mined block #24 (nonce=9223372036854969769, daa_score=2864)
2026-08-09 22:48:15.496+09:00 [INFO ] [rig0] mined block #25 (nonce=108558, daa_score=2867)
2026-08-09 22:48:16.661+09:00 [INFO ] [rig0] mined block #26 (nonce=9223372036854853406, daa_score=2874)
2026-08-09 22:48:17.706+09:00 [INFO ] [rig0] mined block #27 (nonce=7988, daa_score=2877)
2026-08-09 22:48:19.404+09:00 [INFO ] [rig0] mined block #28 (nonce=9223372036855160421, daa_score=2879)
2026-08-09 22:48:20.447+09:00 [INFO ] [rig0] mined block #29 (nonce=7036, daa_score=2885)
2026-08-09 22:48:21.572+09:00 [INFO ] [rig0] mined block #30 (nonce=9223372036854808479, daa_score=2886)
2026-08-09 22:48:22.675+09:00 [INFO ] [rig0] mined block #31 (nonce=9223372036854817773, daa_score=2889)
2026-08-09 22:48:23.769+09:00 [INFO ] [rig0] mined block #32 (nonce=36701, daa_score=2893)
2026-08-09 22:48:25.131+09:00 [INFO ] [rig0] mined block #33 (nonce=9223372036854959679, daa_score=2894)
2026-08-09 22:48:26.985+09:00 [INFO ] [rig0] mined block #34 (nonce=487659, daa_score=2897)
2026-08-09 22:48:28.044+09:00 [INFO ] [rig0] mined block #35 (nonce=16830, daa_score=2903)
2026-08-09 22:48:29.189+09:00 [INFO ] [rig0] mined block #36 (nonce=9223372036854841445, daa_score=2906)
2026-08-09 22:48:30.407+09:00 [INFO ] [rig0] mined block #37 (nonce=9223372036854878618, daa_score=2907)
2026-08-09 22:48:31.831+09:00 [INFO ] [rig0] mined block #38 (nonce=186742, daa_score=2911)
2026-08-09 22:48:32.993+09:00 [INFO ] [rig0] mined block #39 (nonce=58393, daa_score=2915)
2026-08-09 22:48:34.426+09:00 [INFO ] [rig0] mined block #40 (nonce=9223372036854991961, daa_score=2921)
2026-08-09 22:48:35.570+09:00 [INFO ] [rig0] mined block #41 (nonce=59280, daa_score=2924)
2026-08-09 22:48:36.838+09:00 [INFO ] [rig0] mined block #42 (nonce=136151, daa_score=2926)
2026-08-09 22:48:37.936+09:00 [INFO ] [rig0] mined block #43 (nonce=9223372036854816336, daa_score=2928)
2026-08-09 22:48:39.149+09:00 [INFO ] [rig0] mined block #44 (nonce=9223372036854872997, daa_score=2929)
2026-08-09 22:48:40.930+09:00 [INFO ] [rig0] mined block #45 (nonce=427983, daa_score=2933)
2026-08-09 22:48:42.825+09:00 [INFO ] [rig0] mined block #46 (nonce=9223372036855286899, daa_score=2937)
2026-08-09 22:48:44.412+09:00 [INFO ] [rig0] mined block #47 (nonce=9223372036855097640, daa_score=2946)
2026-08-09 22:48:45.569+09:00 [INFO ] [rig0] mined block #48 (nonce=72260, daa_score=2949)
2026-08-09 22:48:46.681+09:00 [INFO ] [rig0] mined block #49 (nonce=9223372036854817398, daa_score=2951)
2026-08-09 22:48:48.431+09:00 [INFO ] [rig0] mined block #50 (nonce=9223372036855193193, daa_score=2954)
2026-08-09 22:48:49.870+09:00 [INFO ] [rig0] mined block #51 (nonce=9223372036855023832, daa_score=2959)
2026-08-09 22:48:50.958+09:00 [INFO ] [rig0] mined block #52 (nonce=34994, daa_score=2963)
2026-08-09 22:48:52.189+09:00 [INFO ] [rig0] mined block #53 (nonce=117398, daa_score=2965)
2026-08-09 22:48:53.459+09:00 [INFO ] [rig0] mined block #54 (nonce=9223372036854915913, daa_score=2969)
2026-08-09 22:48:54.556+09:00 [INFO ] [rig0] mined block #55 (nonce=9223372036854817370, daa_score=2973)
2026-08-09 22:48:57.610+09:00 [INFO ] [rig0] mined block #56 (nonce=1131471, daa_score=2976)
2026-08-09 22:48:59.149+09:00 [INFO ] [rig0] mined block #57 (nonce=9223372036855075950, daa_score=2981)
2026-08-09 22:49:00.548+09:00 [INFO ] [rig0] mined block #58 (nonce=210567, daa_score=2988)
2026-08-09 22:49:01.827+09:00 [INFO ] [rig0] mined block #59 (nonce=9223372036854911952, daa_score=2990)
2026-08-09 22:49:03.189+09:00 [INFO ] [rig0] mined block #60 (nonce=187592, daa_score=2994)
2026-08-09 22:49:04.243+09:00 [INFO ] [rig0] mined block #61 (nonce=16101, daa_score=3000)
2026-08-09 22:49:05.377+09:00 [INFO ] [rig0] mined block #62 (nonce=57639, daa_score=3003)
2026-08-09 22:49:07.471+09:00 [INFO ] [rig0] mined block #63 (nonce=9223372036855401342, daa_score=3007)
2026-08-09 22:49:08.859+09:00 [INFO ] [rig0] mined block #64 (nonce=209938, daa_score=3013)
2026-08-09 22:49:10.161+09:00 [INFO ] [rig0] mined block #65 (nonce=9223372036854931215, daa_score=3015)
2026-08-09 22:49:11.257+09:00 [INFO ] [rig0] mined block #66 (nonce=41829, daa_score=3020)
2026-08-09 22:49:13.805+09:00 [INFO ] [rig0] mined block #67 (nonce=9223372036855633150, daa_score=3023)
2026-08-09 22:49:15.058+09:00 [INFO ] [rig0] mined block #68 (nonce=142699, daa_score=3030)
2026-08-09 22:49:16.639+09:00 [INFO ] [rig0] mined block #69 (nonce=9223372036855095524, daa_score=3033)
2026-08-09 22:49:18.716+09:00 [INFO ] [rig0] mined block #70 (nonce=9223372036855394244, daa_score=3037)
