
running 3 tests
test palw_model_artifact_v2::tests::bounded_model_decoder_preserves_instance_wire_and_refuses_counts_and_legacy_rows ... ok
test palw_model_artifact_v2::tests::model_binding_identity_binds_every_scope_coordinate_and_reservation_uses_the_horizon ... ok
test palw_model_artifact_v2::tile_decoder_tests::bounded_model_tile_decoder_matches_wire_and_rejects_inventory_lengths_before_reading_body ... ok

test result: ok. 3 passed; 0 failed; 0 ignored; 0 measured; 3629 filtered out; finished in 0.00s


running 9 tests
test palw_onboarding_v1::tests::the_tables_are_the_allocated_ones_and_a_binding_reads_its_state_from_the_clock ... ok
test palw_onboarding_v1::tests::the_onboarding_object_tags_are_the_allocated_ones ... ok
test palw_onboarding_tile_v3::tests::attacker_lengths_are_refused_before_any_field_body_is_read ... ok
test palw_onboarding_tile_v3::tests::bounded_tile_wire_matches_kernel_leaf_at_all_dtype_widths ... ok
test palw_onboarding_v1::tests::the_envelope_names_the_fork_id_fired_digest_which_a_future_fence_does_not_move ... ok
test palw_onboarding_tile_v3::tests::authenticated_wrong_metadata_is_a_binding_fault_and_legacy_wire_is_unchanged ... ok
test palw_onboarding_tile_v3::tests::tile_court_authenticates_both_roots_and_refuses_copied_or_disjoint_coordinates ... ok
test palw_onboarding_tile_v3::tests::tile_court_compares_exact_byte_coordinates_across_ranks_widths_and_piece_boundaries ... ok
test palw_onboarding_tile_v3::tests::strided_column_tiles_use_exact_indices_and_convict_a_forged_column_root ... ok

test result: ok. 9 passed; 0 failed; 0 ignored; 0 measured; 3623 filtered out; finished in 2.06s


running 6 tests
test palw_opv_bootstrap_v1::tests::a_bootstrap_that_needs_the_beacon_closes_the_cycle_and_the_walk_says_so ... ok
test palw_opv_bootstrap_v1::tests::every_eligibility_reason_is_an_edge_of_the_graph_and_every_edge_a_reason ... ok
test palw_opv_bootstrap_v1::tests::the_graph_reaches_opv_from_genesis_only_through_the_complete_check ... ok
test palw_opv_bootstrap_v1::tests::every_reward_channel_names_the_bond_budget_it_draws_and_reserves_it_at_acceptance ... ok
test palw_opv_bootstrap_v1::tests::no_condition_of_opv_eligibility_the_beacon_or_the_reward_gate_depends_on_acquiring_a_model ... ok
test palw_opv_bootstrap_v1::tests::the_complete_check_policy_validates_and_draws_no_beacon ... ok

test result: ok. 6 passed; 0 failed; 0 ignored; 0 measured; 3626 filtered out; finished in 0.00s


running 1 test
test palw_lifecycle_objects_v2::tests::a2u::every_kernel_inner_kind_has_exactly_one_row ... ok

test result: ok. 1 passed; 0 failed; 0 ignored; 0 measured; 3631 filtered out; finished in 0.00s


running 1 test
test palw_lifecycle_objects_v2::tests::a2u::every_int12_wire_type_is_unchanged_or_classified ... ok

test result: ok. 1 passed; 0 failed; 0 ignored; 0 measured; 3631 filtered out; finished in 0.10s


running 1 test
test palw_lifecycle_objects_v2::tests::a2u::every_landed_kind_is_pinned_to_its_wire_form ... ok

test result: ok. 1 passed; 0 failed; 0 ignored; 0 measured; 3631 filtered out; finished in 0.14s


running 1 test
test palw_provider_court_v1::tests::the_fence_is_dormant_everywhere_hashed_when_set_and_refused_when_armed ... ok

test result: ok. 1 passed; 0 failed; 0 ignored; 0 measured; 3631 filtered out; finished in 0.00s


running 1 test
test palw_probabilistic_constraints_v1::tests::the_fence_is_dormant_everywhere_and_refused_when_armed ... ok

test result: ok. 1 passed; 0 failed; 0 ignored; 0 measured; 3631 filtered out; finished in 0.00s

